Archive member included to satisfy reference by file (symbol)

c:/intelfpga_lite/18.1/nios2eds/bin/gnu/h-x86_64-mingw32/bin/../lib/gcc/nios2-elf/5.3.0\libgcc.a(lib2-divmod.o)
                              obj/default/grayscale.o (__divsi3)
c:/intelfpga_lite/18.1/nios2eds/bin/gnu/h-x86_64-mingw32/bin/../lib/gcc/nios2-elf/5.3.0/../../../../../H-x86_64-mingw32/nios2-elf/lib\libc.a(lib_a-malloc.o)
                              obj/default/grayscale.o (malloc)
c:/intelfpga_lite/18.1/nios2eds/bin/gnu/h-x86_64-mingw32/bin/../lib/gcc/nios2-elf/5.3.0/../../../../../H-x86_64-mingw32/nios2-elf/lib\libc.a(lib_a-mallocr.o)
                              c:/intelfpga_lite/18.1/nios2eds/bin/gnu/h-x86_64-mingw32/bin/../lib/gcc/nios2-elf/5.3.0/../../../../../H-x86_64-mingw32/nios2-elf/lib\libc.a(lib_a-malloc.o) (_malloc_r)
c:/intelfpga_lite/18.1/nios2eds/bin/gnu/h-x86_64-mingw32/bin/../lib/gcc/nios2-elf/5.3.0/../../../../../H-x86_64-mingw32/nios2-elf/lib\libc.a(lib_a-printf.o)
                              obj/default/camera.o (printf)
c:/intelfpga_lite/18.1/nios2eds/bin/gnu/h-x86_64-mingw32/bin/../lib/gcc/nios2-elf/5.3.0/../../../../../H-x86_64-mingw32/nios2-elf/lib\libc.a(lib_a-puts.o)
                              obj/default/main.o (puts)
c:/intelfpga_lite/18.1/nios2eds/bin/gnu/h-x86_64-mingw32/bin/../lib/gcc/nios2-elf/5.3.0/../../../../../H-x86_64-mingw32/nios2-elf/lib\libc.a(lib_a-sbrkr.o)
                              c:/intelfpga_lite/18.1/nios2eds/bin/gnu/h-x86_64-mingw32/bin/../lib/gcc/nios2-elf/5.3.0/../../../../../H-x86_64-mingw32/nios2-elf/lib\libc.a(lib_a-mallocr.o) (_sbrk_r)
c:/intelfpga_lite/18.1/nios2eds/bin/gnu/h-x86_64-mingw32/bin/../lib/gcc/nios2-elf/5.3.0/../../../../../H-x86_64-mingw32/nios2-elf/lib\libc.a(lib_a-strlen.o)
                              c:/intelfpga_lite/18.1/nios2eds/bin/gnu/h-x86_64-mingw32/bin/../lib/gcc/nios2-elf/5.3.0/../../../../../H-x86_64-mingw32/nios2-elf/lib\libc.a(lib_a-puts.o) (strlen)
c:/intelfpga_lite/18.1/nios2eds/bin/gnu/h-x86_64-mingw32/bin/../lib/gcc/nios2-elf/5.3.0/../../../../../H-x86_64-mingw32/nios2-elf/lib\libc.a(lib_a-vfprintf.o)
                              c:/intelfpga_lite/18.1/nios2eds/bin/gnu/h-x86_64-mingw32/bin/../lib/gcc/nios2-elf/5.3.0/../../../../../H-x86_64-mingw32/nios2-elf/lib\libc.a(lib_a-printf.o) (___vfprintf_internal_r)
c:/intelfpga_lite/18.1/nios2eds/bin/gnu/h-x86_64-mingw32/bin/../lib/gcc/nios2-elf/5.3.0/../../../../../H-x86_64-mingw32/nios2-elf/lib\libc.a(lib_a-wsetup.o)
                              c:/intelfpga_lite/18.1/nios2eds/bin/gnu/h-x86_64-mingw32/bin/../lib/gcc/nios2-elf/5.3.0/../../../../../H-x86_64-mingw32/nios2-elf/lib\libc.a(lib_a-vfprintf.o) (__swsetup_r)
c:/intelfpga_lite/18.1/nios2eds/bin/gnu/h-x86_64-mingw32/bin/../lib/gcc/nios2-elf/5.3.0/../../../../../H-x86_64-mingw32/nios2-elf/lib\libc.a(lib_a-dtoa.o)
                              c:/intelfpga_lite/18.1/nios2eds/bin/gnu/h-x86_64-mingw32/bin/../lib/gcc/nios2-elf/5.3.0/../../../../../H-x86_64-mingw32/nios2-elf/lib\libc.a(lib_a-vfprintf.o) (_dtoa_r)
c:/intelfpga_lite/18.1/nios2eds/bin/gnu/h-x86_64-mingw32/bin/../lib/gcc/nios2-elf/5.3.0/../../../../../H-x86_64-mingw32/nios2-elf/lib\libc.a(lib_a-fflush.o)
                              c:/intelfpga_lite/18.1/nios2eds/bin/gnu/h-x86_64-mingw32/bin/../lib/gcc/nios2-elf/5.3.0/../../../../../H-x86_64-mingw32/nios2-elf/lib\libc.a(lib_a-vfprintf.o) (_fflush_r)
c:/intelfpga_lite/18.1/nios2eds/bin/gnu/h-x86_64-mingw32/bin/../lib/gcc/nios2-elf/5.3.0/../../../../../H-x86_64-mingw32/nios2-elf/lib\libc.a(lib_a-findfp.o)
                              c:/intelfpga_lite/18.1/nios2eds/bin/gnu/h-x86_64-mingw32/bin/../lib/gcc/nios2-elf/5.3.0/../../../../../H-x86_64-mingw32/nios2-elf/lib\libc.a(lib_a-puts.o) (__sinit)
c:/intelfpga_lite/18.1/nios2eds/bin/gnu/h-x86_64-mingw32/bin/../lib/gcc/nios2-elf/5.3.0/../../../../../H-x86_64-mingw32/nios2-elf/lib\libc.a(lib_a-freer.o)
                              c:/intelfpga_lite/18.1/nios2eds/bin/gnu/h-x86_64-mingw32/bin/../lib/gcc/nios2-elf/5.3.0/../../../../../H-x86_64-mingw32/nios2-elf/lib\libc.a(lib_a-malloc.o) (_free_r)
c:/intelfpga_lite/18.1/nios2eds/bin/gnu/h-x86_64-mingw32/bin/../lib/gcc/nios2-elf/5.3.0/../../../../../H-x86_64-mingw32/nios2-elf/lib\libc.a(lib_a-fvwrite.o)
                              c:/intelfpga_lite/18.1/nios2eds/bin/gnu/h-x86_64-mingw32/bin/../lib/gcc/nios2-elf/5.3.0/../../../../../H-x86_64-mingw32/nios2-elf/lib\libc.a(lib_a-puts.o) (__sfvwrite_r)
c:/intelfpga_lite/18.1/nios2eds/bin/gnu/h-x86_64-mingw32/bin/../lib/gcc/nios2-elf/5.3.0/../../../../../H-x86_64-mingw32/nios2-elf/lib\libc.a(lib_a-fwalk.o)
                              c:/intelfpga_lite/18.1/nios2eds/bin/gnu/h-x86_64-mingw32/bin/../lib/gcc/nios2-elf/5.3.0/../../../../../H-x86_64-mingw32/nios2-elf/lib\libc.a(lib_a-findfp.o) (_fwalk)
c:/intelfpga_lite/18.1/nios2eds/bin/gnu/h-x86_64-mingw32/bin/../lib/gcc/nios2-elf/5.3.0/../../../../../H-x86_64-mingw32/nios2-elf/lib\libc.a(lib_a-impure.o)
[...]
Memory Configuration

Name             Origin             Length             Attributes
reset            0x0000000000000000 0x0000000000000020
sdram_ctrl       0x0000000000000020 0x0000000000ffffe0
*default*        0x0000000000000000 0xffffffffffffffff

Linker script and memory map

LOAD C:/Users/nicis/HESSO/MSc_ElE/TSM_EmbHardw/Labs/Lab_04/mse_demo/software/sobel_bsp//obj/HAL/src/crt0.o
LOAD obj/default/camera.o
LOAD obj/default/dipswitch.o
LOAD obj/default/grayscale.o
LOAD obj/default/i2c.o
LOAD obj/default/lcd_simple.o
LOAD obj/default/main.o
LOAD obj/default/sobel.o
LOAD obj/default/vga.o
LOAD c:/intelfpga_lite/18.1/nios2eds/bin/gnu/h-x86_64-mingw32/bin/../lib/gcc/nios2-elf/5.3.0/../../../../../H-x86_64-mingw32/nios2-elf/lib\libstdc++.a
LOAD c:/intelfpga_lite/18.1/nios2eds/bin/gnu/h-x86_64-mingw32/bin/../lib/gcc/nios2-elf/5.3.0/../../../../../H-x86_64-mingw32/nios2-elf/lib\libm.a
LOAD c:/intelfpga_lite/18.1/nios2eds/bin/gnu/h-x86_64-mingw32/bin/../lib/gcc/nios2-elf/5.3.0\libgcc.a
START GROUP
LOAD c:/intelfpga_lite/18.1/nios2eds/bin/gnu/h-x86_64-mingw32/bin/../lib/gcc/nios2-elf/5.3.0/../../../../../H-x86_64-mingw32/nios2-elf/lib\libc.a
LOAD c:/intelfpga_lite/18.1/nios2eds/bin/gnu/h-x86_64-mingw32/bin/../lib/gcc/nios2-elf/5.3.0\libgcc.a
LOAD C:/Users/nicis/HESSO/MSc_ElE/TSM_EmbHardw/Labs/Lab_04/mse_demo/software/sobel_bsp/\libhal_bsp.a
LOAD c:/intelfpga_lite/18.1/nios2eds/bin/gnu/h-x86_64-mingw32/bin/../lib/gcc/nios2-elf/5.3.0/../../../../../H-x86_64-mingw32/nios2-elf/lib\libm.a
END GROUP
LOAD c:/intelfpga_lite/18.1/nios2eds/bin/gnu/h-x86_64-mingw32/bin/../lib/gcc/nios2-elf/5.3.0\libgcc.a
                0x0000000000000000                __alt_mem_sdram_ctrl = 0x0

.entry          0x0000000000000000       0x20
 *(.entry)
 .entry         0x0000000000000000       0x20 C:/Users/nicis/HESSO/MSc_ElE/TSM_EmbHardw/Labs/Lab_04/mse_demo/software/sobel_bsp//obj/HAL/src/crt0.o
                0x0000000000000000                __reset

.exceptions     0x0000000000000020      0x224
                0x0000000000000020                PROVIDE (__ram_exceptions_start, ABSOLUTE (.))
                0x0000000000000020                . = ALIGN (0x20)
 *(.irq)
 *(.exceptions.entry.label)
 .exceptions.entry.label
                0x0000000000000020        0x0 C:/Users/nicis/HESSO/MSc_ElE/TSM_EmbHardw/Labs/Lab_04/mse_demo/software/sobel_bsp/\libhal_bsp.a(alt_irq_entry.o)
                0x0000000000000020                alt_irq_entry
 .exceptions.entry.label
                0x0000000000000020        0x0 C:/Users/nicis/HESSO/MSc_ElE/TSM_EmbHardw/Labs/Lab_04/mse_demo/software/sobel_bsp/\libhal_bsp.a(alt_exception_entry.o)
                0x0000000000000020                alt_exception
 *(.exceptions.entry.user)
 *(.exceptions.entry.ecc_fatal)
 *(.exceptions.entry)
 .exceptions.entry
                0x0000000000000020       0x54 C:/Users/nicis/HESSO/MSc_ElE/TSM_EmbHardw/Labs/Lab_04/mse_demo/software/sobel_bsp/\libhal_bsp.a(alt_exception_entry.o)
 *(.exceptions.irqtest.user)
 *(.exceptions.irqtest)
 .exceptions.irqtest
                0x0000000000000074       0x10 C:/Users/nicis/HESSO/MSc_ElE/TSM_EmbHardw/Labs/Lab_04/mse_demo/software/sobel_bsp/\libhal_bsp.a(alt_irq_entry.o)
 *(.exceptions.irqhandler.user)
 *(.exceptions.irqhandler)
 .exceptions.irqhandler
                0x0000000000000084        0x4 C:/Users/nicis/HESSO/MSc_ElE/TSM_EmbHardw/Labs/Lab_04/mse_demo/software/sobel_bsp/\libhal_bsp.a(alt_irq_entry.o)
 *(.exceptions.irqreturn.user)
 *(.exceptions.irqreturn)
 .exceptions.irqreturn
                0x0000000000000088        0x4 C:/Users/nicis/HESSO/MSc_ElE/TSM_EmbHardw/Labs/Lab_04/mse_demo/software/sobel_bsp/\libhal_bsp.a(alt_irq_entry.o)
 *(.exceptions.notirq.label)
 .exceptions.notirq.label
                0x000000000000008c        0x0 C:/Users/nicis/HESSO/MSc_ElE/TSM_EmbHardw/Labs/Lab_04/mse_demo/software/sobel_bsp/\libhal_bsp.a(alt_irq_entry.o)
 *(.exceptions.notirq.user)
 *(.exceptions.notirq)
 .exceptions.notirq
                0x000000000000008c        0x8 C:/Users/nicis/HESSO/MSc_ElE/TSM_EmbHardw/Labs/Lab_04/mse_demo/software/sobel_bsp/\libhal_bsp.a(alt_exception_entry.o)
 *(.exceptions.soft.user)
 *(.exceptions.soft)
 *(.exceptions.unknown.user)
 *(.exceptions.unknown)
 .exceptions.unknown
                0x0000000000000094       0x14 C:/Users/nicis/HESSO/MSc_ElE/TSM_EmbHardw/Labs/Lab_04/mse_demo/software/sobel_bsp/\libhal_bsp.a(alt_exception_entry.o)
 *(.exceptions.exit.label)
 .exceptions.exit.label
                0x00000000000000a8        0x0 C:/Users/nicis/HESSO/MSc_ElE/TSM_EmbHardw/Labs/Lab_04/mse_demo/software/sobel_bsp/\libhal_bsp.a(alt_irq_entry.o)
 .exceptions.exit.label
                0x00000000000000a8        0x0 C:/Users/nicis/HESSO/MSc_ElE/TSM_EmbHardw/Labs/Lab_04/mse_demo/software/sobel_bsp/\libhal_bsp.a(alt_exception_entry.o)
 *(.exceptions.exit.user)
 *(.exceptions.exit)
 .exceptions.exit
                0x00000000000000a8       0x54 C:/Users/nicis/HESSO/MSc_ElE/TSM_EmbHardw/Labs/Lab_04/mse_demo/software/sobel_bsp/\libhal_bsp.a(alt_exception_entry.o)
 *(.exceptions)
 .exceptions    0x00000000000000fc       0xd4 C:/Users/nicis/HESSO/MSc_ElE/TSM_EmbHardw/Labs/Lab_04/mse_demo/software/sobel_bsp/\libhal_bsp.a(alt_irq_handler.o)
                0x00000000000000fc                alt_irq_handler
 .exceptions    0x00000000000001d0       0x74 C:/Users/nicis/HESSO/MSc_ElE/TSM_EmbHardw/Labs/Lab_04/mse_demo/software/sobel_bsp/\libhal_bsp.a(alt_instruction_exception_entry.o)
                0x00000000000001d0                alt_instruction_exception_entry
                0x0000000000000244                PROVIDE (__ram_exceptions_end, ABSOLUTE (.))
                0x0000000000000020                PROVIDE (__flash_exceptions_start, LOADADDR (.exceptions))

.text           0x0000000000000244    0x11bc0
                [!provide]                        PROVIDE (stext, ABSOLUTE (.))
 *(.interp)
 *(.hash)
 *(.dynsym)
 *(.dynstr)
 *(.gnu.version)
 *(.gnu.version_d)
 *(.gnu.version_r)
 *(.rel.init)
 *(.rela.init)
 *(.rel.text .rel.text.* .rel.gnu.linkonce.t.*)
 *(.rela.text .rela.text.* .rela.gnu.linkonce.t.*)
 *(.rel.fini)
 *(.rela.fini)
 *(.rel.rodata .rel.rodata.* .rel.gnu.linkonce.r.*)
 *(.rela.rodata .rela.rodata.* .rela.gnu.linkonce.r.*)
 *(.rel.data .rel.data.* .rel.gnu.linkonce.d.*)
 *(.rela.data .rela.data.* .rela.gnu.linkonce.d.*)
 *(.rel.tdata .rel.tdata.* .rel.gnu.linkonce.td.*)
 *(.rela.tdata .rela.tdata.* .rela.gnu.linkonce.td.*)
 *(.rel.tbss .rel.tbss.* .rel.gnu.linkonce.tb.*)
 *(.rela.tbss .rela.tbss.* .rela.gnu.linkonce.tb.*)
 *(.rel.ctors)
 *(.rela.ctors)
 *(.rel.dtors)
 *(.rela.dtors)
 *(.rel.got)
 *(.rela.got)
 *(.rel.sdata .rel.sdata.* .rel.gnu.linkonce.s.*)
 *(.rela.sdata .rela.sdata.* .rela.gnu.linkonce.s.*)
 *(.rel.sbss .rel.sbss.* .rel.gnu.linkonce.sb.*)
 *(.rela.sbss .rela.sbss.* .rela.gnu.linkonce.sb.*)
 *(.rel.sdata2 .rel.sdata2.* .rel.gnu.linkonce.s2.*)
 *(.rela.sdata2 .rela.sdata2.* .rela.gnu.linkonce.s2.*)
 *(.rel.sbss2 .rel.sbss2.* .rel.gnu.linkonce.sb2.*)
 *(.rela.sbss2 .rela.sbss2.* .rela.gnu.linkonce.sb2.*)
 *(.rel.bss .rel.bss.* .rel.gnu.linkonce.b.*)
 *(.rela.bss .rela.bss.* .rela.gnu.linkonce.b.*)
 *(.rel.plt)
 *(.rela.plt)
 *(.rel.dyn)
 *(.init)
 *(.plt)
 *(.text .stub .text.* .gnu.linkonce.t.*)
 .text          0x0000000000000244       0x3c C:/Users/nicis/HESSO/MSc_ElE/TSM_EmbHardw/Labs/Lab_04/mse_demo/software/sobel_bsp//obj/HAL/src/crt0.o
                0x0000000000000244                _start
 .text          0x0000000000000280      0x804 obj/default/camera.o
                0x0000000000000280                init_camera
                0x0000000000000764                cam_get_xsize
                0x00000000000007b0                cam_get_ysize
                0x00000000000007fc                cam_get_profiling
                0x00000000000008a4                cam_set_image_pointer
                0x000000000000094c                current_image_valid
                0x0000000000000984                current_image_pointer
                0x00000000000009ac                take_picture_blocking
                0x00000000000009fc                enable_continues_mode
                0x0000000000000a2c                new_image_available
 .text          0x0000000000000a84       0x30 obj/default/dipswitch.o
                0x0000000000000a84                DIPSW_get_value
 .text          0x0000000000000ab4      0x1dc obj/default/grayscale.o
                0x0000000000000ab4                conv_grayscale
                0x0000000000000c30                get_grayscale_width
                0x0000000000000c50                get_grayscale_height
                0x0000000000000c70                get_grayscale_picture
 .text          0x0000000000000c90      0x214 obj/default/i2c.o
                0x0000000000000c90                i2c_busy_wait
                0x0000000000000ccc                i2c_auto_detect
                0x0000000000000d80                i2c_short_read
                0x0000000000000e20                i2c_short_write
 .text          0x0000000000000ea4      0x434 obj/default/lcd_simple.o
                0x0000000000000ea4                LCD_Write_Command
                0x0000000000000ee8                LCD_Write_Data
                0x0000000000000f2c                init_LCD
                0x000000000000116c                transfer_LCD_no_dma
                0x0000000000001210                transfer_LCD_with_dma
 .text          0x00000000000012d8      0xd24 obj/default/main.o
                0x00000000000012d8                main
 .text          0x0000000000001ffc      0xa14 obj/default/sobel.o
                0x0000000000001ffc                init_sobel_arrays
                0x000000000000216c                sobel_mac
                0x00000000000024b4                sobel_x
                0x000000000000257c                sobel_x_with_rgb
                0x00000000000026b8                sobel_y
                0x0000000000002780                sobel_y_with_rgb
                0x00000000000028bc                sobel_threshold
                0x00000000000029d0                GetSobel_rgb
                0x00000000000029f0                GetSobelResult
 .text          0x0000000000002a10       0x6c obj/default/vga.o
                0x0000000000002a10                vga_set_pointer
                0x0000000000002a44                vga_set_swap
 .text          0x0000000000002a7c      0x1b4 c:/intelfpga_lite/18.1/nios2eds/bin/gnu/h-x86_64-mingw32/bin/../lib/gcc/nios2-elf/5.3.0\libgcc.a(lib2-divmod.o)
                0x0000000000002a7c                __divsi3
                0x0000000000002b00                __modsi3
                0x0000000000002b74                __udivsi3
                0x0000000000002bd8                __umodsi3
 .text          0x0000000000002c30        0x0 c:/intelfpga_lite/18.1/nios2eds/bin/gnu/h-x86_64-mingw32/bin/../lib/gcc/nios2-elf/5.3.0/../../../../../H-x86_64-mingw32/nios2-elf/lib\libc.a(lib_a-malloc.o)
 .text.malloc   0x0000000000002c30       0x14 c:/intelfpga_lite/18.1/nios2eds/bin/gnu/h-x86_64-mingw32/bin/../lib/gcc/nios2-elf/5.3.0/../../../../../H-x86_64-mingw32/nios2-elf/lib\libc.a(lib_a-malloc.o)
                0x0000000000002c30                malloc
 .text.free     0x0000000000002c44       0x14 c:/intelfpga_lite/18.1/nios2eds/bin/gnu/h-x86_64-mingw32/bin/../lib/gcc/nios2-elf/5.3.0/../../../../../H-x86_64-mingw32/nios2-elf/lib\libc.a(lib_a-malloc.o)
                0x0000000000002c44                free
 .text          0x0000000000002c58        0x0 c:/intelfpga_lite/18.1/nios2eds/bin/gnu/h-x86_64-mingw32/bin/../lib/gcc/nios2-elf/5.3.0/../../../../../H-x86_64-mingw32/nios2-elf/lib\libc.a(lib_a-mallocr.o)
 .text._malloc_r
                0x0000000000002c58      0x80c c:/intelfpga_lite/18.1/nios2eds/bin/gnu/h-x86_64-mingw32/bin/../lib/gcc/nios2-elf/5.3.0/../../../../../H-x86_64-mingw32/nios2-elf/lib\libc.a(lib_a-mallocr.o)
                0x0000000000002c58                _malloc_r
 .text          0x0000000000003464        0x0 c:/intelfpga_lite/18.1/nios2eds/bin/gnu/h-x86_64-mingw32/bin/../lib/gcc/nios2-elf/5.3.0/../../../../../H-x86_64-mingw32/nios2-elf/lib\libc.a(lib_a-printf.o)
 .text._printf_r
                0x0000000000003464       0x30 c:/intelfpga_lite/18.1/nios2eds/bin/gnu/h-x86_64-mingw32/bin/../lib/gcc/nios2-elf/5.3.0/../../../../../H-x86_64-mingw32/nios2-elf/lib\libc.a(lib_a-printf.o)
                0x0000000000003464                _printf_r
 .text.printf   0x0000000000003494       0x3c c:/intelfpga_lite/18.1/nios2eds/bin/gnu/h-x86_64-mingw32/bin/../lib/gcc/nios2-elf/5.3.0/../../../../../H-x86_64-mingw32/nios2-elf/lib\libc.a(lib_a-printf.o)
                0x0000000000003494                printf
 .text          0x00000000000034d0        0x0 c:/intelfpga_lite/18.1/nios2eds/bin/gnu/h-x86_64-mingw32/bin/../lib/gcc/nios2-elf/5.3.0/../../../../../H-x86_64-mingw32/nios2-elf/lib\libc.a(lib_a-puts.o)
 .text._puts_r  0x00000000000034d0       0xc0 c:/intelfpga_lite/18.1/nios2eds/bin/gnu/h-x86_64-mingw32/bin/../lib/gcc/nios2-elf/5.3.0/../../../../../H-x86_64-mingw32/nios2-elf/lib\libc.a(lib_a-puts.o)
                0x00000000000034d0                _puts_r
 .text.puts     0x0000000000003590       0x14 c:/intelfpga_lite/18.1/nios2eds/bin/gnu/h-x86_64-mingw32/bin/../lib/gcc/nios2-elf/5.3.0/../../../../../H-x86_64-mingw32/nios2-elf/lib\libc.a(lib_a-puts.o)
                0x0000000000003590                puts
 .text          0x00000000000035a4        0x0 c:/intelfpga_lite/18.1/nios2eds/bin/gnu/h-x86_64-mingw32/bin/../lib/gcc/nios2-elf/5.3.0/../../../../../H-x86_64-mingw32/nios2-elf/lib\libc.a(lib_a-sbrkr.o)
 .text._sbrk_r  0x00000000000035a4       0x54 c:/intelfpga_lite/18.1/nios2eds/bin/gnu/h-x86_64-mingw32/bin/../lib/gcc/nios2-elf/5.3.0/../../../../../H-x86_64-mingw32/nios2-elf/lib\libc.a(lib_a-sbrkr.o)
                0x00000000000035a4                _sbrk_r
 .text          0x00000000000035f8        0x0 c:/intelfpga_lite/18.1/nios2eds/bin/gnu/h-x86_64-mingw32/bin/../lib/gcc/nios2-elf/5.3.0/../../../../../H-x86_64-mingw32/nios2-elf/lib\libc.a(lib_a-strlen.o)
 .text.strlen   0x00000000000035f8       0x98 c:/intelfpga_lite/18.1/nios2eds/bin/gnu/h-x86_64-mingw32/bin/../lib/gcc/nios2-elf/5.3.0/../../../../../H-x86_64-mingw32/nios2-elf/lib\libc.a(lib_a-strlen.o)
                0x00000000000035f8                strlen
 .text          0x0000000000003690        0x0 c:/intelfpga_lite/18.1/nios2eds/bin/gnu/h-x86_64-mingw32/bin/../lib/gcc/nios2-elf/5.3.0/../../../../../H-x86_64-mingw32/nios2-elf/lib\libc.a(lib_a-vfprintf.o)
 .text.___vfprintf_internal_r
                0x0000000000003690     0x21f8 c:/intelfpga_lite/18.1/nios2eds/bin/gnu/h-x86_64-mingw32/bin/../lib/gcc/nios2-elf/5.3.0/../../../../../H-x86_64-mingw32/nios2-elf/lib\libc.a(lib_a-vfprintf.o)
                0x0000000000003690                ___vfprintf_internal_r
 .text.__vfprintf_internal
                0x0000000000005888       0x1c c:/intelfpga_lite/18.1/nios2eds/bin/gnu/h-x86_64-mingw32/bin/../lib/gcc/nios2-elf/5.3.0/../../../../../H-x86_64-mingw32/nios2-elf/lib\libc.a(lib_a-vfprintf.o)
                0x0000000000005888                __vfprintf_internal
 .text.__sbprintf
                0x00000000000058a4       0xbc c:/intelfpga_lite/18.1/nios2eds/bin/gnu/h-x86_64-mingw32/bin/../lib/gcc/nios2-elf/5.3.0/../../../../../H-x86_64-mingw32/nios2-elf/lib\libc.a(lib_a-vfprintf.o)
 .text          0x0000000000005960        0x0 c:/intelfpga_lite/18.1/nios2eds/bin/gnu/h-x86_64-mingw32/bin/../lib/gcc/nios2-elf/5.3.0/../../../../../H-x86_64-mingw32/nios2-elf/lib\libc.a(lib_a-wsetup.o)
 .text.__swsetup_r
                0x0000000000005960      0x154 c:/intelfpga_lite/18.1/nios2eds/bin/gnu/h-x86_64-mingw32/bin/../lib/gcc/nios2-elf/5.3.0/../../../../../H-x86_64-mingw32/nios2-elf/lib\libc.a(lib_a-wsetup.o)
                0x0000000000005960                __swsetup_r
 .text          0x0000000000005ab4        0x0 c:/intelfpga_lite/18.1/nios2eds/bin/gnu/h-x86_64-mingw32/bin/../lib/gcc/nios2-elf/5.3.0/../../../../../H-x86_64-mingw32/nios2-elf/lib\libc.a(lib_a-dtoa.o)
 .text.quorem   0x0000000000005ab4      0x200 c:/intelfpga_lite/18.1/nios2eds/bin/gnu/h-x86_64-mingw32/bin/../lib/gcc/nios2-elf/5.3.0/../../../../../H-x86_64-mingw32/nios2-elf/lib\libc.a(lib_a-dtoa.o)
 .text._dtoa_r  0x0000000000005cb4     0x1688 c:/intelfpga_lite/18.1/nios2eds/bin/gnu/h-x86_64-mingw32/bin/../lib/gcc/nios2-elf/5.3.0/../../../../../H-x86_64-mingw32/nios2-elf/lib\libc.a(lib_a-dtoa.o)
                0x0000000000005cb4                _dtoa_r
 .text          0x000000000000733c        0x0 c:/intelfpga_lite/18.1/nios2eds/bin/gnu/h-x86_64-mingw32/bin/../lib/gcc/nios2-elf/5.3.0/../../../../../H-x86_64-mingw32/nios2-elf/lib\libc.a(lib_a-fflush.o)
 .text.__sflush_r
                0x000000000000733c      0x21c c:/intelfpga_lite/18.1/nios2eds/bin/gnu/h-x86_64-mingw32/bin/../lib/gcc/nios2-elf/5.3.0/../../../../../H-x86_64-mingw32/nios2-elf/lib\libc.a(lib_a-fflush.o)
                0x000000000000733c                __sflush_r
 .text._fflush_r
                0x0000000000007558       0x5c c:/intelfpga_lite/18.1/nios2eds/bin/gnu/h-x86_64-mingw32/bin/../lib/gcc/nios2-elf/5.3.0/../../../../../H-x86_64-mingw32/nios2-elf/lib\libc.a(lib_a-fflush.o)
                0x0000000000007558                _fflush_r
 .text.fflush   0x00000000000075b4       0x30 c:/intelfpga_lite/18.1/nios2eds/bin/gnu/h-x86_64-mingw32/bin/../lib/gcc/nios2-elf/5.3.0/../../../../../H-x86_64-mingw32/nios2-elf/lib\libc.a(lib_a-fflush.o)
                0x00000000000075b4                fflush
 .text          0x00000000000075e4        0x0 c:/intelfpga_lite/18.1/nios2eds/bin/gnu/h-x86_64-mingw32/bin/../lib/gcc/nios2-elf/5.3.0/../../../../../H-x86_64-mingw32/nios2-elf/lib\libc.a(lib_a-findfp.o)
 .text.__fp_unlock
                0x00000000000075e4        0x8 c:/intelfpga_lite/18.1/nios2eds/bin/gnu/h-x86_64-mingw32/bin/../lib/gcc/nios2-elf/5.3.0/../../../../../H-x86_64-mingw32/nios2-elf/lib\libc.a(lib_a-findfp.o)
 .text._cleanup_r
                0x00000000000075ec        0xc c:/intelfpga_lite/18.1/nios2eds/bin/gnu/h-x86_64-mingw32/bin/../lib/gcc/nios2-elf/5.3.0/../../../../../H-x86_64-mingw32/nios2-elf/lib\libc.a(lib_a-findfp.o)
                0x00000000000075ec                _cleanup_r
 .text.__sinit.part.1
                0x00000000000075f8      0x19c c:/intelfpga_lite/18.1/nios2eds/bin/gnu/h-x86_64-mingw32/bin/../lib/gcc/nios2-elf/5.3.0/../../../../../H-x86_64-mingw32/nios2-elf/lib\libc.a(lib_a-findfp.o)
 .text.__fp_lock
                0x0000000000007794        0x8 c:/intelfpga_lite/18.1/nios2eds/bin/gnu/h-x86_64-mingw32/bin/../lib/gcc/nios2-elf/5.3.0/../../../../../H-x86_64-mingw32/nios2-elf/lib\libc.a(lib_a-findfp.o)
 .text.__sfmoreglue
                0x000000000000779c       0x68 c:/intelfpga_lite/18.1/nios2eds/bin/gnu/h-x86_64-mingw32/bin/../lib/gcc/nios2-elf/5.3.0/../../../../../H-x86_64-mingw32/nios2-elf/lib\libc.a(lib_a-findfp.o)
                0x000000000000779c                __sfmoreglue
 .text.__sfp    0x0000000000007804      0x118 c:/intelfpga_lite/18.1/nios2eds/bin/gnu/h-x86_64-mingw32/bin/../lib/gcc/nios2-elf/5.3.0/../../../../../H-x86_64-mingw32/nios2-elf/lib\libc.a(lib_a-findfp.o)
                0x0000000000007804                __sfp
 .text._cleanup
                0x000000000000791c       0x18 c:/intelfpga_lite/18.1/nios2eds/bin/gnu/h-x86_64-mingw32/bin/../lib/gcc/nios2-elf/5.3.0/../../../../../H-x86_64-mingw32/nios2-elf/lib\libc.a(lib_a-findfp.o)
                0x000000000000791c                _cleanup
 .text.__sinit  0x0000000000007934       0x10 c:/intelfpga_lite/18.1/nios2eds/bin/gnu/h-x86_64-mingw32/bin/../lib/gcc/nios2-elf/5.3.0/../../../../../H-x86_64-mingw32/nios2-elf/lib\libc.a(lib_a-findfp.o)
                0x0000000000007934                __sinit
 .text.__sfp_lock_acquire
                0x0000000000007944        0x4 c:/intelfpga_lite/18.1/nios2eds/bin/gnu/h-x86_64-mingw32/bin/../lib/gcc/nios2-elf/5.3.0/../../../../../H-x86_64-mingw32/nios2-elf/lib\libc.a(lib_a-findfp.o)
                0x0000000000007944                __sfp_lock_acquire
 .text.__sfp_lock_release
                0x0000000000007948        0x4 c:/intelfpga_lite/18.1/nios2eds/bin/gnu/h-x86_64-mingw32/bin/../lib/gcc/nios2-elf/5.3.0/../../../../../H-x86_64-mingw32/nios2-elf/lib\libc.a(lib_a-findfp.o)
                0x0000000000007948                __sfp_lock_release
 .text.__sinit_lock_acquire
                0x000000000000794c        0x4 c:/intelfpga_lite/18.1/nios2eds/bin/gnu/h-x86_64-mingw32/bin/../lib/gcc/nios2-elf/5.3.0/../../../../../H-x86_64-mingw32/nios2-elf/lib\libc.a(lib_a-findfp.o)
                0x000000000000794c                __sinit_lock_acquire
 .text.__sinit_lock_release
                0x0000000000007950        0x4 c:/intelfpga_lite/18.1/nios2eds/bin/gnu/h-x86_64-mingw32/bin/../lib/gcc/nios2-elf/5.3.0/../../../../../H-x86_64-mingw32/nios2-elf/lib\libc.a(lib_a-findfp.o)
                0x0000000000007950                __sinit_lock_release
 .text.__fp_lock_all
                0x0000000000007954       0x18 c:/intelfpga_lite/18.1/nios2eds/bin/gnu/h-x86_64-mingw32/bin/../lib/gcc/nios2-elf/5.3.0/../../../../../H-x86_64-mingw32/nios2-elf/lib\libc.a(lib_a-findfp.o)
                0x0000000000007954                __fp_lock_all
 .text.__fp_unlock_all
                0x000000000000796c       0x18 c:/intelfpga_lite/18.1/nios2eds/bin/gnu/h-x86_64-mingw32/bin/../lib/gcc/nios2-elf/5.3.0/../../../../../H-x86_64-mingw32/nios2-elf/lib\libc.a(lib_a-findfp.o)
                0x000000000000796c                __fp_unlock_all
 .text          0x0000000000007984        0x0 c:/intelfpga_lite/18.1/nios2eds/bin/gnu/h-x86_64-mingw32/bin/../lib/gcc/nios2-elf/5.3.0/../../../../../H-x86_64-mingw32/nios2-elf/lib\libc.a(lib_a-freer.o)
 .text._malloc_trim_r
                0x0000000000007984      0x124 c:/intelfpga_lite/18.1/nios2eds/bin/gnu/h-x86_64-mingw32/bin/../lib/gcc/nios2-elf/5.3.0/../../../../../H-x86_64-mingw32/nios2-elf/lib\libc.a(lib_a-freer.o)
                0x0000000000007984                _malloc_trim_r
 .text._free_r  0x0000000000007aa8      0x310 c:/intelfpga_lite/18.1/nios2eds/bin/gnu/h-x86_64-mingw32/bin/../lib/gcc/nios2-elf/5.3.0/../../../../../H-x86_64-mingw32/nios2-elf/lib\libc.a(lib_a-freer.o)
                0x0000000000007aa8                _free_r
 .text          0x0000000000007db8        0x0 c:/intelfpga_lite/18.1/nios2eds/bin/gnu/h-x86_64-mingw32/bin/../lib/gcc/nios2-elf/5.3.0/../../../../../H-x86_64-mingw32/nios2-elf/lib\libc.a(lib_a-fvwrite.o)
 .text.__sfvwrite_r
                0x0000000000007db8      0x4bc c:/intelfpga_lite/18.1/nios2eds/bin/gnu/h-x86_64-mingw32/bin/../lib/gcc/nios2-elf/5.3.0/../../../../../H-x86_64-mingw32/nios2-elf/lib\libc.a(lib_a-fvwrite.o)
                0x0000000000007db8                __sfvwrite_r
 .text          0x0000000000008274        0x0 c:/intelfpga_lite/18.1/nios2eds/bin/gnu/h-x86_64-mingw32/bin/../lib/gcc/nios2-elf/5.3.0/../../../../../H-x86_64-mingw32/nios2-elf/lib\libc.a(lib_a-fwalk.o)
 .text._fwalk   0x0000000000008274       0xc4 c:/intelfpga_lite/18.1/nios2eds/bin/gnu/h-x86_64-mingw32/bin/../lib/gcc/nios2-elf/5.3.0/../../../../../H-x86_64-mingw32/nios2-elf/lib\libc.a(lib_a-fwalk.o)
                0x0000000000008274                _fwalk
 .text._fwalk_reent
                0x0000000000008338       0xc4 c:/intelfpga_lite/18.1/nios2eds/bin/gnu/h-x86_64-mingw32/bin/../lib/gcc/nios2-elf/5.3.0/../../../../../H-x86_64-mingw32/nios2-elf/lib\libc.a(lib_a-fwalk.o)
                0x0000000000008338                _fwalk_reent
 .text          0x00000000000083fc        0x0 c:/intelfpga_lite/18.1/nios2eds/bin/gnu/h-x86_64-mingw32/bin/../lib/gcc/nios2-elf/5.3.0/../../../../../H-x86_64-mingw32/nios2-elf/lib\libc.a(lib_a-impure.o)
 .text          0x00000000000083fc        0x0 c:/intelfpga_lite/18.1/nios2eds/bin/gnu/h-x86_64-mingw32/bin/../lib/gcc/nios2-elf/5.3.0/../../../../../H-x86_64-mingw32/nios2-elf/lib\libc.a(lib_a-int_errno.o)
 .text          0x00000000000083fc        0x0 c:/intelfpga_lite/18.1/nios2eds/bin/gnu/h-x86_64-mingw32/bin/../lib/gcc/nios2-elf/5.3.0/../../../../../H-x86_64-mingw32/nios2-elf/lib\libc.a(lib_a-locale.o)
 .text._setlocale_r
                0x00000000000083fc       0x7c c:/intelfpga_lite/18.1/nios2eds/bin/gnu/h-x86_64-mingw32/bin/../lib/gcc/nios2-elf/5.3.0/../../../../../H-x86_64-mingw32/nios2-elf/lib\libc.a(lib_a-locale.o)
                0x00000000000083fc                _setlocale_r
 .text.__locale_charset
                0x0000000000008478        0xc c:/intelfpga_lite/18.1/nios2eds/bin/gnu/h-x86_64-mingw32/bin/../lib/gcc/nios2-elf/5.3.0/../../../../../H-x86_64-mingw32/nios2-elf/lib\libc.a(lib_a-locale.o)
                0x0000000000008478                __locale_charset
 .text.__locale_mb_cur_max
                0x0000000000008484       0x10 c:/intelfpga_lite/18.1/nios2eds/bin/gnu/h-x86_64-mingw32/bin/../lib/gcc/nios2-elf/5.3.0/../../../../../H-x86_64-mingw32/nios2-elf/lib\libc.a(lib_a-locale.o)
                0x0000000000008484                __locale_mb_cur_max
 .text.__locale_msgcharset
                0x0000000000008494        0xc c:/intelfpga_lite/18.1/nios2eds/bin/gnu/h-x86_64-mingw32/bin/../lib/gcc/nios2-elf/5.3.0/../../../../../H-x86_64-mingw32/nios2-elf/lib\libc.a(lib_a-locale.o)
                0x0000000000008494                __locale_msgcharset
 .text.__locale_cjk_lang
                0x00000000000084a0        0x8 c:/intelfpga_lite/18.1/nios2eds/bin/gnu/h-x86_64-mingw32/bin/../lib/gcc/nios2-elf/5.3.0/../../../../../H-x86_64-mingw32/nios2-elf/lib\libc.a(lib_a-locale.o)
                0x00000000000084a0                __locale_cjk_lang
 .text._localeconv_r
                0x00000000000084a8        0xc c:/intelfpga_lite/18.1/nios2eds/bin/gnu/h-x86_64-mingw32/bin/../lib/gcc/nios2-elf/5.3.0/../../../../../H-x86_64-mingw32/nios2-elf/lib\libc.a(lib_a-locale.o)
                0x00000000000084a8                _localeconv_r
 .text.setlocale
                0x00000000000084b4       0x18 c:/intelfpga_lite/18.1/nios2eds/bin/gnu/h-x86_64-mingw32/bin/../lib/gcc/nios2-elf/5.3.0/../../../../../H-x86_64-mingw32/nios2-elf/lib\libc.a(lib_a-locale.o)
                0x00000000000084b4                setlocale
 .text.localeconv
                0x00000000000084cc        0xc c:/intelfpga_lite/18.1/nios2eds/bin/gnu/h-x86_64-mingw32/bin/../lib/gcc/nios2-elf/5.3.0/../../../../../H-x86_64-mingw32/nios2-elf/lib\libc.a(lib_a-locale.o)
                0x00000000000084cc                localeconv
 .text          0x00000000000084d8        0x0 c:/intelfpga_lite/18.1/nios2eds/bin/gnu/h-x86_64-mingw32/bin/../lib/gcc/nios2-elf/5.3.0/../../../../../H-x86_64-mingw32/nios2-elf/lib\libc.a(lib_a-makebuf.o)
 .text.__smakebuf_r
                0x00000000000084d8      0x1bc c:/intelfpga_lite/18.1/nios2eds/bin/gnu/h-x86_64-mingw32/bin/../lib/gcc/nios2-elf/5.3.0/../../../../../H-x86_64-mingw32/nios2-elf/lib\libc.a(lib_a-makebuf.o)
                0x00000000000084d8                __smakebuf_r
 .text          0x0000000000008694        0x0 c:/intelfpga_lite/18.1/nios2eds/bin/gnu/h-x86_64-mingw32/bin/../lib/gcc/nios2-elf/5.3.0/../../../../../H-x86_64-mingw32/nios2-elf/lib\libc.a(lib_a-memchr.o)
 .text.memchr   0x0000000000008694       0xe4 c:/intelfpga_lite/18.1/nios2eds/bin/gnu/h-x86_64-mingw32/bin/../lib/gcc/nios2-elf/5.3.0/../../../../../H-x86_64-mingw32/nios2-elf/lib\libc.a(lib_a-memchr.o)
                0x0000000000008694                memchr
 .text          0x0000000000008778        0x0 c:/intelfpga_lite/18.1/nios2eds/bin/gnu/h-x86_64-mingw32/bin/../lib/gcc/nios2-elf/5.3.0/../../../../../H-x86_64-mingw32/nios2-elf/lib\libc.a(lib_a-memcpy.o)
 .text.memcpy   0x0000000000008778      0x148 c:/intelfpga_lite/18.1/nios2eds/bin/gnu/h-x86_64-mingw32/bin/../lib/gcc/nios2-elf/5.3.0/../../../../../H-x86_64-mingw32/nios2-elf/lib\libc.a(lib_a-memcpy.o)
                0x0000000000008778                memcpy
 .text          0x00000000000088c0        0x0 c:/intelfpga_lite/18.1/nios2eds/bin/gnu/h-x86_64-mingw32/bin/../lib/gcc/nios2-elf/5.3.0/../../../../../H-x86_64-mingw32/nios2-elf/lib\libc.a(lib_a-memmove.o)
 .text.memmove  0x00000000000088c0      0x15c c:/intelfpga_lite/18.1/nios2eds/bin/gnu/h-x86_64-mingw32/bin/../lib/gcc/nios2-elf/5.3.0/../../../../../H-x86_64-mingw32/nios2-elf/lib\libc.a(lib_a-memmove.o)
                0x00000000000088c0                memmove
 .text          0x0000000000008a1c        0x0 c:/intelfpga_lite/18.1/nios2eds/bin/gnu/h-x86_64-mingw32/bin/../lib/gcc/nios2-elf/5.3.0/../../../../../H-x86_64-mingw32/nios2-elf/lib\libc.a(lib_a-memset.o)
 .text.memset   0x0000000000008a1c      0x128 c:/intelfpga_lite/18.1/nios2eds/bin/gnu/h-x86_64-mingw32/bin/../lib/gcc/nios2-elf/5.3.0/../../../../../H-x86_64-mingw32/nios2-elf/lib\libc.a(lib_a-memset.o)
                0x0000000000008a1c                memset
 .text          0x0000000000008b44        0x0 c:/intelfpga_lite/18.1/nios2eds/bin/gnu/h-x86_64-mingw32/bin/../lib/gcc/nios2-elf/5.3.0/../../../../../H-x86_64-mingw32/nios2-elf/lib\libc.a(lib_a-mprec.o)
 .text._Balloc  0x0000000000008b44       0xa8 c:/intelfpga_lite/18.1/nios2eds/bin/gnu/h-x86_64-mingw32/bin/../lib/gcc/nios2-elf/5.3.0/../../../../../H-x86_64-mingw32/nios2-elf/lib\libc.a(lib_a-mprec.o)
                0x0000000000008b44                _Balloc
 .text._Bfree   0x0000000000008bec       0x28 c:/intelfpga_lite/18.1/nios2eds/bin/gnu/h-x86_64-mingw32/bin/../lib/gcc/nios2-elf/5.3.0/../../../../../H-x86_64-mingw32/nios2-elf/lib\libc.a(lib_a-mprec.o)
                0x0000000000008bec                _Bfree
 .text.__multadd
                0x0000000000008c14      0x120 c:/intelfpga_lite/18.1/nios2eds/bin/gnu/h-x86_64-mingw32/bin/../lib/gcc/nios2-elf/5.3.0/../../../../../H-x86_64-mingw32/nios2-elf/lib\libc.a(lib_a-mprec.o)
                0x0000000000008c14                __multadd
 .text.__s2b    0x0000000000008d34      0x104 c:/intelfpga_lite/18.1/nios2eds/bin/gnu/h-x86_64-mingw32/bin/../lib/gcc/nios2-elf/5.3.0/../../../../../H-x86_64-mingw32/nios2-elf/lib\libc.a(lib_a-mprec.o)
                0x0000000000008d34                __s2b
 .text.__hi0bits
                0x0000000000008e38       0x68 c:/intelfpga_lite/18.1/nios2eds/bin/gnu/h-x86_64-mingw32/bin/../lib/gcc/nios2-elf/5.3.0/../../../../../H-x86_64-mingw32/nios2-elf/lib\libc.a(lib_a-mprec.o)
                0x0000000000008e38                __hi0bits
 .text.__lo0bits
                0x0000000000008ea0       0xb0 c:/intelfpga_lite/18.1/nios2eds/bin/gnu/h-x86_64-mingw32/bin/../lib/gcc/nios2-elf/5.3.0/../../../../../H-x86_64-mingw32/nios2-elf/lib\libc.a(lib_a-mprec.o)
                0x0000000000008ea0                __lo0bits
 .text.__i2b    0x0000000000008f50       0x3c c:/intelfpga_lite/18.1/nios2eds/bin/gnu/h-x86_64-mingw32/bin/../lib/gcc/nios2-elf/5.3.0/../../../../../H-x86_64-mingw32/nios2-elf/lib\libc.a(lib_a-mprec.o)
                0x0000000000008f50                __i2b
 .text.__multiply
                0x0000000000008f8c      0x1f8 c:/intelfpga_lite/18.1/nios2eds/bin/gnu/h-x86_64-mingw32/bin/../lib/gcc/nios2-elf/5.3.0/../../../../../H-x86_64-mingw32/nios2-elf/lib\libc.a(lib_a-mprec.o)
                0x0000000000008f8c                __multiply
 .text.__pow5mult
                0x0000000000009184      0x140 c:/intelfpga_lite/18.1/nios2eds/bin/gnu/h-x86_64-mingw32/bin/../lib/gcc/nios2-elf/5.3.0/../../../../../H-x86_64-mingw32/nios2-elf/lib\libc.a(lib_a-mprec.o)
                0x0000000000009184                __pow5mult
 .text.__lshift
                0x00000000000092c4      0x148 c:/intelfpga_lite/18.1/nios2eds/bin/gnu/h-x86_64-mingw32/bin/../lib/gcc/nios2-elf/5.3.0/../../../../../H-x86_64-mingw32/nios2-elf/lib\libc.a(lib_a-mprec.o)
                0x00000000000092c4                __lshift
 .text.__mcmp   0x000000000000940c       0x60 c:/intelfpga_lite/18.1/nios2eds/bin/gnu/h-x86_64-mingw32/bin/../lib/gcc/nios2-elf/5.3.0/../../../../../H-x86_64-mingw32/nios2-elf/lib\libc.a(lib_a-mprec.o)
                0x000000000000940c                __mcmp
 .text.__mdiff  0x000000000000946c      0x1fc c:/intelfpga_lite/18.1/nios2eds/bin/gnu/h-x86_64-mingw32/bin/../lib/gcc/nios2-elf/5.3.0/../../../../../H-x86_64-mingw32/nios2-elf/lib\libc.a(lib_a-mprec.o)
                0x000000000000946c                __mdiff
 .text.__ulp    0x0000000000009668       0x64 c:/intelfpga_lite/18.1/nios2eds/bin/gnu/h-x86_64-mingw32/bin/../lib/gcc/nios2-elf/5.3.0/../../../../../H-x86_64-mingw32/nios2-elf/lib\libc.a(lib_a-mprec.o)
                0x0000000000009668                __ulp
 .text.__b2d    0x00000000000096cc      0x10c c:/intelfpga_lite/18.1/nios2eds/bin/gnu/h-x86_64-mingw32/bin/../lib/gcc/nios2-elf/5.3.0/../../../../../H-x86_64-mingw32/nios2-elf/lib\libc.a(lib_a-mprec.o)
                0x00000000000096cc                __b2d
 .text.__d2b    0x00000000000097d8      0x14c c:/intelfpga_lite/18.1/nios2eds/bin/gnu/h-x86_64-mingw32/bin/../lib/gcc/nios2-elf/5.3.0/../../../../../H-x86_64-mingw32/nios2-elf/lib\libc.a(lib_a-mprec.o)
                0x00000000000097d8                __d2b
 .text.__ratio  0x0000000000009924       0xa4 c:/intelfpga_lite/18.1/nios2eds/bin/gnu/h-x86_64-mingw32/bin/../lib/gcc/nios2-elf/5.3.0/../../../../../H-x86_64-mingw32/nios2-elf/lib\libc.a(lib_a-mprec.o)
                0x0000000000009924                __ratio
 .text._mprec_log10
                0x00000000000099c8       0x74 c:/intelfpga_lite/18.1/nios2eds/bin/gnu/h-x86_64-mingw32/bin/../lib/gcc/nios2-elf/5.3.0/../../../../../H-x86_64-mingw32/nios2-elf/lib\libc.a(lib_a-mprec.o)
                0x00000000000099c8                _mprec_log10
 .text.__copybits
                0x0000000000009a3c       0x78 c:/intelfpga_lite/18.1/nios2eds/bin/gnu/h-x86_64-mingw32/bin/../lib/gcc/nios2-elf/5.3.0/../../../../../H-x86_64-mingw32/nios2-elf/lib\libc.a(lib_a-mprec.o)
                0x0000000000009a3c                __copybits
 .text.__any_on
                0x0000000000009ab4       0x8c c:/intelfpga_lite/18.1/nios2eds/bin/gnu/h-x86_64-mingw32/bin/../lib/gcc/nios2-elf/5.3.0/../../../../../H-x86_64-mingw32/nios2-elf/lib\libc.a(lib_a-mprec.o)
                0x0000000000009ab4                __any_on
 .text          0x0000000000009b40        0x0 c:/intelfpga_lite/18.1/nios2eds/bin/gnu/h-x86_64-mingw32/bin/../lib/gcc/nios2-elf/5.3.0/../../../../../H-x86_64-mingw32/nios2-elf/lib\libc.a(lib_a-reallocr.o)
 .text._realloc_r
                0x0000000000009b40      0x564 c:/intelfpga_lite/18.1/nios2eds/bin/gnu/h-x86_64-mingw32/bin/../lib/gcc/nios2-elf/5.3.0/../../../../../H-x86_64-mingw32/nios2-elf/lib\libc.a(lib_a-reallocr.o)
                0x0000000000009b40                _realloc_r
 .text          0x000000000000a0a4        0x0 c:/intelfpga_lite/18.1/nios2eds/bin/gnu/h-x86_64-mingw32/bin/../lib/gcc/nios2-elf/5.3.0/../../../../../H-x86_64-mingw32/nios2-elf/lib\libc.a(lib_a-s_fpclassify.o)
 .text.__fpclassifyd
                0x000000000000a0a4       0x74 c:/intelfpga_lite/18.1/nios2eds/bin/gnu/h-x86_64-mingw32/bin/../lib/gcc/nios2-elf/5.3.0/../../../../../H-x86_64-mingw32/nios2-elf/lib\libc.a(lib_a-s_fpclassify.o)
                0x000000000000a0a4                __fpclassifyd
 .text          0x000000000000a118        0x0 c:/intelfpga_lite/18.1/nios2eds/bin/gnu/h-x86_64-mingw32/bin/../lib/gcc/nios2-elf/5.3.0/../../../../../H-x86_64-mingw32/nios2-elf/lib\libc.a(lib_a-stdio.o)
 .text.__sread  0x000000000000a118       0x54 c:/intelfpga_lite/18.1/nios2eds/bin/gnu/h-x86_64-mingw32/bin/../lib/gcc/nios2-elf/5.3.0/../../../../../H-x86_64-mingw32/nios2-elf/lib\libc.a(lib_a-stdio.o)
                0x000000000000a118                __sread
 .text.__seofread
                0x000000000000a16c        0x8 c:/intelfpga_lite/18.1/nios2eds/bin/gnu/h-x86_64-mingw32/bin/../lib/gcc/nios2-elf/5.3.0/../../../../../H-x86_64-mingw32/nios2-elf/lib\libc.a(lib_a-stdio.o)
                0x000000000000a16c                __seofread
 .text.__swrite
                0x000000000000a174       0x7c c:/intelfpga_lite/18.1/nios2eds/bin/gnu/h-x86_64-mingw32/bin/../lib/gcc/nios2-elf/5.3.0/../../../../../H-x86_64-mingw32/nios2-elf/lib\libc.a(lib_a-stdio.o)
                0x000000000000a174                __swrite
 .text.__sseek  0x000000000000a1f0       0x5c c:/intelfpga_lite/18.1/nios2eds/bin/gnu/h-x86_64-mingw32/bin/../lib/gcc/nios2-elf/5.3.0/../../../../../H-x86_64-mingw32/nios2-elf/lib\libc.a(lib_a-stdio.o)
                0x000000000000a1f0                __sseek
 .text.__sclose
                0x000000000000a24c        0x8 c:/intelfpga_lite/18.1/nios2eds/bin/gnu/h-x86_64-mingw32/bin/../lib/gcc/nios2-elf/5.3.0/../../../../../H-x86_64-mingw32/nios2-elf/lib\libc.a(lib_a-stdio.o)
                0x000000000000a24c                __sclose
 .text          0x000000000000a254        0x0 c:/intelfpga_lite/18.1/nios2eds/bin/gnu/h-x86_64-mingw32/bin/../lib/gcc/nios2-elf/5.3.0/../../../../../H-x86_64-mingw32/nios2-elf/lib\libc.a(lib_a-strcmp.o)
 .text.strcmp   0x000000000000a254       0xdc c:/intelfpga_lite/18.1/nios2eds/bin/gnu/h-x86_64-mingw32/bin/../lib/gcc/nios2-elf/5.3.0/../../../../../H-x86_64-mingw32/nios2-elf/lib\libc.a(lib_a-strcmp.o)
                0x000000000000a254                strcmp
 .text          0x000000000000a330        0x0 c:/intelfpga_lite/18.1/nios2eds/bin/gnu/h-x86_64-mingw32/bin/../lib/gcc/nios2-elf/5.3.0/../../../../../H-x86_64-mingw32/nios2-elf/lib\libc.a(lib_a-vfiprintf.o)
 .text.__sprint_r.part.0
                0x000000000000a330       0xfc c:/intelfpga_lite/18.1/nios2eds/bin/gnu/h-x86_64-mingw32/bin/../lib/gcc/nios2-elf/5.3.0/../../../../../H-x86_64-mingw32/nios2-elf/lib\libc.a(lib_a-vfiprintf.o)
 .text.__sprint_r
                0x000000000000a42c       0x18 c:/intelfpga_lite/18.1/nios2eds/bin/gnu/h-x86_64-mingw32/bin/../lib/gcc/nios2-elf/5.3.0/../../../../../H-x86_64-mingw32/nios2-elf/lib\libc.a(lib_a-vfiprintf.o)
                0x000000000000a42c                __sprint_r
 .text.___vfiprintf_internal_r
                0x000000000000a444     0x145c c:/intelfpga_lite/18.1/nios2eds/bin/gnu/h-x86_64-mingw32/bin/../lib/gcc/nios2-elf/5.3.0/../../../../../H-x86_64-mingw32/nios2-elf/lib\libc.a(lib_a-vfiprintf.o)
                0x000000000000a444                ___vfiprintf_internal_r
 .text.__vfiprintf_internal
                0x000000000000b8a0       0x1c c:/intelfpga_lite/18.1/nios2eds/bin/gnu/h-x86_64-mingw32/bin/../lib/gcc/nios2-elf/5.3.0/../../../../../H-x86_64-mingw32/nios2-elf/lib\libc.a(lib_a-vfiprintf.o)
                0x000000000000b8a0                __vfiprintf_internal
 .text.__sbprintf
                0x000000000000b8bc       0xbc c:/intelfpga_lite/18.1/nios2eds/bin/gnu/h-x86_64-mingw32/bin/../lib/gcc/nios2-elf/5.3.0/../../../../../H-x86_64-mingw32/nios2-elf/lib\libc.a(lib_a-vfiprintf.o)
 .text          0x000000000000b978        0x0 c:/intelfpga_lite/18.1/nios2eds/bin/gnu/h-x86_64-mingw32/bin/../lib/gcc/nios2-elf/5.3.0/../../../../../H-x86_64-mingw32/nios2-elf/lib\libc.a(lib_a-writer.o)
 .text._write_r
                0x000000000000b978       0x60 c:/intelfpga_lite/18.1/nios2eds/bin/gnu/h-x86_64-mingw32/bin/../lib/gcc/nios2-elf/5.3.0/../../../../../H-x86_64-mingw32/nios2-elf/lib\libc.a(lib_a-writer.o)
                0x000000000000b978                _write_r
 .text          0x000000000000b9d8        0x0 c:/intelfpga_lite/18.1/nios2eds/bin/gnu/h-x86_64-mingw32/bin/../lib/gcc/nios2-elf/5.3.0/../../../../../H-x86_64-mingw32/nios2-elf/lib\libc.a(closer.o)
 .text._close_r
                0x000000000000b9d8       0x54 c:/intelfpga_lite/18.1/nios2eds/bin/gnu/h-x86_64-mingw32/bin/../lib/gcc/nios2-elf/5.3.0/../../../../../H-x86_64-mingw32/nios2-elf/lib\libc.a(closer.o)
                0x000000000000b9d8                _close_r
 .text          0x000000000000ba2c        0x0 c:/intelfpga_lite/18.1/nios2eds/bin/gnu/h-x86_64-mingw32/bin/../lib/gcc/nios2-elf/5.3.0/../../../../../H-x86_64-mingw32/nios2-elf/lib\libc.a(lib_a-callocr.o)
 .text._calloc_r
                0x000000000000ba2c       0xc4 c:/intelfpga_lite/18.1/nios2eds/bin/gnu/h-x86_64-mingw32/bin/../lib/gcc/nios2-elf/5.3.0/../../../../../H-x86_64-mingw32/nios2-elf/lib\libc.a(lib_a-callocr.o)
                0x000000000000ba2c                _calloc_r
 .text          0x000000000000baf0        0x0 c:/intelfpga_lite/18.1/nios2eds/bin/gnu/h-x86_64-mingw32/bin/../lib/gcc/nios2-elf/5.3.0/../../../../../H-x86_64-mingw32/nios2-elf/lib\libc.a(lib_a-fclose.o)
 .text._fclose_r
                0x000000000000baf0       0xf0 c:/intelfpga_lite/18.1/nios2eds/bin/gnu/h-x86_64-mingw32/bin/../lib/gcc/nios2-elf/5.3.0/../../../../../H-x86_64-mingw32/nios2-elf/lib\libc.a(lib_a-fclose.o)
                0x000000000000baf0                _fclose_r
 .text.fclose   0x000000000000bbe0       0x14 c:/intelfpga_lite/18.1/nios2eds/bin/gnu/h-x86_64-mingw32/bin/../lib/gcc/nios2-elf/5.3.0/../../../../../H-x86_64-mingw32/nios2-elf/lib\libc.a(lib_a-fclose.o)
                0x000000000000bbe0                fclose
 .text          0x000000000000bbf4        0x0 c:/intelfpga_lite/18.1/nios2eds/bin/gnu/h-x86_64-mingw32/bin/../lib/gcc/nios2-elf/5.3.0/../../../../../H-x86_64-mingw32/nios2-elf/lib\libc.a(lib_a-fputwc.o)
 .text.__fputwc
                0x000000000000bbf4      0x164 c:/intelfpga_lite/18.1/nios2eds/bin/gnu/h-x86_64-mingw32/bin/../lib/gcc/nios2-elf/5.3.0/../../../../../H-x86_64-mingw32/nios2-elf/lib\libc.a(lib_a-fputwc.o)
                0x000000000000bbf4                __fputwc
 .text._fputwc_r
                0x000000000000bd58       0x24 c:/intelfpga_lite/18.1/nios2eds/bin/gnu/h-x86_64-mingw32/bin/../lib/gcc/nios2-elf/5.3.0/../../../../../H-x86_64-mingw32/nios2-elf/lib\libc.a(lib_a-fputwc.o)
                0x000000000000bd58                _fputwc_r
 .text.fputwc   0x000000000000bd7c       0x80 c:/intelfpga_lite/18.1/nios2eds/bin/gnu/h-x86_64-mingw32/bin/../lib/gcc/nios2-elf/5.3.0/../../../../../H-x86_64-mingw32/nios2-elf/lib\libc.a(lib_a-fputwc.o)
                0x000000000000bd7c                fputwc
 .text          0x000000000000bdfc        0x0 c:/intelfpga_lite/18.1/nios2eds/bin/gnu/h-x86_64-mingw32/bin/../lib/gcc/nios2-elf/5.3.0/../../../../../H-x86_64-mingw32/nios2-elf/lib\libc.a(lib_a-fstatr.o)
 .text._fstat_r
                0x000000000000bdfc       0x5c c:/intelfpga_lite/18.1/nios2eds/bin/gnu/h-x86_64-mingw32/bin/../lib/gcc/nios2-elf/5.3.0/../../../../../H-x86_64-mingw32/nios2-elf/lib\libc.a(lib_a-fstatr.o)
                0x000000000000bdfc                _fstat_r
 .text          0x000000000000be58        0x0 c:/intelfpga_lite/18.1/nios2eds/bin/gnu/h-x86_64-mingw32/bin/../lib/gcc/nios2-elf/5.3.0/../../../../../H-x86_64-mingw32/nios2-elf/lib\libc.a(lib_a-isattyr.o)
 .text._isatty_r
                0x000000000000be58       0x54 c:/intelfpga_lite/18.1/nios2eds/bin/gnu/h-x86_64-mingw32/bin/../lib/gcc/nios2-elf/5.3.0/../../../../../H-x86_64-mingw32/nios2-elf/lib\libc.a(lib_a-isattyr.o)
                0x000000000000be58                _isatty_r
 .text          0x000000000000beac        0x0 c:/intelfpga_lite/18.1/nios2eds/bin/gnu/h-x86_64-mingw32/bin/../lib/gcc/nios2-elf/5.3.0/../../../../../H-x86_64-mingw32/nios2-elf/lib\libc.a(lib_a-lseekr.o)
 .text._lseek_r
                0x000000000000beac       0x60 c:/intelfpga_lite/18.1/nios2eds/bin/gnu/h-x86_64-mingw32/bin/../lib/gcc/nios2-elf/5.3.0/../../../../../H-x86_64-mingw32/nios2-elf/lib\libc.a(lib_a-lseekr.o)
                0x000000000000beac                _lseek_r
 .text          0x000000000000bf0c        0x0 c:/intelfpga_lite/18.1/nios2eds/bin/gnu/h-x86_64-mingw32/bin/../lib/gcc/nios2-elf/5.3.0/../../../../../H-x86_64-mingw32/nios2-elf/lib\libc.a(lib_a-readr.o)
 .text._read_r  0x000000000000bf0c       0x60 c:/intelfpga_lite/18.1/nios2eds/bin/gnu/h-x86_64-mingw32/bin/../lib/gcc/nios2-elf/5.3.0/../../../../../H-x86_64-mingw32/nios2-elf/lib\libc.a(lib_a-readr.o)
                0x000000000000bf0c                _read_r
 .text          0x000000000000bf6c        0x0 c:/intelfpga_lite/18.1/nios2eds/bin/gnu/h-x86_64-mingw32/bin/../lib/gcc/nios2-elf/5.3.0/../../../../../H-x86_64-mingw32/nios2-elf/lib\libc.a(lib_a-wbuf.o)
 .text.__swbuf_r
                0x000000000000bf6c      0x140 c:/intelfpga_lite/18.1/nios2eds/bin/gnu/h-x86_64-mingw32/bin/../lib/gcc/nios2-elf/5.3.0/../../../../../H-x86_64-mingw32/nios2-elf/lib\libc.a(lib_a-wbuf.o)
                0x000000000000bf6c                __swbuf_r
 .text.__swbuf  0x000000000000c0ac       0x18 c:/intelfpga_lite/18.1/nios2eds/bin/gnu/h-x86_64-mingw32/bin/../lib/gcc/nios2-elf/5.3.0/../../../../../H-x86_64-mingw32/nios2-elf/lib\libc.a(lib_a-wbuf.o)
                0x000000000000c0ac                __swbuf
 .text          0x000000000000c0c4        0x0 c:/intelfpga_lite/18.1/nios2eds/bin/gnu/h-x86_64-mingw32/bin/../lib/gcc/nios2-elf/5.3.0/../../../../../H-x86_64-mingw32/nios2-elf/lib\libc.a(lib_a-wcrtomb.o)
 .text._wcrtomb_r
                0x000000000000c0c4       0x9c c:/intelfpga_lite/18.1/nios2eds/bin/gnu/h-x86_64-mingw32/bin/../lib/gcc/nios2-elf/5.3.0/../../../../../H-x86_64-mingw32/nios2-elf/lib\libc.a(lib_a-wcrtomb.o)
                0x000000000000c0c4                _wcrtomb_r
 .text.wcrtomb  0x000000000000c160       0xc0 c:/intelfpga_lite/18.1/nios2eds/bin/gnu/h-x86_64-mingw32/bin/../lib/gcc/nios2-elf/5.3.0/../../../../../H-x86_64-mingw32/nios2-elf/lib\libc.a(lib_a-wcrtomb.o)
                0x000000000000c160                wcrtomb
 .text          0x000000000000c220        0x0 c:/intelfpga_lite/18.1/nios2eds/bin/gnu/h-x86_64-mingw32/bin/../lib/gcc/nios2-elf/5.3.0/../../../../../H-x86_64-mingw32/nios2-elf/lib\libc.a(lib_a-wctomb_r.o)
 .text.__ascii_wctomb
                0x000000000000c220       0x30 c:/intelfpga_lite/18.1/nios2eds/bin/gnu/h-x86_64-mingw32/bin/../lib/gcc/nios2-elf/5.3.0/../../../../../H-x86_64-mingw32/nios2-elf/lib\libc.a(lib_a-wctomb_r.o)
                0x000000000000c220                __ascii_wctomb
 .text._wctomb_r
                0x000000000000c250       0x5c c:/intelfpga_lite/18.1/nios2eds/bin/gnu/h-x86_64-mingw32/bin/../lib/gcc/nios2-elf/5.3.0/../../../../../H-x86_64-mingw32/nios2-elf/lib\libc.a(lib_a-wctomb_r.o)
                0x000000000000c250                _wctomb_r
 .text          0x000000000000c2ac      0x578 c:/intelfpga_lite/18.1/nios2eds/bin/gnu/h-x86_64-mingw32/bin/../lib/gcc/nios2-elf/5.3.0\libgcc.a(_udivdi3.o)
                0x000000000000c2ac                __udivdi3
 .text          0x000000000000c824      0x538 c:/intelfpga_lite/18.1/nios2eds/bin/gnu/h-x86_64-mingw32/bin/../lib/gcc/nios2-elf/5.3.0\libgcc.a(_umoddi3.o)
                0x000000000000c824                __umoddi3
 .text          0x000000000000cd5c      0x8ac c:/intelfpga_lite/18.1/nios2eds/bin/gnu/h-x86_64-mingw32/bin/../lib/gcc/nios2-elf/5.3.0\libgcc.a(adddf3.o)
                0x000000000000cd5c                __adddf3
 .text          0x000000000000d608      0x8e8 c:/intelfpga_lite/18.1/nios2eds/bin/gnu/h-x86_64-mingw32/bin/../lib/gcc/nios2-elf/5.3.0\libgcc.a(divdf3.o)
                0x000000000000d608                __divdf3
 .text          0x000000000000def0       0x88 c:/intelfpga_lite/18.1/nios2eds/bin/gnu/h-x86_64-mingw32/bin/../lib/gcc/nios2-elf/5.3.0\libgcc.a(eqdf2.o)
                0x000000000000def0                __nedf2
                0x000000000000def0                __eqdf2
 .text          0x000000000000df78       0xdc c:/intelfpga_lite/18.1/nios2eds/bin/gnu/h-x86_64-mingw32/bin/../lib/gcc/nios2-elf/5.3.0\libgcc.a(gedf2.o)
                0x000000000000df78                __gedf2
                0x000000000000df78                __gtdf2
 .text          0x000000000000e054       0xf4 c:/intelfpga_lite/18.1/nios2eds/bin/gnu/h-x86_64-mingw32/bin/../lib/gcc/nios2-elf/5.3.0\libgcc.a(ledf2.o)
                0x000000000000e054                __ledf2
                0x000000000000e054                __ltdf2
 .text          0x000000000000e148      0x718 c:/intelfpga_lite/18.1/nios2eds/bin/gnu/h-x86_64-mingw32/bin/../lib/gcc/nios2-elf/5.3.0\libgcc.a(muldf3.o)
                0x000000000000e148                __muldf3
 .text          0x000000000000e860      0x8fc c:/intelfpga_lite/18.1/nios2eds/bin/gnu/h-x86_64-mingw32/bin/../lib/gcc/nios2-elf/5.3.0\libgcc.a(subdf3.o)
                0x000000000000e860                __subdf3
 .text          0x000000000000f15c       0x80 c:/intelfpga_lite/18.1/nios2eds/bin/gnu/h-x86_64-mingw32/bin/../lib/gcc/nios2-elf/5.3.0\libgcc.a(fixdfsi.o)
                0x000000000000f15c                __fixdfsi
 .text          0x000000000000f1dc       0xdc c:/intelfpga_lite/18.1/nios2eds/bin/gnu/h-x86_64-mingw32/bin/../lib/gcc/nios2-elf/5.3.0\libgcc.a(floatsidf.o)
                0x000000000000f1dc                __floatsidf
 .text          0x000000000000f2b8       0xa8 c:/intelfpga_lite/18.1/nios2eds/bin/gnu/h-x86_64-mingw32/bin/../lib/gcc/nios2-elf/5.3.0\libgcc.a(floatunsidf.o)
                0x000000000000f2b8                __floatunsidf
 .text          0x000000000000f360        0x0 c:/intelfpga_lite/18.1/nios2eds/bin/gnu/h-x86_64-mingw32/bin/../lib/gcc/nios2-elf/5.3.0\libgcc.a(_clz.o)
 .text          0x000000000000f360       0x64 c:/intelfpga_lite/18.1/nios2eds/bin/gnu/h-x86_64-mingw32/bin/../lib/gcc/nios2-elf/5.3.0\libgcc.a(_clzsi2.o)
                0x000000000000f360                __clzsi2
 .text          0x000000000000f3c4      0x10c C:/Users/nicis/HESSO/MSc_ElE/TSM_EmbHardw/Labs/Lab_04/mse_demo/software/sobel_bsp/\libhal_bsp.a(alt_close.o)
                0x000000000000f400                close
 .text          0x000000000000f4d0       0x2c C:/Users/nicis/HESSO/MSc_ElE/TSM_EmbHardw/Labs/Lab_04/mse_demo/software/sobel_bsp/\libhal_bsp.a(alt_dev.o)
 .text          0x000000000000f4fc        0x0 C:/Users/nicis/HESSO/MSc_ElE/TSM_EmbHardw/Labs/Lab_04/mse_demo/software/sobel_bsp/\libhal_bsp.a(alt_errno.o)
 .text          0x000000000000f4fc       0xec C:/Users/nicis/HESSO/MSc_ElE/TSM_EmbHardw/Labs/Lab_04/mse_demo/software/sobel_bsp/\libhal_bsp.a(alt_fstat.o)
                0x000000000000f538                fstat
 .text          0x000000000000f5e8       0xe0 C:/Users/nicis/HESSO/MSc_ElE/TSM_EmbHardw/Labs/Lab_04/mse_demo/software/sobel_bsp/\libhal_bsp.a(alt_isatty.o)
                0x000000000000f624                isatty
 .text          0x000000000000f6c8       0xec C:/Users/nicis/HESSO/MSc_ElE/TSM_EmbHardw/Labs/Lab_04/mse_demo/software/sobel_bsp/\libhal_bsp.a(alt_load.o)
                0x000000000000f730                alt_load
 .text          0x000000000000f7b4      0x110 C:/Users/nicis/HESSO/MSc_ElE/TSM_EmbHardw/Labs/Lab_04/mse_demo/software/sobel_bsp/\libhal_bsp.a(alt_lseek.o)
                0x000000000000f7f0                lseek
 .text          0x000000000000f8c4       0x7c C:/Users/nicis/HESSO/MSc_ElE/TSM_EmbHardw/Labs/Lab_04/mse_demo/software/sobel_bsp/\libhal_bsp.a(alt_main.o)
                0x000000000000f8c4                alt_main
 .text          0x000000000000f940       0x48 C:/Users/nicis/HESSO/MSc_ElE/TSM_EmbHardw/Labs/Lab_04/mse_demo/software/sobel_bsp/\libhal_bsp.a(alt_malloc_lock.o)
                0x000000000000f940                __malloc_lock
                0x000000000000f964                __malloc_unlock
 .text          0x000000000000f988      0x138 C:/Users/nicis/HESSO/MSc_ElE/TSM_EmbHardw/Labs/Lab_04/mse_demo/software/sobel_bsp/\libhal_bsp.a(alt_read.o)
                0x000000000000f9c4                read
 .text          0x000000000000fac0       0x64 C:/Users/nicis/HESSO/MSc_ElE/TSM_EmbHardw/Labs/Lab_04/mse_demo/software/sobel_bsp/\libhal_bsp.a(alt_release_fd.o)
                0x000000000000fac0                alt_release_fd
 .text          0x000000000000fb24       0xb0 C:/Users/nicis/HESSO/MSc_ElE/TSM_EmbHardw/Labs/Lab_04/mse_demo/software/sobel_bsp/\libhal_bsp.a(alt_sbrk.o)
                0x000000000000fb24                sbrk
 .text          0x000000000000fbd4       0x30 C:/Users/nicis/HESSO/MSc_ElE/TSM_EmbHardw/Labs/Lab_04/mse_demo/software/sobel_bsp/\libhal_bsp.a(alt_usleep.o)
                0x000000000000fbd4                usleep
 .text          0x000000000000fc04      0x134 C:/Users/nicis/HESSO/MSc_ElE/TSM_EmbHardw/Labs/Lab_04/mse_demo/software/sobel_bsp/\libhal_bsp.a(alt_write.o)
                0x000000000000fc40                write
 .text          0x000000000000fd38       0xe8 C:/Users/nicis/HESSO/MSc_ElE/TSM_EmbHardw/Labs/Lab_04/mse_demo/software/sobel_bsp/\libhal_bsp.a(alt_sys_init.o)
                0x000000000000fd6c                alt_irq_init
                0x000000000000fda4                alt_sys_init
 .text          0x000000000000fe20      0x164 C:/Users/nicis/HESSO/MSc_ElE/TSM_EmbHardw/Labs/Lab_04/mse_demo/software/sobel_bsp/\libhal_bsp.a(altera_avalon_jtag_uart_fd.o)
                0x000000000000fe20                altera_avalon_jtag_uart_read_fd
                0x000000000000fe80                altera_avalon_jtag_uart_write_fd
                0x000000000000fee0                altera_avalon_jtag_uart_close_fd
                0x000000000000ff30                altera_avalon_jtag_uart_ioctl_fd
 .text          0x000000000000ff84      0x3d4 C:/Users/nicis/HESSO/MSc_ElE/TSM_EmbHardw/Labs/Lab_04/mse_demo/software/sobel_bsp/\libhal_bsp.a(altera_avalon_jtag_uart_init.o)
                0x000000000000ff84                altera_avalon_jtag_uart_init
                0x00000000000102f0                altera_avalon_jtag_uart_close
 .text          0x0000000000010358       0xf0 C:/Users/nicis/HESSO/MSc_ElE/TSM_EmbHardw/Labs/Lab_04/mse_demo/software/sobel_bsp/\libhal_bsp.a(altera_avalon_jtag_uart_ioctl.o)
                0x0000000000010358                altera_avalon_jtag_uart_ioctl
 .text          0x0000000000010448      0x21c C:/Users/nicis/HESSO/MSc_ElE/TSM_EmbHardw/Labs/Lab_04/mse_demo/software/sobel_bsp/\libhal_bsp.a(altera_avalon_jtag_uart_read.o)
                0x0000000000010448                altera_avalon_jtag_uart_read
 .text          0x0000000000010664      0x224 C:/Users/nicis/HESSO/MSc_ElE/TSM_EmbHardw/Labs/Lab_04/mse_demo/software/sobel_bsp/\libhal_bsp.a(altera_avalon_jtag_uart_write.o)
                0x0000000000010664                altera_avalon_jtag_uart_write
 .text          0x0000000000010888       0xf4 C:/Users/nicis/HESSO/MSc_ElE/TSM_EmbHardw/Labs/Lab_04/mse_demo/software/sobel_bsp/\libhal_bsp.a(altera_avalon_timer_sc.o)
                0x0000000000010900                alt_avalon_timer_sc_init
 .text          0x000000000001097c      0x118 C:/Users/nicis/HESSO/MSc_ElE/TSM_EmbHardw/Labs/Lab_04/mse_demo/software/sobel_bsp/\libhal_bsp.a(altera_avalon_timer_ts.o)
                0x000000000001097c                alt_timestamp_start
                0x00000000000109f4                alt_timestamp
                0x0000000000010a74                alt_timestamp_freq
 .text          0x0000000000010a94        0x0 C:/Users/nicis/HESSO/MSc_ElE/TSM_EmbHardw/Labs/Lab_04/mse_demo/software/sobel_bsp/\libhal_bsp.a(altera_avalon_timer_vars.o)
 .text          0x0000000000010a94      0x12c C:/Users/nicis/HESSO/MSc_ElE/TSM_EmbHardw/Labs/Lab_04/mse_demo/software/sobel_bsp/\libhal_bsp.a(alt_alarm_start.o)
                0x0000000000010a94                alt_alarm_start
 .text          0x0000000000010bc0      0x158 C:/Users/nicis/HESSO/MSc_ElE/TSM_EmbHardw/Labs/Lab_04/mse_demo/software/sobel_bsp/\libhal_bsp.a(alt_busy_sleep.o)
                0x0000000000010bc0                alt_busy_sleep
 .text          0x0000000000010d18       0x20 C:/Users/nicis/HESSO/MSc_ElE/TSM_EmbHardw/Labs/Lab_04/mse_demo/software/sobel_bsp/\libhal_bsp.a(alt_dcache_flush_all.o)
                0x0000000000010d18                alt_dcache_flush_all
 .text          0x0000000000010d38       0xe0 C:/Users/nicis/HESSO/MSc_ElE/TSM_EmbHardw/Labs/Lab_04/mse_demo/software/sobel_bsp/\libhal_bsp.a(alt_dev_llist_insert.o)
                0x0000000000010d74                alt_dev_llist_insert
 .text          0x0000000000010e18       0x60 C:/Users/nicis/HESSO/MSc_ElE/TSM_EmbHardw/Labs/Lab_04/mse_demo/software/sobel_bsp/\libhal_bsp.a(alt_do_ctors.o)
                0x0000000000010e18                _do_ctors
 .text          0x0000000000010e78       0x60 C:/Users/nicis/HESSO/MSc_ElE/TSM_EmbHardw/Labs/Lab_04/mse_demo/software/sobel_bsp/\libhal_bsp.a(alt_do_dtors.o)
                0x0000000000010e78                _do_dtors
 .text          0x0000000000010ed8       0x34 C:/Users/nicis/HESSO/MSc_ElE/TSM_EmbHardw/Labs/Lab_04/mse_demo/software/sobel_bsp/\libhal_bsp.a(alt_icache_flush_all.o)
                0x0000000000010ed8                alt_icache_flush_all
 .text          0x0000000000010f0c      0x1b0 C:/Users/nicis/HESSO/MSc_ElE/TSM_EmbHardw/Labs/Lab_04/mse_demo/software/sobel_bsp/\libhal_bsp.a(alt_iic.o)
                0x0000000000010f0c                alt_ic_isr_register
                0x0000000000010f5c                alt_ic_irq_enable
                0x0000000000010fe4                alt_ic_irq_disable
                0x0000000000011070                alt_ic_irq_enabled
 .text          0x00000000000110bc       0xf0 C:/Users/nicis/HESSO/MSc_ElE/TSM_EmbHardw/Labs/Lab_04/mse_demo/software/sobel_bsp/\libhal_bsp.a(alt_iic_isr_register.o)
                0x00000000000110bc                alt_iic_isr_register
 .text          0x00000000000111ac      0x140 C:/Users/nicis/HESSO/MSc_ElE/TSM_EmbHardw/Labs/Lab_04/mse_demo/software/sobel_bsp/\libhal_bsp.a(alt_io_redirect.o)
                0x0000000000011270                alt_io_redirect
 .text          0x00000000000112ec        0x0 C:/Users/nicis/HESSO/MSc_ElE/TSM_EmbHardw/Labs/Lab_04/mse_demo/software/sobel_bsp/\libhal_bsp.a(alt_irq_entry.o)
 .text          0x00000000000112ec        0x0 C:/Users/nicis/HESSO/MSc_ElE/TSM_EmbHardw/Labs/Lab_04/mse_demo/software/sobel_bsp/\libhal_bsp.a(alt_irq_handler.o)
 .text          0x00000000000112ec        0x0 C:/Users/nicis/HESSO/MSc_ElE/TSM_EmbHardw/Labs/Lab_04/mse_demo/software/sobel_bsp/\libhal_bsp.a(alt_irq_vars.o)
 .text          0x00000000000112ec      0x254 C:/Users/nicis/HESSO/MSc_ElE/TSM_EmbHardw/Labs/Lab_04/mse_demo/software/sobel_bsp/\libhal_bsp.a(alt_open.o)
                0x00000000000113ec                open
 .text          0x0000000000011540      0x1a4 C:/Users/nicis/HESSO/MSc_ElE/TSM_EmbHardw/Labs/Lab_04/mse_demo/software/sobel_bsp/\libhal_bsp.a(alt_tick.o)
                0x0000000000011540                alt_alarm_stop
                0x00000000000115dc                alt_tick
 .text          0x00000000000116e4       0x24 C:/Users/nicis/HESSO/MSc_ElE/TSM_EmbHardw/Labs/Lab_04/mse_demo/software/sobel_bsp/\libhal_bsp.a(altera_nios2_gen2_irq.o)
                0x00000000000116e4                altera_nios2_gen2_irq_init
 .text          0x0000000000011708        0x0 C:/Users/nicis/HESSO/MSc_ElE/TSM_EmbHardw/Labs/Lab_04/mse_demo/software/sobel_bsp/\libhal_bsp.a(alt_exception_entry.o)
 .text          0x0000000000011708       0x90 C:/Users/nicis/HESSO/MSc_ElE/TSM_EmbHardw/Labs/Lab_04/mse_demo/software/sobel_bsp/\libhal_bsp.a(alt_find_dev.o)
                0x0000000000011708                alt_find_dev
 .text          0x0000000000011798      0x108 C:/Users/nicis/HESSO/MSc_ElE/TSM_EmbHardw/Labs/Lab_04/mse_demo/software/sobel_bsp/\libhal_bsp.a(alt_find_file.o)
                0x0000000000011798                alt_find_file
 .text          0x00000000000118a0       0xa4 C:/Users/nicis/HESSO/MSc_ElE/TSM_EmbHardw/Labs/Lab_04/mse_demo/software/sobel_bsp/\libhal_bsp.a(alt_get_fd.o)
                0x00000000000118a0                alt_get_fd
 .text          0x0000000000011944       0x90 C:/Users/nicis/HESSO/MSc_ElE/TSM_EmbHardw/Labs/Lab_04/mse_demo/software/sobel_bsp/\libhal_bsp.a(alt_icache_flush.o)
                0x0000000000011944                alt_icache_flush
 .text          0x00000000000119d4       0x9c C:/Users/nicis/HESSO/MSc_ElE/TSM_EmbHardw/Labs/Lab_04/mse_demo/software/sobel_bsp/\libhal_bsp.a(alt_instruction_exception_entry.o)
                0x00000000000119d4                alt_exception_cause_generated_bad_addr
 .text          0x0000000000011a70        0x0 c:/intelfpga_lite/18.1/nios2eds/bin/gnu/h-x86_64-mingw32/bin/../lib/gcc/nios2-elf/5.3.0/../../../../../H-x86_64-mingw32/nios2-elf/lib\libc.a(lib_a-atexit.o)
 .text.atexit   0x0000000000011a70       0x14 c:/intelfpga_lite/18.1/nios2eds/bin/gnu/h-x86_64-mingw32/bin/../lib/gcc/nios2-elf/5.3.0/../../../../../H-x86_64-mingw32/nios2-elf/lib\libc.a(lib_a-atexit.o)
                0x0000000000011a70                atexit
 .text          0x0000000000011a84        0x0 c:/intelfpga_lite/18.1/nios2eds/bin/gnu/h-x86_64-mingw32/bin/../lib/gcc/nios2-elf/5.3.0/../../../../../H-x86_64-mingw32/nios2-elf/lib\libc.a(lib_a-exit.o)
 .text.exit     0x0000000000011a84       0x38 c:/intelfpga_lite/18.1/nios2eds/bin/gnu/h-x86_64-mingw32/bin/../lib/gcc/nios2-elf/5.3.0/../../../../../H-x86_64-mingw32/nios2-elf/lib\libc.a(lib_a-exit.o)
                0x0000000000011a84                exit
 .text          0x0000000000011abc        0x0 c:/intelfpga_lite/18.1/nios2eds/bin/gnu/h-x86_64-mingw32/bin/../lib/gcc/nios2-elf/5.3.0/../../../../../H-x86_64-mingw32/nios2-elf/lib\libc.a(lib_a-memcmp.o)
 .text.memcmp   0x0000000000011abc       0x7c c:/intelfpga_lite/18.1/nios2eds/bin/gnu/h-x86_64-mingw32/bin/../lib/gcc/nios2-elf/5.3.0/../../../../../H-x86_64-mingw32/nios2-elf/lib\libc.a(lib_a-memcmp.o)
                0x0000000000011abc                memcmp
 .text          0x0000000000011b38        0x0 c:/intelfpga_lite/18.1/nios2eds/bin/gnu/h-x86_64-mingw32/bin/../lib/gcc/nios2-elf/5.3.0/../../../../../H-x86_64-mingw32/nios2-elf/lib\libc.a(lib_a-__atexit.o)
 .text.__register_exitproc
                0x0000000000011b38      0x118 c:/intelfpga_lite/18.1/nios2eds/bin/gnu/h-x86_64-mingw32/bin/../lib/gcc/nios2-elf/5.3.0/../../../../../H-x86_64-mingw32/nios2-elf/lib\libc.a(lib_a-__atexit.o)
                0x0000000000011b38                __register_exitproc
 .text          0x0000000000011c50        0x0 c:/intelfpga_lite/18.1/nios2eds/bin/gnu/h-x86_64-mingw32/bin/../lib/gcc/nios2-elf/5.3.0/../../../../../H-x86_64-mingw32/nios2-elf/lib\libc.a(lib_a-__call_atexit.o)
 .text.__call_exitprocs
                0x0000000000011c50      0x180 c:/intelfpga_lite/18.1/nios2eds/bin/gnu/h-x86_64-mingw32/bin/../lib/gcc/nios2-elf/5.3.0/../../../../../H-x86_64-mingw32/nios2-elf/lib\libc.a(lib_a-__call_atexit.o)
                0x0000000000011c50                __call_exitprocs
 .text          0x0000000000011dd0       0x34 C:/Users/nicis/HESSO/MSc_ElE/TSM_EmbHardw/Labs/Lab_04/mse_demo/software/sobel_bsp/\libhal_bsp.a(alt_exit.o)
                0x0000000000011dd0                _exit
 *(.gnu.warning.*)
 *(.fini)
                [!provide]                        PROVIDE (__etext, ABSOLUTE (.))
                [!provide]                        PROVIDE (_etext, ABSOLUTE (.))
                [!provide]                        PROVIDE (etext, ABSOLUTE (.))
 *(.eh_frame_hdr)
                0x0000000000011e04                . = ALIGN (0x4)
                [!provide]                        PROVIDE (__preinit_array_start, ABSOLUTE (.))
 *(.preinit_array)
                [!provide]                        PROVIDE (__preinit_array_end, ABSOLUTE (.))
                [!provide]                        PROVIDE (__init_array_start, ABSOLUTE (.))
 *(.init_array)
                [!provide]                        PROVIDE (__init_array_end, ABSOLUTE (.))
                [!provide]                        PROVIDE (__fini_array_start, ABSOLUTE (.))
 *(.fini_array)
                [!provide]                        PROVIDE (__fini_array_end, ABSOLUTE (.))
 *(.eh_frame)
 *(.gcc_except_table .gcc_except_table.*)
 *(.dynamic)
                0x0000000000011e04                PROVIDE (__CTOR_LIST__, ABSOLUTE (.))
 *(.ctors)
 *(SORT(.ctors.*))
                0x0000000000011e04                PROVIDE (__CTOR_END__, ABSOLUTE (.))
                0x0000000000011e04                PROVIDE (__DTOR_LIST__, ABSOLUTE (.))
 *(.dtors)
 *(SORT(.dtors.*))
                0x0000000000011e04                PROVIDE (__DTOR_END__, ABSOLUTE (.))
 *(.jcr)
                0x0000000000011e04                . = ALIGN (0x4)

.rodata         0x0000000000011e04      0x7c8
                0x0000000000011e04                PROVIDE (__ram_rodata_start, ABSOLUTE (.))
                0x0000000000011e04                . = ALIGN (0x4)
 *(.rodata .rodata.* .gnu.linkonce.r.*)
 .rodata        0x0000000000011e04      0x3e0 obj/default/camera.o
                0x0000000000011e04                preview_snapshot_mode_reg_settings_array
                0x0000000000011f1c                noise_reduction_reg_settings_array
                0x000000000001205c                lens_roll_off_tbl
 .rodata        0x00000000000121e4       0x47 obj/default/i2c.o
 *fill*         0x000000000001222b        0x1 
 .rodata        0x000000000001222c       0x93 obj/default/main.o
 .rodata        0x00000000000122bf       0x12 obj/default/sobel.o
                0x00000000000122bf                gx_array
                0x00000000000122c8                gy_array
 *fill*         0x00000000000122d1        0x3 
 .rodata.str1.4
                0x00000000000122d4        0x2 c:/intelfpga_lite/18.1/nios2eds/bin/gnu/h-x86_64-mingw32/bin/../lib/gcc/nios2-elf/5.3.0/../../../../../H-x86_64-mingw32/nios2-elf/lib\libc.a(lib_a-puts.o)
 *fill*         0x00000000000122d6        0x2 
 .rodata.str1.4
                0x00000000000122d8       0x42 c:/intelfpga_lite/18.1/nios2eds/bin/gnu/h-x86_64-mingw32/bin/../lib/gcc/nios2-elf/5.3.0/../../../../../H-x86_64-mingw32/nios2-elf/lib\libc.a(lib_a-vfprintf.o)
 .rodata.zeroes.4404
                0x000000000001231a       0x10 c:/intelfpga_lite/18.1/nios2eds/bin/gnu/h-x86_64-mingw32/bin/../lib/gcc/nios2-elf/5.3.0/../../../../../H-x86_64-mingw32/nios2-elf/lib\libc.a(lib_a-vfprintf.o)
 .rodata.blanks.4403
                0x000000000001232a       0x10 c:/intelfpga_lite/18.1/nios2eds/bin/gnu/h-x86_64-mingw32/bin/../lib/gcc/nios2-elf/5.3.0/../../../../../H-x86_64-mingw32/nios2-elf/lib\libc.a(lib_a-vfprintf.o)
 *fill*         0x000000000001233a        0x2 
 .rodata.str1.4
                0x000000000001233c       0x10 c:/intelfpga_lite/18.1/nios2eds/bin/gnu/h-x86_64-mingw32/bin/../lib/gcc/nios2-elf/5.3.0/../../../../../H-x86_64-mingw32/nios2-elf/lib\libc.a(lib_a-dtoa.o)
                                         0x12 (size before relaxing)
 .rodata.str1.4
                0x000000000001234c        0x2 c:/intelfpga_lite/18.1/nios2eds/bin/gnu/h-x86_64-mingw32/bin/../lib/gcc/nios2-elf/5.3.0/../../../../../H-x86_64-mingw32/nios2-elf/lib\libc.a(lib_a-impure.o)
 *fill*         0x000000000001234e        0x2 
 .rodata.str1.4
                0x0000000000012350        0xc c:/intelfpga_lite/18.1/nios2eds/bin/gnu/h-x86_64-mingw32/bin/../lib/gcc/nios2-elf/5.3.0/../../../../../H-x86_64-mingw32/nios2-elf/lib\libc.a(lib_a-locale.o)
                                         0x12 (size before relaxing)
 .rodata.p05.2768
                0x000000000001235c        0xc c:/intelfpga_lite/18.1/nios2eds/bin/gnu/h-x86_64-mingw32/bin/../lib/gcc/nios2-elf/5.3.0/../../../../../H-x86_64-mingw32/nios2-elf/lib\libc.a(lib_a-mprec.o)
 .rodata.__mprec_tinytens
                0x0000000000012368       0x28 c:/intelfpga_lite/18.1/nios2eds/bin/gnu/h-x86_64-mingw32/bin/../lib/gcc/nios2-elf/5.3.0/../../../../../H-x86_64-mingw32/nios2-elf/lib\libc.a(lib_a-mprec.o)
                0x0000000000012368                __mprec_tinytens
 .rodata.__mprec_bigtens
                0x0000000000012390       0x28 c:/intelfpga_lite/18.1/nios2eds/bin/gnu/h-x86_64-mingw32/bin/../lib/gcc/nios2-elf/5.3.0/../../../../../H-x86_64-mingw32/nios2-elf/lib\libc.a(lib_a-mprec.o)
                0x0000000000012390                __mprec_bigtens
 .rodata.__mprec_tens
                0x00000000000123b8       0xc8 c:/intelfpga_lite/18.1/nios2eds/bin/gnu/h-x86_64-mingw32/bin/../lib/gcc/nios2-elf/5.3.0/../../../../../H-x86_64-mingw32/nios2-elf/lib\libc.a(lib_a-mprec.o)
                0x00000000000123b8                __mprec_tens
 .rodata.str1.4
                0x0000000000012480       0x2f c:/intelfpga_lite/18.1/nios2eds/bin/gnu/h-x86_64-mingw32/bin/../lib/gcc/nios2-elf/5.3.0/../../../../../H-x86_64-mingw32/nios2-elf/lib\libc.a(lib_a-vfiprintf.o)
 .rodata.zeroes.4349
                0x0000000000012480       0x10 c:/intelfpga_lite/18.1/nios2eds/bin/gnu/h-x86_64-mingw32/bin/../lib/gcc/nios2-elf/5.3.0/../../../../../H-x86_64-mingw32/nios2-elf/lib\libc.a(lib_a-vfiprintf.o)
 .rodata.blanks.4348
                0x0000000000012490       0x10 c:/intelfpga_lite/18.1/nios2eds/bin/gnu/h-x86_64-mingw32/bin/../lib/gcc/nios2-elf/5.3.0/../../../../../H-x86_64-mingw32/nios2-elf/lib\libc.a(lib_a-vfiprintf.o)
 .rodata        0x00000000000124a0      0x100 c:/intelfpga_lite/18.1/nios2eds/bin/gnu/h-x86_64-mingw32/bin/../lib/gcc/nios2-elf/5.3.0\libgcc.a(_clz.o)
                0x00000000000124a0                __clz_tab
 .rodata        0x00000000000125a0        0xa C:/Users/nicis/HESSO/MSc_ElE/TSM_EmbHardw/Labs/Lab_04/mse_demo/software/sobel_bsp/\libhal_bsp.a(alt_dev.o)
 *fill*         0x00000000000125aa        0x2 
 .rodata        0x00000000000125ac        0xf C:/Users/nicis/HESSO/MSc_ElE/TSM_EmbHardw/Labs/Lab_04/mse_demo/software/sobel_bsp/\libhal_bsp.a(alt_main.o)
 *fill*         0x00000000000125bb        0x1 
 .rodata        0x00000000000125bc        0xf C:/Users/nicis/HESSO/MSc_ElE/TSM_EmbHardw/Labs/Lab_04/mse_demo/software/sobel_bsp/\libhal_bsp.a(alt_sys_init.o)
 *(.rodata1)
                0x00000000000125cc                . = ALIGN (0x4)
 *fill*         0x00000000000125cb        0x1 
                0x00000000000125cc                PROVIDE (__ram_rodata_end, ABSOLUTE (.))
                0x0000000000011e04                PROVIDE (__flash_rodata_start, LOADADDR (.rodata))

.rwdata         0x00000000000125cc     0x1af4 load address 0x00000000000140c0
                0x00000000000125cc                PROVIDE (__ram_rwdata_start, ABSOLUTE (.))
                0x00000000000125cc                . = ALIGN (0x4)
 *(.got.plt)
 *(.got)
 *(.data1)
 *(.data .data.* .gnu.linkonce.d.*)
 .data          0x00000000000125cc        0x0 C:/Users/nicis/HESSO/MSc_ElE/TSM_EmbHardw/Labs/Lab_04/mse_demo/software/sobel_bsp//obj/HAL/src/crt0.o
 .data          0x00000000000125cc        0x0 obj/default/camera.o
 .data          0x00000000000125cc        0x0 obj/default/dipswitch.o
 .data          0x00000000000125cc        0x0 obj/default/grayscale.o
 .data          0x00000000000125cc        0x0 obj/default/i2c.o
 .data          0x00000000000125cc        0x0 obj/default/lcd_simple.o
 .data          0x00000000000125cc        0x0 obj/default/main.o
 .data          0x00000000000125cc        0x0 obj/default/sobel.o
 .data          0x00000000000125cc        0x0 obj/default/vga.o
 .data          0x00000000000125cc        0x0 c:/intelfpga_lite/18.1/nios2eds/bin/gnu/h-x86_64-mingw32/bin/../lib/gcc/nios2-elf/5.3.0\libgcc.a(lib2-divmod.o)
 .data          0x00000000000125cc        0x0 c:/intelfpga_lite/18.1/nios2eds/bin/gnu/h-x86_64-mingw32/bin/../lib/gcc/nios2-elf/5.3.0/../../../../../H-x86_64-mingw32/nios2-elf/lib\libc.a(lib_a-malloc.o)
 .data          0x00000000000125cc        0x0 c:/intelfpga_lite/18.1/nios2eds/bin/gnu/h-x86_64-mingw32/bin/../lib/gcc/nios2-elf/5.3.0/../../../../../H-x86_64-mingw32/nios2-elf/lib\libc.a(lib_a-mallocr.o)
 .data.__malloc_av_
                0x00000000000125cc      0x408 c:/intelfpga_lite/18.1/nios2eds/bin/gnu/h-x86_64-mingw32/bin/../lib/gcc/nios2-elf/5.3.0/../../../../../H-x86_64-mingw32/nios2-elf/lib\libc.a(lib_a-mallocr.o)
                0x00000000000125cc                __malloc_av_
 .data          0x00000000000129d4        0x0 c:/intelfpga_lite/18.1/nios2eds/bin/gnu/h-x86_64-mingw32/bin/../lib/gcc/nios2-elf/5.3.0/../../../../../H-x86_64-mingw32/nios2-elf/lib\libc.a(lib_a-printf.o)
 .data          0x00000000000129d4        0x0 c:/intelfpga_lite/18.1/nios2eds/bin/gnu/h-x86_64-mingw32/bin/../lib/gcc/nios2-elf/5.3.0/../../../../../H-x86_64-mingw32/nios2-elf/lib\libc.a(lib_a-puts.o)
 .data          0x00000000000129d4        0x0 c:/intelfpga_lite/18.1/nios2eds/bin/gnu/h-x86_64-mingw32/bin/../lib/gcc/nios2-elf/5.3.0/../../../../../H-x86_64-mingw32/nios2-elf/lib\libc.a(lib_a-sbrkr.o)
 .data          0x00000000000129d4        0x0 c:/intelfpga_lite/18.1/nios2eds/bin/gnu/h-x86_64-mingw32/bin/../lib/gcc/nios2-elf/5.3.0/../../../../../H-x86_64-mingw32/nios2-elf/lib\libc.a(lib_a-strlen.o)
 .data          0x00000000000129d4        0x0 c:/intelfpga_lite/18.1/nios2eds/bin/gnu/h-x86_64-mingw32/bin/../lib/gcc/nios2-elf/5.3.0/../../../../../H-x86_64-mingw32/nios2-elf/lib\libc.a(lib_a-vfprintf.o)
 .data          0x00000000000129d4        0x0 c:/intelfpga_lite/18.1/nios2eds/bin/gnu/h-x86_64-mingw32/bin/../lib/gcc/nios2-elf/5.3.0/../../../../../H-x86_64-mingw32/nios2-elf/lib\libc.a(lib_a-wsetup.o)
 .data          0x00000000000129d4        0x0 c:/intelfpga_lite/18.1/nios2eds/bin/gnu/h-x86_64-mingw32/bin/../lib/gcc/nios2-elf/5.3.0/../../../../../H-x86_64-mingw32/nios2-elf/lib\libc.a(lib_a-dtoa.o)
 .data          0x00000000000129d4        0x0 c:/intelfpga_lite/18.1/nios2eds/bin/gnu/h-x86_64-mingw32/bin/../lib/gcc/nios2-elf/5.3.0/../../../../../H-x86_64-mingw32/nios2-elf/lib\libc.a(lib_a-fflush.o)
 .data          0x00000000000129d4        0x0 c:/intelfpga_lite/18.1/nios2eds/bin/gnu/h-x86_64-mingw32/bin/../lib/gcc/nios2-elf/5.3.0/../../../../../H-x86_64-mingw32/nios2-elf/lib\libc.a(lib_a-findfp.o)
 .data          0x00000000000129d4        0x0 c:/intelfpga_lite/18.1/nios2eds/bin/gnu/h-x86_64-mingw32/bin/../lib/gcc/nios2-elf/5.3.0/../../../../../H-x86_64-mingw32/nios2-elf/lib\libc.a(lib_a-freer.o)
 .data          0x00000000000129d4        0x0 c:/intelfpga_lite/18.1/nios2eds/bin/gnu/h-x86_64-mingw32/bin/../lib/gcc/nios2-elf/5.3.0/../../../../../H-x86_64-mingw32/nios2-elf/lib\libc.a(lib_a-fvwrite.o)
 .data          0x00000000000129d4        0x0 c:/intelfpga_lite/18.1/nios2eds/bin/gnu/h-x86_64-mingw32/bin/../lib/gcc/nios2-elf/5.3.0/../../../../../H-x86_64-mingw32/nios2-elf/lib\libc.a(lib_a-fwalk.o)
 .data          0x00000000000129d4        0x0 c:/intelfpga_lite/18.1/nios2eds/bin/gnu/h-x86_64-mingw32/bin/../lib/gcc/nios2-elf/5.3.0/../../../../../H-x86_64-mingw32/nios2-elf/lib\libc.a(lib_a-impure.o)
 .data.impure_data
                0x00000000000129d4      0x424 c:/intelfpga_lite/18.1/nios2eds/bin/gnu/h-x86_64-mingw32/bin/../lib/gcc/nios2-elf/5.3.0/../../../../../H-x86_64-mingw32/nios2-elf/lib\libc.a(lib_a-impure.o)
 .data          0x0000000000012df8        0x0 c:/intelfpga_lite/18.1/nios2eds/bin/gnu/h-x86_64-mingw32/bin/../lib/gcc/nios2-elf/5.3.0/../../../../../H-x86_64-mingw32/nios2-elf/lib\libc.a(lib_a-int_errno.o)
 .data          0x0000000000012df8        0x0 c:/intelfpga_lite/18.1/nios2eds/bin/gnu/h-x86_64-mingw32/bin/../lib/gcc/nios2-elf/5.3.0/../../../../../H-x86_64-mingw32/nios2-elf/lib\libc.a(lib_a-locale.o)
 .data.lc_message_charset
                0x0000000000012df8       0x20 c:/intelfpga_lite/18.1/nios2eds/bin/gnu/h-x86_64-mingw32/bin/../lib/gcc/nios2-elf/5.3.0/../../../../../H-x86_64-mingw32/nios2-elf/lib\libc.a(lib_a-locale.o)
 .data.lc_ctype_charset
                0x0000000000012e18       0x20 c:/intelfpga_lite/18.1/nios2eds/bin/gnu/h-x86_64-mingw32/bin/../lib/gcc/nios2-elf/5.3.0/../../../../../H-x86_64-mingw32/nios2-elf/lib\libc.a(lib_a-locale.o)
 .data.lconv    0x0000000000012e38       0x38 c:/intelfpga_lite/18.1/nios2eds/bin/gnu/h-x86_64-mingw32/bin/../lib/gcc/nios2-elf/5.3.0/../../../../../H-x86_64-mingw32/nios2-elf/lib\libc.a(lib_a-locale.o)
 .data          0x0000000000012e70        0x0 c:/intelfpga_lite/18.1/nios2eds/bin/gnu/h-x86_64-mingw32/bin/../lib/gcc/nios2-elf/5.3.0/../../../../../H-x86_64-mingw32/nios2-elf/lib\libc.a(lib_a-makebuf.o)
 .data          0x0000000000012e70        0x0 c:/intelfpga_lite/18.1/nios2eds/bin/gnu/h-x86_64-mingw32/bin/../lib/gcc/nios2-elf/5.3.0/../../../../../H-x86_64-mingw32/nios2-elf/lib\libc.a(lib_a-memchr.o)
 .data          0x0000000000012e70        0x0 c:/intelfpga_lite/18.1/nios2eds/bin/gnu/h-x86_64-mingw32/bin/../lib/gcc/nios2-elf/5.3.0/../../../../../H-x86_64-mingw32/nios2-elf/lib\libc.a(lib_a-memcpy.o)
 .data          0x0000000000012e70        0x0 c:/intelfpga_lite/18.1/nios2eds/bin/gnu/h-x86_64-mingw32/bin/../lib/gcc/nios2-elf/5.3.0/../../../../../H-x86_64-mingw32/nios2-elf/lib\libc.a(lib_a-memmove.o)
 .data          0x0000000000012e70        0x0 c:/intelfpga_lite/18.1/nios2eds/bin/gnu/h-x86_64-mingw32/bin/../lib/gcc/nios2-elf/5.3.0/../../../../../H-x86_64-mingw32/nios2-elf/lib\libc.a(lib_a-memset.o)
 .data          0x0000000000012e70        0x0 c:/intelfpga_lite/18.1/nios2eds/bin/gnu/h-x86_64-mingw32/bin/../lib/gcc/nios2-elf/5.3.0/../../../../../H-x86_64-mingw32/nios2-elf/lib\libc.a(lib_a-mprec.o)
 .data          0x0000000000012e70        0x0 c:/intelfpga_lite/18.1/nios2eds/bin/gnu/h-x86_64-mingw32/bin/../lib/gcc/nios2-elf/5.3.0/../../../../../H-x86_64-mingw32/nios2-elf/lib\libc.a(lib_a-reallocr.o)
 .data          0x0000000000012e70        0x0 c:/intelfpga_lite/18.1/nios2eds/bin/gnu/h-x86_64-mingw32/bin/../lib/gcc/nios2-elf/5.3.0/../../../../../H-x86_64-mingw32/nios2-elf/lib\libc.a(lib_a-s_fpclassify.o)
 .data          0x0000000000012e70        0x0 c:/intelfpga_lite/18.1/nios2eds/bin/gnu/h-x86_64-mingw32/bin/../lib/gcc/nios2-elf/5.3.0/../../../../../H-x86_64-mingw32/nios2-elf/lib\libc.a(lib_a-stdio.o)
 .data          0x0000000000012e70        0x0 c:/intelfpga_lite/18.1/nios2eds/bin/gnu/h-x86_64-mingw32/bin/../lib/gcc/nios2-elf/5.3.0/../../../../../H-x86_64-mingw32/nios2-elf/lib\libc.a(lib_a-strcmp.o)
 .data          0x0000000000012e70        0x0 c:/intelfpga_lite/18.1/nios2eds/bin/gnu/h-x86_64-mingw32/bin/../lib/gcc/nios2-elf/5.3.0/../../../../../H-x86_64-mingw32/nios2-elf/lib\libc.a(lib_a-vfiprintf.o)
 .data          0x0000000000012e70        0x0 c:/intelfpga_lite/18.1/nios2eds/bin/gnu/h-x86_64-mingw32/bin/../lib/gcc/nios2-elf/5.3.0/../../../../../H-x86_64-mingw32/nios2-elf/lib\libc.a(lib_a-writer.o)
 .data          0x0000000000012e70        0x0 c:/intelfpga_lite/18.1/nios2eds/bin/gnu/h-x86_64-mingw32/bin/../lib/gcc/nios2-elf/5.3.0/../../../../../H-x86_64-mingw32/nios2-elf/lib\libc.a(closer.o)
 .data          0x0000000000012e70        0x0 c:/intelfpga_lite/18.1/nios2eds/bin/gnu/h-x86_64-mingw32/bin/../lib/gcc/nios2-elf/5.3.0/../../../../../H-x86_64-mingw32/nios2-elf/lib\libc.a(lib_a-callocr.o)
 .data          0x0000000000012e70        0x0 c:/intelfpga_lite/18.1/nios2eds/bin/gnu/h-x86_64-mingw32/bin/../lib/gcc/nios2-elf/5.3.0/../../../../../H-x86_64-mingw32/nios2-elf/lib\libc.a(lib_a-fclose.o)
 .data          0x0000000000012e70        0x0 c:/intelfpga_lite/18.1/nios2eds/bin/gnu/h-x86_64-mingw32/bin/../lib/gcc/nios2-elf/5.3.0/../../../../../H-x86_64-mingw32/nios2-elf/lib\libc.a(lib_a-fputwc.o)
 .data          0x0000000000012e70        0x0 c:/intelfpga_lite/18.1/nios2eds/bin/gnu/h-x86_64-mingw32/bin/../lib/gcc/nios2-elf/5.3.0/../../../../../H-x86_64-mingw32/nios2-elf/lib\libc.a(lib_a-fstatr.o)
 .data          0x0000000000012e70        0x0 c:/intelfpga_lite/18.1/nios2eds/bin/gnu/h-x86_64-mingw32/bin/../lib/gcc/nios2-elf/5.3.0/../../../../../H-x86_64-mingw32/nios2-elf/lib\libc.a(lib_a-isattyr.o)
 .data          0x0000000000012e70        0x0 c:/intelfpga_lite/18.1/nios2eds/bin/gnu/h-x86_64-mingw32/bin/../lib/gcc/nios2-elf/5.3.0/../../../../../H-x86_64-mingw32/nios2-elf/lib\libc.a(lib_a-lseekr.o)
 .data          0x0000000000012e70        0x0 c:/intelfpga_lite/18.1/nios2eds/bin/gnu/h-x86_64-mingw32/bin/../lib/gcc/nios2-elf/5.3.0/../../../../../H-x86_64-mingw32/nios2-elf/lib\libc.a(lib_a-readr.o)
 .data          0x0000000000012e70        0x0 c:/intelfpga_lite/18.1/nios2eds/bin/gnu/h-x86_64-mingw32/bin/../lib/gcc/nios2-elf/5.3.0/../../../../../H-x86_64-mingw32/nios2-elf/lib\libc.a(lib_a-wbuf.o)
 .data          0x0000000000012e70        0x0 c:/intelfpga_lite/18.1/nios2eds/bin/gnu/h-x86_64-mingw32/bin/../lib/gcc/nios2-elf/5.3.0/../../../../../H-x86_64-mingw32/nios2-elf/lib\libc.a(lib_a-wcrtomb.o)
 .data          0x0000000000012e70        0x0 c:/intelfpga_lite/18.1/nios2eds/bin/gnu/h-x86_64-mingw32/bin/../lib/gcc/nios2-elf/5.3.0/../../../../../H-x86_64-mingw32/nios2-elf/lib\libc.a(lib_a-wctomb_r.o)
 .data          0x0000000000012e70        0x0 c:/intelfpga_lite/18.1/nios2eds/bin/gnu/h-x86_64-mingw32/bin/../lib/gcc/nios2-elf/5.3.0\libgcc.a(_udivdi3.o)
 .data          0x0000000000012e70        0x0 c:/intelfpga_lite/18.1/nios2eds/bin/gnu/h-x86_64-mingw32/bin/../lib/gcc/nios2-elf/5.3.0\libgcc.a(_umoddi3.o)
 .data          0x0000000000012e70        0x0 c:/intelfpga_lite/18.1/nios2eds/bin/gnu/h-x86_64-mingw32/bin/../lib/gcc/nios2-elf/5.3.0\libgcc.a(adddf3.o)
 .data          0x0000000000012e70        0x0 c:/intelfpga_lite/18.1/nios2eds/bin/gnu/h-x86_64-mingw32/bin/../lib/gcc/nios2-elf/5.3.0\libgcc.a(divdf3.o)
 .data          0x0000000000012e70        0x0 c:/intelfpga_lite/18.1/nios2eds/bin/gnu/h-x86_64-mingw32/bin/../lib/gcc/nios2-elf/5.3.0\libgcc.a(eqdf2.o)
 .data          0x0000000000012e70        0x0 c:/intelfpga_lite/18.1/nios2eds/bin/gnu/h-x86_64-mingw32/bin/../lib/gcc/nios2-elf/5.3.0\libgcc.a(gedf2.o)
 .data          0x0000000000012e70        0x0 c:/intelfpga_lite/18.1/nios2eds/bin/gnu/h-x86_64-mingw32/bin/../lib/gcc/nios2-elf/5.3.0\libgcc.a(ledf2.o)
 .data          0x0000000000012e70        0x0 c:/intelfpga_lite/18.1/nios2eds/bin/gnu/h-x86_64-mingw32/bin/../lib/gcc/nios2-elf/5.3.0\libgcc.a(muldf3.o)
 .data          0x0000000000012e70        0x0 c:/intelfpga_lite/18.1/nios2eds/bin/gnu/h-x86_64-mingw32/bin/../lib/gcc/nios2-elf/5.3.0\libgcc.a(subdf3.o)
 .data          0x0000000000012e70        0x0 c:/intelfpga_lite/18.1/nios2eds/bin/gnu/h-x86_64-mingw32/bin/../lib/gcc/nios2-elf/5.3.0\libgcc.a(fixdfsi.o)
 .data          0x0000000000012e70        0x0 c:/intelfpga_lite/18.1/nios2eds/bin/gnu/h-x86_64-mingw32/bin/../lib/gcc/nios2-elf/5.3.0\libgcc.a(floatsidf.o)
 .data          0x0000000000012e70        0x0 c:/intelfpga_lite/18.1/nios2eds/bin/gnu/h-x86_64-mingw32/bin/../lib/gcc/nios2-elf/5.3.0\libgcc.a(floatunsidf.o)
 .data          0x0000000000012e70        0x0 c:/intelfpga_lite/18.1/nios2eds/bin/gnu/h-x86_64-mingw32/bin/../lib/gcc/nios2-elf/5.3.0\libgcc.a(_clz.o)
 .data          0x0000000000012e70        0x0 c:/intelfpga_lite/18.1/nios2eds/bin/gnu/h-x86_64-mingw32/bin/../lib/gcc/nios2-elf/5.3.0\libgcc.a(_clzsi2.o)
 .data          0x0000000000012e70        0x0 C:/Users/nicis/HESSO/MSc_ElE/TSM_EmbHardw/Labs/Lab_04/mse_demo/software/sobel_bsp/\libhal_bsp.a(alt_close.o)
 .data          0x0000000000012e70      0x1a8 C:/Users/nicis/HESSO/MSc_ElE/TSM_EmbHardw/Labs/Lab_04/mse_demo/software/sobel_bsp/\libhal_bsp.a(alt_dev.o)
                0x0000000000012e70                alt_dev_null
                0x0000000000012e98                alt_fd_list
 .data          0x0000000000013018        0x0 C:/Users/nicis/HESSO/MSc_ElE/TSM_EmbHardw/Labs/Lab_04/mse_demo/software/sobel_bsp/\libhal_bsp.a(alt_errno.o)
 .data          0x0000000000013018        0x0 C:/Users/nicis/HESSO/MSc_ElE/TSM_EmbHardw/Labs/Lab_04/mse_demo/software/sobel_bsp/\libhal_bsp.a(alt_fstat.o)
 .data          0x0000000000013018        0x0 C:/Users/nicis/HESSO/MSc_ElE/TSM_EmbHardw/Labs/Lab_04/mse_demo/software/sobel_bsp/\libhal_bsp.a(alt_isatty.o)
 .data          0x0000000000013018        0x0 C:/Users/nicis/HESSO/MSc_ElE/TSM_EmbHardw/Labs/Lab_04/mse_demo/software/sobel_bsp/\libhal_bsp.a(alt_load.o)
 .data          0x0000000000013018        0x0 C:/Users/nicis/HESSO/MSc_ElE/TSM_EmbHardw/Labs/Lab_04/mse_demo/software/sobel_bsp/\libhal_bsp.a(alt_lseek.o)
 .data          0x0000000000013018        0x0 C:/Users/nicis/HESSO/MSc_ElE/TSM_EmbHardw/Labs/Lab_04/mse_demo/software/sobel_bsp/\libhal_bsp.a(alt_main.o)
 .data          0x0000000000013018        0x0 C:/Users/nicis/HESSO/MSc_ElE/TSM_EmbHardw/Labs/Lab_04/mse_demo/software/sobel_bsp/\libhal_bsp.a(alt_malloc_lock.o)
 .data          0x0000000000013018        0x0 C:/Users/nicis/HESSO/MSc_ElE/TSM_EmbHardw/Labs/Lab_04/mse_demo/software/sobel_bsp/\libhal_bsp.a(alt_read.o)
 .data          0x0000000000013018        0x0 C:/Users/nicis/HESSO/MSc_ElE/TSM_EmbHardw/Labs/Lab_04/mse_demo/software/sobel_bsp/\libhal_bsp.a(alt_release_fd.o)
 .data          0x0000000000013018        0x0 C:/Users/nicis/HESSO/MSc_ElE/TSM_EmbHardw/Labs/Lab_04/mse_demo/software/sobel_bsp/\libhal_bsp.a(alt_sbrk.o)
 .data          0x0000000000013018        0x0 C:/Users/nicis/HESSO/MSc_ElE/TSM_EmbHardw/Labs/Lab_04/mse_demo/software/sobel_bsp/\libhal_bsp.a(alt_usleep.o)
 .data          0x0000000000013018        0x0 C:/Users/nicis/HESSO/MSc_ElE/TSM_EmbHardw/Labs/Lab_04/mse_demo/software/sobel_bsp/\libhal_bsp.a(alt_write.o)
 .data          0x0000000000013018     0x1060 C:/Users/nicis/HESSO/MSc_ElE/TSM_EmbHardw/Labs/Lab_04/mse_demo/software/sobel_bsp/\libhal_bsp.a(alt_sys_init.o)
 .data          0x0000000000014078        0x0 C:/Users/nicis/HESSO/MSc_ElE/TSM_EmbHardw/Labs/Lab_04/mse_demo/software/sobel_bsp/\libhal_bsp.a(altera_avalon_jtag_uart_fd.o)
 .data          0x0000000000014078        0x0 C:/Users/nicis/HESSO/MSc_ElE/TSM_EmbHardw/Labs/Lab_04/mse_demo/software/sobel_bsp/\libhal_bsp.a(altera_avalon_jtag_uart_init.o)
 .data          0x0000000000014078        0x0 C:/Users/nicis/HESSO/MSc_ElE/TSM_EmbHardw/Labs/Lab_04/mse_demo/software/sobel_bsp/\libhal_bsp.a(altera_avalon_jtag_uart_ioctl.o)
 .data          0x0000000000014078        0x0 C:/Users/nicis/HESSO/MSc_ElE/TSM_EmbHardw/Labs/Lab_04/mse_demo/software/sobel_bsp/\libhal_bsp.a(altera_avalon_jtag_uart_read.o)
 .data          0x0000000000014078        0x0 C:/Users/nicis/HESSO/MSc_ElE/TSM_EmbHardw/Labs/Lab_04/mse_demo/software/sobel_bsp/\libhal_bsp.a(altera_avalon_jtag_uart_write.o)
 .data          0x0000000000014078        0x0 C:/Users/nicis/HESSO/MSc_ElE/TSM_EmbHardw/Labs/Lab_04/mse_demo/software/sobel_bsp/\libhal_bsp.a(altera_avalon_timer_sc.o)
 .data          0x0000000000014078        0x0 C:/Users/nicis/HESSO/MSc_ElE/TSM_EmbHardw/Labs/Lab_04/mse_demo/software/sobel_bsp/\libhal_bsp.a(altera_avalon_timer_ts.o)
 .data          0x0000000000014078        0x0 C:/Users/nicis/HESSO/MSc_ElE/TSM_EmbHardw/Labs/Lab_04/mse_demo/software/sobel_bsp/\libhal_bsp.a(altera_avalon_timer_vars.o)
 .data          0x0000000000014078        0x0 C:/Users/nicis/HESSO/MSc_ElE/TSM_EmbHardw/Labs/Lab_04/mse_demo/software/sobel_bsp/\libhal_bsp.a(alt_alarm_start.o)
 .data          0x0000000000014078        0x0 C:/Users/nicis/HESSO/MSc_ElE/TSM_EmbHardw/Labs/Lab_04/mse_demo/software/sobel_bsp/\libhal_bsp.a(alt_busy_sleep.o)
 .data          0x0000000000014078        0x0 C:/Users/nicis/HESSO/MSc_ElE/TSM_EmbHardw/Labs/Lab_04/mse_demo/software/sobel_bsp/\libhal_bsp.a(alt_dcache_flush_all.o)
 .data          0x0000000000014078        0x0 C:/Users/nicis/HESSO/MSc_ElE/TSM_EmbHardw/Labs/Lab_04/mse_demo/software/sobel_bsp/\libhal_bsp.a(alt_dev_llist_insert.o)
 .data          0x0000000000014078        0x0 C:/Users/nicis/HESSO/MSc_ElE/TSM_EmbHardw/Labs/Lab_04/mse_demo/software/sobel_bsp/\libhal_bsp.a(alt_do_ctors.o)
 .data          0x0000000000014078        0x0 C:/Users/nicis/HESSO/MSc_ElE/TSM_EmbHardw/Labs/Lab_04/mse_demo/software/sobel_bsp/\libhal_bsp.a(alt_do_dtors.o)
 .data          0x0000000000014078        0x0 C:/Users/nicis/HESSO/MSc_ElE/TSM_EmbHardw/Labs/Lab_04/mse_demo/software/sobel_bsp/\libhal_bsp.a(alt_icache_flush_all.o)
 .data          0x0000000000014078        0x0 C:/Users/nicis/HESSO/MSc_ElE/TSM_EmbHardw/Labs/Lab_04/mse_demo/software/sobel_bsp/\libhal_bsp.a(alt_iic.o)
 .data          0x0000000000014078        0x0 C:/Users/nicis/HESSO/MSc_ElE/TSM_EmbHardw/Labs/Lab_04/mse_demo/software/sobel_bsp/\libhal_bsp.a(alt_iic_isr_register.o)
 .data          0x0000000000014078        0x0 C:/Users/nicis/HESSO/MSc_ElE/TSM_EmbHardw/Labs/Lab_04/mse_demo/software/sobel_bsp/\libhal_bsp.a(alt_io_redirect.o)
 .data          0x0000000000014078        0x0 C:/Users/nicis/HESSO/MSc_ElE/TSM_EmbHardw/Labs/Lab_04/mse_demo/software/sobel_bsp/\libhal_bsp.a(alt_irq_entry.o)
 .data          0x0000000000014078        0x0 C:/Users/nicis/HESSO/MSc_ElE/TSM_EmbHardw/Labs/Lab_04/mse_demo/software/sobel_bsp/\libhal_bsp.a(alt_irq_handler.o)
 .data          0x0000000000014078        0x0 C:/Users/nicis/HESSO/MSc_ElE/TSM_EmbHardw/Labs/Lab_04/mse_demo/software/sobel_bsp/\libhal_bsp.a(alt_irq_vars.o)
 .data          0x0000000000014078        0x0 C:/Users/nicis/HESSO/MSc_ElE/TSM_EmbHardw/Labs/Lab_04/mse_demo/software/sobel_bsp/\libhal_bsp.a(alt_open.o)
 .data          0x0000000000014078        0x0 C:/Users/nicis/HESSO/MSc_ElE/TSM_EmbHardw/Labs/Lab_04/mse_demo/software/sobel_bsp/\libhal_bsp.a(alt_tick.o)
 .data          0x0000000000014078        0x0 C:/Users/nicis/HESSO/MSc_ElE/TSM_EmbHardw/Labs/Lab_04/mse_demo/software/sobel_bsp/\libhal_bsp.a(altera_nios2_gen2_irq.o)
 .data          0x0000000000014078        0x0 C:/Users/nicis/HESSO/MSc_ElE/TSM_EmbHardw/Labs/Lab_04/mse_demo/software/sobel_bsp/\libhal_bsp.a(alt_exception_entry.o)
 .data          0x0000000000014078        0x0 C:/Users/nicis/HESSO/MSc_ElE/TSM_EmbHardw/Labs/Lab_04/mse_demo/software/sobel_bsp/\libhal_bsp.a(alt_find_dev.o)
 .data          0x0000000000014078        0x0 C:/Users/nicis/HESSO/MSc_ElE/TSM_EmbHardw/Labs/Lab_04/mse_demo/software/sobel_bsp/\libhal_bsp.a(alt_find_file.o)
 .data          0x0000000000014078        0x0 C:/Users/nicis/HESSO/MSc_ElE/TSM_EmbHardw/Labs/Lab_04/mse_demo/software/sobel_bsp/\libhal_bsp.a(alt_get_fd.o)
 .data          0x0000000000014078        0x0 C:/Users/nicis/HESSO/MSc_ElE/TSM_EmbHardw/Labs/Lab_04/mse_demo/software/sobel_bsp/\libhal_bsp.a(alt_icache_flush.o)
 .data          0x0000000000014078        0x0 C:/Users/nicis/HESSO/MSc_ElE/TSM_EmbHardw/Labs/Lab_04/mse_demo/software/sobel_bsp/\libhal_bsp.a(alt_instruction_exception_entry.o)
 .data          0x0000000000014078        0x0 c:/intelfpga_lite/18.1/nios2eds/bin/gnu/h-x86_64-mingw32/bin/../lib/gcc/nios2-elf/5.3.0/../../../../../H-x86_64-mingw32/nios2-elf/lib\libc.a(lib_a-atexit.o)
 .data          0x0000000000014078        0x0 c:/intelfpga_lite/18.1/nios2eds/bin/gnu/h-x86_64-mingw32/bin/../lib/gcc/nios2-elf/5.3.0/../../../../../H-x86_64-mingw32/nios2-elf/lib\libc.a(lib_a-exit.o)
 .data          0x0000000000014078        0x0 c:/intelfpga_lite/18.1/nios2eds/bin/gnu/h-x86_64-mingw32/bin/../lib/gcc/nios2-elf/5.3.0/../../../../../H-x86_64-mingw32/nios2-elf/lib\libc.a(lib_a-memcmp.o)
 .data          0x0000000000014078        0x0 c:/intelfpga_lite/18.1/nios2eds/bin/gnu/h-x86_64-mingw32/bin/../lib/gcc/nios2-elf/5.3.0/../../../../../H-x86_64-mingw32/nios2-elf/lib\libc.a(lib_a-__atexit.o)
 .data          0x0000000000014078        0x0 c:/intelfpga_lite/18.1/nios2eds/bin/gnu/h-x86_64-mingw32/bin/../lib/gcc/nios2-elf/5.3.0/../../../../../H-x86_64-mingw32/nios2-elf/lib\libc.a(lib_a-__call_atexit.o)
 .data          0x0000000000014078        0x0 C:/Users/nicis/HESSO/MSc_ElE/TSM_EmbHardw/Labs/Lab_04/mse_demo/software/sobel_bsp/\libhal_bsp.a(alt_exit.o)
                0x000000000001c078                _gp = ABSOLUTE ((. + 0x8000))
                [!provide]                        PROVIDE (gp, _gp)
 *(.rwdata .rwdata.*)
 *(.sdata .sdata.* .gnu.linkonce.s.*)
 .sdata         0x0000000000014078        0x8 obj/default/main.o
                0x0000000000014078                pgx_array
                0x000000000001407c                pgy_array
 .sdata.__malloc_sbrk_base
                0x0000000000014080        0x4 c:/intelfpga_lite/18.1/nios2eds/bin/gnu/h-x86_64-mingw32/bin/../lib/gcc/nios2-elf/5.3.0/../../../../../H-x86_64-mingw32/nios2-elf/lib\libc.a(lib_a-mallocr.o)
                0x0000000000014080                __malloc_sbrk_base
 .sdata.__malloc_trim_threshold
                0x0000000000014084        0x4 c:/intelfpga_lite/18.1/nios2eds/bin/gnu/h-x86_64-mingw32/bin/../lib/gcc/nios2-elf/5.3.0/../../../../../H-x86_64-mingw32/nios2-elf/lib\libc.a(lib_a-mallocr.o)
                0x0000000000014084                __malloc_trim_threshold
 .sdata._global_impure_ptr
                0x0000000000014088        0x4 c:/intelfpga_lite/18.1/nios2eds/bin/gnu/h-x86_64-mingw32/bin/../lib/gcc/nios2-elf/5.3.0/../../../../../H-x86_64-mingw32/nios2-elf/lib\libc.a(lib_a-impure.o)
                0x0000000000014088                _global_impure_ptr
 .sdata._impure_ptr
                0x000000000001408c        0x4 c:/intelfpga_lite/18.1/nios2eds/bin/gnu/h-x86_64-mingw32/bin/../lib/gcc/nios2-elf/5.3.0/../../../../../H-x86_64-mingw32/nios2-elf/lib\libc.a(lib_a-impure.o)
                0x000000000001408c                _impure_ptr
 .sdata.__mb_cur_max
                0x0000000000014090        0x4 c:/intelfpga_lite/18.1/nios2eds/bin/gnu/h-x86_64-mingw32/bin/../lib/gcc/nios2-elf/5.3.0/../../../../../H-x86_64-mingw32/nios2-elf/lib\libc.a(lib_a-locale.o)
                0x0000000000014090                __mb_cur_max
 .sdata.__wctomb
                0x0000000000014094        0x4 c:/intelfpga_lite/18.1/nios2eds/bin/gnu/h-x86_64-mingw32/bin/../lib/gcc/nios2-elf/5.3.0/../../../../../H-x86_64-mingw32/nios2-elf/lib\libc.a(lib_a-wctomb_r.o)
                0x0000000000014094                __wctomb
 .sdata         0x0000000000014098       0x14 C:/Users/nicis/HESSO/MSc_ElE/TSM_EmbHardw/Labs/Lab_04/mse_demo/software/sobel_bsp/\libhal_bsp.a(alt_dev.o)
                0x0000000000014098                alt_fs_list
                0x00000000000140a0                alt_dev_list
                0x00000000000140a8                alt_max_fd
 .sdata         0x00000000000140ac        0x4 C:/Users/nicis/HESSO/MSc_ElE/TSM_EmbHardw/Labs/Lab_04/mse_demo/software/sobel_bsp/\libhal_bsp.a(alt_errno.o)
                0x00000000000140ac                alt_errno
 .sdata         0x00000000000140b0        0x4 C:/Users/nicis/HESSO/MSc_ElE/TSM_EmbHardw/Labs/Lab_04/mse_demo/software/sobel_bsp/\libhal_bsp.a(alt_sbrk.o)
 .sdata         0x00000000000140b4        0x4 C:/Users/nicis/HESSO/MSc_ElE/TSM_EmbHardw/Labs/Lab_04/mse_demo/software/sobel_bsp/\libhal_bsp.a(alt_irq_vars.o)
                0x00000000000140b4                alt_priority_mask
 .sdata         0x00000000000140b8        0x8 C:/Users/nicis/HESSO/MSc_ElE/TSM_EmbHardw/Labs/Lab_04/mse_demo/software/sobel_bsp/\libhal_bsp.a(alt_tick.o)
                0x00000000000140b8                alt_alarm_list
 *(.sdata2 .sdata2.* .gnu.linkonce.s2.*)
                0x00000000000140c0                . = ALIGN (0x4)
                0x00000000000140c0                _edata = ABSOLUTE (.)
                [!provide]                        PROVIDE (edata, ABSOLUTE (.))
                0x00000000000140c0                PROVIDE (__ram_rwdata_end, ABSOLUTE (.))
                0x00000000000140c0                PROVIDE (__flash_rwdata_start, LOADADDR (.rwdata))

.bss            0x0000000000015bb4      0x190
                0x0000000000015bb4                __bss_start = ABSOLUTE (.)
                [!provide]                        PROVIDE (__sbss_start, ABSOLUTE (.))
                [!provide]                        PROVIDE (___sbss_start, ABSOLUTE (.))
 *(.dynsbss)
 *(.sbss .sbss.* .gnu.linkonce.sb.*)
 .sbss          0x0000000000015bb4        0x8 obj/default/grayscale.o