Archive member included to satisfy reference by file (symbol)

c:/intelfpga_lite/18.1/nios2eds/bin/gnu/h-x86_64-mingw32/bin/../lib/gcc/nios2-elf/5.3.0\libgcc.a(lib2-divmod.o)
                              obj/default/grayscale.o (__divsi3)
c:/intelfpga_lite/18.1/nios2eds/bin/gnu/h-x86_64-mingw32/bin/../lib/gcc/nios2-elf/5.3.0/../../../../../H-x86_64-mingw32/nios2-elf/lib\libc.a(lib_a-malloc.o)
                              obj/default/grayscale.o (malloc)
c:/intelfpga_lite/18.1/nios2eds/bin/gnu/h-x86_64-mingw32/bin/../lib/gcc/nios2-elf/5.3.0/../../../../../H-x86_64-mingw32/nios2-elf/lib\libc.a(lib_a-mallocr.o)
                              c:/intelfpga_lite/18.1/nios2eds/bin/gnu/h-x86_64-mingw32/bin/../lib/gcc/nios2-elf/5.3.0/../../../../../H-x86_64-mingw32/nios2-elf/lib\libc.a(lib_a-malloc.o) (_malloc_r)
c:/intelfpga_lite/18.1/nios2eds/bin/gnu/h-x86_64-mingw32/bin/../lib/gcc/nios2-elf/5.3.0/../../../../../H-x86_64-mingw32/nios2-elf/lib\libc.a(lib_a-printf.o)
                              obj/default/camera.o (printf)
c:/intelfpga_lite/18.1/nios2eds/bin/gnu/h-x86_64-mingw32/bin/../lib/gcc/nios2-elf/5.3.0/../../../../../H-x86_64-mingw32/nios2-elf/lib\libc.a(lib_a-puts.o)
                              obj/default/main.o (puts)
c:/intelfpga_lite/18.1/nios2eds/bin/gnu/h-x86_64-mingw32/bin/../lib/gcc/nios2-elf/5.3.0/../../../../../H-x86_64-mingw32/nios2-elf/lib\libc.a(lib_a-sbrkr.o)
                              c:/intelfpga_lite/18.1/nios2eds/bin/gnu/h-x86_64-mingw32/bin/../lib/gcc/nios2-elf/5.3.0/../../../../../H-x86_64-mingw32/nios2-elf/lib\libc.a(lib_a-mallocr.o) (_sbrk_r)
c:/intelfpga_lite/18.1/nios2eds/bin/gnu/h-x86_64-mingw32/bin/../lib/gcc/nios2-elf/5.3.0/../../../../../H-x86_64-mingw32/nios2-elf/lib\libc.a(lib_a-strlen.o)
                              c:/intelfpga_lite/18.1/nios2eds/bin/gnu/h-x86_64-mingw32/bin/../lib/gcc/nios2-elf/5.3.0/../../../../../H-x86_64-mingw32/nios2-elf/lib\libc.a(lib_a-puts.o) (strlen)
c:/intelfpga_lite/18.1/nios2eds/bin/gnu/h-x86_64-mingw32/bin/../lib/gcc/nios2-elf/5.3.0/../../../../../H-x86_64-mingw32/nios2-elf/lib\libc.a(lib_a-vfprintf.o)
                              c:/intelfpga_lite/18.1/nios2eds/bin/gnu/h-x86_64-mingw32/bin/../lib/gcc/nios2-elf/5.3.0/../../../../../H-x86_64-mingw32/nios2-elf/lib\libc.a(lib_a-printf.o) (___vfprintf_internal_r)
c:/intelfpga_lite/18.1/nios2eds/bin/gnu/h-x86_64-mingw32/bin/../lib/gcc/nios2-elf/5.3.0/../../../../../H-x86_64-mingw32/nios2-elf/lib\libc.a(lib_a-wsetup.o)
                              c:/intelfpga_lite/18.1/nios2eds/bin/gnu/h-x86_64-mingw32/bin/../lib/gcc/nios2-elf/5.3.0/../../../../../H-x86_64-mingw32/nios2-elf/lib\libc.a(lib_a-vfprintf.o) (__swsetup_r)
c:/intelfpga_lite/18.1/nios2eds/bin/gnu/h-x86_64-mingw32/bin/../lib/gcc/nios2-elf/5.3.0/../../../../../H-x86_64-mingw32/nios2-elf/lib\libc.a(lib_a-dtoa.o)
                              c:/intelfpga_lite/18.1/nios2eds/bin/gnu/h-x86_64-mingw32/bin/../lib/gcc/nios2-elf/5.3.0/../../../../../H-x86_64-mingw32/nios2-elf/lib\libc.a(lib_a-vfprintf.o) (_dtoa_r)
c:/intelfpga_lite/18.1/nios2eds/bin/gnu/h-x86_64-mingw32/bin/../lib/gcc/nios2-elf/5.3.0/../../../../../H-x86_64-mingw32/nios2-elf/lib\libc.a(lib_a-fflush.o)
                              c:/intelfpga_lite/18.1/nios2eds/bin/gnu/h-x86_64-mingw32/bin/../lib/gcc/nios2-elf/5.3.0/../../../../../H-x86_64-mingw32/nios2-elf/lib\libc.a(lib_a-vfprintf.o) (_fflush_r)
c:/intelfpga_lite/18.1/nios2eds/bin/gnu/h-x86_64-mingw32/bin/../lib/gcc/nios2-elf/5.3.0/../../../../../H-x86_64-mingw32/nios2-elf/lib\libc.a(lib_a-findfp.o)
                              c:/intelfpga_lite/18.1/nios2eds/bin/gnu/h-x86_64-mingw32/bin/../lib/gcc/nios2-elf/5.3.0/../../../../../H-x86_64-mingw32/nios2-elf/lib\libc.a(lib_a-puts.o) (__sinit)
c:/intelfpga_lite/18.1/nios2eds/bin/gnu/h-x86_64-mingw32/bin/../lib/gcc/nios2-elf/5.3.0/../../../../../H-x86_64-mingw32/nios2-elf/lib\libc.a(lib_a-freer.o)
                              c:/intelfpga_lite/18.1/nios2eds/bin/gnu/h-x86_64-mingw32/bin/../lib/gcc/nios2-elf/5.3.0/../../../../../H-x86_64-mingw32/nios2-elf/lib\libc.a(lib_a-malloc.o) (_free_r)
c:/intelfpga_lite/18.1/nios2eds/bin/gnu/h-x86_64-mingw32/bin/../lib/gcc/nios2-elf/5.3.0/../../../../../H-x86_64-mingw32/nios2-elf/lib\libc.a(lib_a-fvwrite.o)
                              c:/intelfpga_lite/18.1/nios2eds/bin/gnu/h-x86_64-mingw32/bin/../lib/gcc/nios2-elf/5.3.0/../../../../../H-x86_64-mingw32/nios2-elf/lib\libc.a(lib_a-puts.o) (__sfvwrite_r)
c:/intelfpga_lite/18.1/nios2eds/bin/gnu/h-x86_64-mingw32/bin/../lib/gcc/nios2-elf/5.3.0/../../../../../H-x86_64-mingw32/nios2-elf/lib\libc.a(lib_a-fwalk.o)
                              c:/intelfpga_lite/18.1/nios2eds/bin/gnu/h-x86_64-mingw32/bin/../lib/gcc/nios2-elf/5.3.0/../../../../../H-x86_64-mingw32/nios2-elf/lib\libc.a(lib_a-findfp.o) (_fwalk)
c:/intelfpga_lite/18.1/nios2eds/bin/gnu/h-x86_64-mingw32/bin/../lib/gcc/nios2-elf/5.3.0/../../../../../H-x86_64-mingw32/nios2-elf/lib\libc.a(lib_a-impure.o)
[...]
Memory Configuration

Name             Origin             Length             Attributes
reset            0x0000000000000000 0x0000000000000020
sdram_ctrl       0x0000000000000020 0x0000000000ffffe0
*default*        0x0000000000000000 0xffffffffffffffff

Linker script and memory map

LOAD C:/Users/nicis/HESSO/MSc_ElE/TSM_EmbHardw/Labs/Lab_04/mse_demo/software/sobel_bsp//obj/HAL/src/crt0.o
LOAD obj/default/camera.o
LOAD obj/default/dipswitch.o
LOAD obj/default/grayscale.o
LOAD obj/default/i2c.o
LOAD obj/default/lcd_simple.o
LOAD obj/default/main.o
LOAD obj/default/sobel.o
LOAD obj/default/vga.o
LOAD c:/intelfpga_lite/18.1/nios2eds/bin/gnu/h-x86_64-mingw32/bin/../lib/gcc/nios2-elf/5.3.0/../../../../../H-x86_64-mingw32/nios2-elf/lib\libstdc++.a
LOAD c:/intelfpga_lite/18.1/nios2eds/bin/gnu/h-x86_64-mingw32/bin/../lib/gcc/nios2-elf/5.3.0/../../../../../H-x86_64-mingw32/nios2-elf/lib\libm.a
LOAD c:/intelfpga_lite/18.1/nios2eds/bin/gnu/h-x86_64-mingw32/bin/../lib/gcc/nios2-elf/5.3.0\libgcc.a
START GROUP
LOAD c:/intelfpga_lite/18.1/nios2eds/bin/gnu/h-x86_64-mingw32/bin/../lib/gcc/nios2-elf/5.3.0/../../../../../H-x86_64-mingw32/nios2-elf/lib\libc.a
LOAD c:/intelfpga_lite/18.1/nios2eds/bin/gnu/h-x86_64-mingw32/bin/../lib/gcc/nios2-elf/5.3.0\libgcc.a
LOAD C:/Users/nicis/HESSO/MSc_ElE/TSM_EmbHardw/Labs/Lab_04/mse_demo/software/sobel_bsp/\libhal_bsp.a
LOAD c:/intelfpga_lite/18.1/nios2eds/bin/gnu/h-x86_64-mingw32/bin/../lib/gcc/nios2-elf/5.3.0/../../../../../H-x86_64-mingw32/nios2-elf/lib\libm.a
END GROUP
LOAD c:/intelfpga_lite/18.1/nios2eds/bin/gnu/h-x86_64-mingw32/bin/../lib/gcc/nios2-elf/5.3.0\libgcc.a
                0x0000000000000000                __alt_mem_sdram_ctrl = 0x0

.entry          0x0000000000000000       0x20
 *(.entry)
 .entry         0x0000000000000000       0x20 C:/Users/nicis/HESSO/MSc_ElE/TSM_EmbHardw/Labs/Lab_04/mse_demo/software/sobel_bsp//obj/HAL/src/crt0.o
                0x0000000000000000                __reset

.exceptions     0x0000000000000020      0x224
                0x0000000000000020                PROVIDE (__ram_exceptions_start, ABSOLUTE (.))
                0x0000000000000020                . = ALIGN (0x20)
 *(.irq)
 *(.exceptions.entry.label)
 .exceptions.entry.label
                0x0000000000000020        0x0 C:/Users/nicis/HESSO/MSc_ElE/TSM_EmbHardw/Labs/Lab_04/mse_demo/software/sobel_bsp/\libhal_bsp.a(alt_irq_entry.o)
                0x0000000000000020                alt_irq_entry
 .exceptions.entry.label
                0x0000000000000020        0x0 C:/Users/nicis/HESSO/MSc_ElE/TSM_EmbHardw/Labs/Lab_04/mse_demo/software/sobel_bsp/\libhal_bsp.a(alt_exception_entry.o)
                0x0000000000000020                alt_exception
 *(.exceptions.entry.user)
 *(.exceptions.entry.ecc_fatal)
 *(.exceptions.entry)
 .exceptions.entry
                0x0000000000000020       0x54 C:/Users/nicis/HESSO/MSc_ElE/TSM_EmbHardw/Labs/Lab_04/mse_demo/software/sobel_bsp/\libhal_bsp.a(alt_exception_entry.o)
 *(.exceptions.irqtest.user)
 *(.exceptions.irqtest)
 .exceptions.irqtest
                0x0000000000000074       0x10 C:/Users/nicis/HESSO/MSc_ElE/TSM_EmbHardw/Labs/Lab_04/mse_demo/software/sobel_bsp/\libhal_bsp.a(alt_irq_entry.o)
 *(.exceptions.irqhandler.user)
 *(.exceptions.irqhandler)
 .exceptions.irqhandler
                0x0000000000000084        0x4 C:/Users/nicis/HESSO/MSc_ElE/TSM_EmbHardw/Labs/Lab_04/mse_demo/software/sobel_bsp/\libhal_bsp.a(alt_irq_entry.o)
 *(.exceptions.irqreturn.user)
 *(.exceptions.irqreturn)
 .exceptions.irqreturn
                0x0000000000000088        0x4 C:/Users/nicis/HESSO/MSc_ElE/TSM_EmbHardw/Labs/Lab_04/mse_demo/software/sobel_bsp/\libhal_bsp.a(alt_irq_entry.o)
 *(.exceptions.notirq.label)
 .exceptions.notirq.label
                0x000000000000008c        0x0 C:/Users/nicis/HESSO/MSc_ElE/TSM_EmbHardw/Labs/Lab_04/mse_demo/software/sobel_bsp/\libhal_bsp.a(alt_irq_entry.o)
 *(.exceptions.notirq.user)
 *(.exceptions.notirq)
 .exceptions.notirq
                0x000000000000008c        0x8 C:/Users/nicis/HESSO/MSc_ElE/TSM_EmbHardw/Labs/Lab_04/mse_demo/software/sobel_bsp/\libhal_bsp.a(alt_exception_entry.o)
 *(.exceptions.soft.user)
 *(.exceptions.soft)
 *(.exceptions.unknown.user)
 *(.exceptions.unknown)
 .exceptions.unknown
                0x0000000000000094       0x14 C:/Users/nicis/HESSO/MSc_ElE/TSM_EmbHardw/Labs/Lab_04/mse_demo/software/sobel_bsp/\libhal_bsp.a(alt_exception_entry.o)
 *(.exceptions.exit.label)
 .exceptions.exit.label
                0x00000000000000a8        0x0 C:/Users/nicis/HESSO/MSc_ElE/TSM_EmbHardw/Labs/Lab_04/mse_demo/software/sobel_bsp/\libhal_bsp.a(alt_irq_entry.o)
 .exceptions.exit.label
                0x00000000000000a8        0x0 C:/Users/nicis/HESSO/MSc_ElE/TSM_EmbHardw/Labs/Lab_04/mse_demo/software/sobel_bsp/\libhal_bsp.a(alt_exception_entry.o)
 *(.exceptions.exit.user)
 *(.exceptions.exit)
 .exceptions.exit
                0x00000000000000a8       0x54 C:/Users/nicis/HESSO/MSc_ElE/TSM_EmbHardw/Labs/Lab_04/mse_demo/software/sobel_bsp/\libhal_bsp.a(alt_exception_entry.o)
 *(.exceptions)
 .exceptions    0x00000000000000fc       0xd4 C:/Users/nicis/HESSO/MSc_ElE/TSM_EmbHardw/Labs/Lab_04/mse_demo/software/sobel_bsp/\libhal_bsp.a(alt_irq_handler.o)
                0x00000000000000fc                alt_irq_handler
 .exceptions    0x00000000000001d0       0x74 C:/Users/nicis/HESSO/MSc_ElE/TSM_EmbHardw/Labs/Lab_04/mse_demo/software/sobel_bsp/\libhal_bsp.a(alt_instruction_exception_entry.o)
                0x00000000000001d0                alt_instruction_exception_entry
                0x0000000000000244                PROVIDE (__ram_exceptions_end, ABSOLUTE (.))
                0x0000000000000020                PROVIDE (__flash_exceptions_start, LOADADDR (.exceptions))

.text           0x0000000000000244    0x11498
                [!provide]                        PROVIDE (stext, ABSOLUTE (.))
 *(.interp)
 *(.hash)
 *(.dynsym)
 *(.dynstr)
 *(.gnu.version)
 *(.gnu.version_d)
 *(.gnu.version_r)
 *(.rel.init)
 *(.rela.init)
 *(.rel.text .rel.text.* .rel.gnu.linkonce.t.*)
 *(.rela.text .rela.text.* .rela.gnu.linkonce.t.*)
 *(.rel.fini)
 *(.rela.fini)
 *(.rel.rodata .rel.rodata.* .rel.gnu.linkonce.r.*)
 *(.rela.rodata .rela.rodata.* .rela.gnu.linkonce.r.*)
 *(.rel.data .rel.data.* .rel.gnu.linkonce.d.*)
 *(.rela.data .rela.data.* .rela.gnu.linkonce.d.*)
 *(.rel.tdata .rel.tdata.* .rel.gnu.linkonce.td.*)
 *(.rela.tdata .rela.tdata.* .rela.gnu.linkonce.td.*)
 *(.rel.tbss .rel.tbss.* .rel.gnu.linkonce.tb.*)
 *(.rela.tbss .rela.tbss.* .rela.gnu.linkonce.tb.*)
 *(.rel.ctors)
 *(.rela.ctors)
 *(.rel.dtors)
 *(.rela.dtors)
 *(.rel.got)
 *(.rela.got)
 *(.rel.sdata .rel.sdata.* .rel.gnu.linkonce.s.*)
 *(.rela.sdata .rela.sdata.* .rela.gnu.linkonce.s.*)
 *(.rel.sbss .rel.sbss.* .rel.gnu.linkonce.sb.*)
 *(.rela.sbss .rela.sbss.* .rela.gnu.linkonce.sb.*)
 *(.rel.sdata2 .rel.sdata2.* .rel.gnu.linkonce.s2.*)
 *(.rela.sdata2 .rela.sdata2.* .rela.gnu.linkonce.s2.*)
 *(.rel.sbss2 .rel.sbss2.* .rel.gnu.linkonce.sb2.*)
 *(.rela.sbss2 .rela.sbss2.* .rela.gnu.linkonce.sb2.*)
 *(.rel.bss .rel.bss.* .rel.gnu.linkonce.b.*)
 *(.rela.bss .rela.bss.* .rela.gnu.linkonce.b.*)
 *(.rel.plt)
 *(.rela.plt)
 *(.rel.dyn)
 *(.init)
 *(.plt)
 *(.text .stub .text.* .gnu.linkonce.t.*)
 .text          0x0000000000000244       0x3c C:/Users/nicis/HESSO/MSc_ElE/TSM_EmbHardw/Labs/Lab_04/mse_demo/software/sobel_bsp//obj/HAL/src/crt0.o
                0x0000000000000244                _start
 .text          0x0000000000000280      0x804 obj/default/camera.o
                0x0000000000000280                init_camera
                0x0000000000000764                cam_get_xsize
                0x00000000000007b0                cam_get_ysize
                0x00000000000007fc                cam_get_profiling
                0x00000000000008a4                cam_set_image_pointer
                0x000000000000094c                current_image_valid
                0x0000000000000984                current_image_pointer
                0x00000000000009ac                take_picture_blocking
                0x00000000000009fc                enable_continues_mode
                0x0000000000000a2c                new_image_available
 .text          0x0000000000000a84       0x30 obj/default/dipswitch.o
                0x0000000000000a84                DIPSW_get_value
 .text          0x0000000000000ab4      0x1dc obj/default/grayscale.o
                0x0000000000000ab4                conv_grayscale
                0x0000000000000c30                get_grayscale_width
                0x0000000000000c50                get_grayscale_height
                0x0000000000000c70                get_grayscale_picture
 .text          0x0000000000000c90      0x214 obj/default/i2c.o
                0x0000000000000c90                i2c_busy_wait
                0x0000000000000ccc                i2c_auto_detect
                0x0000000000000d80                i2c_short_read
                0x0000000000000e20                i2c_short_write
 .text          0x0000000000000ea4      0x434 obj/default/lcd_simple.o
                0x0000000000000ea4                LCD_Write_Command
                0x0000000000000ee8                LCD_Write_Data
                0x0000000000000f2c                init_LCD
                0x000000000000116c                transfer_LCD_no_dma
                0x0000000000001210                transfer_LCD_with_dma
 .text          0x00000000000012d8      0x5fc obj/default/main.o
                0x00000000000012d8                main
 .text          0x00000000000018d4      0xa14 obj/default/sobel.o
                0x00000000000018d4                init_sobel_arrays
                0x0000000000001a44                sobel_mac
                0x0000000000001d8c                sobel_x
                0x0000000000001e54                sobel_x_with_rgb
                0x0000000000001f90                sobel_y
                0x0000000000002058                sobel_y_with_rgb
                0x0000000000002194                sobel_threshold
                0x00000000000022a8                GetSobel_rgb
                0x00000000000022c8                GetSobelResult
 .text          0x00000000000022e8       0x6c obj/default/vga.o
                0x00000000000022e8                vga_set_pointer
                0x000000000000231c                vga_set_swap
 .text          0x0000000000002354      0x1b4 c:/intelfpga_lite/18.1/nios2eds/bin/gnu/h-x86_64-mingw32/bin/../lib/gcc/nios2-elf/5.3.0\libgcc.a(lib2-divmod.o)
                0x0000000000002354                __divsi3
                0x00000000000023d8                __modsi3
                0x000000000000244c                __udivsi3
                0x00000000000024b0                __umodsi3
 .text          0x0000000000002508        0x0 c:/intelfpga_lite/18.1/nios2eds/bin/gnu/h-x86_64-mingw32/bin/../lib/gcc/nios2-elf/5.3.0/../../../../../H-x86_64-mingw32/nios2-elf/lib\libc.a(lib_a-malloc.o)
 .text.malloc   0x0000000000002508       0x14 c:/intelfpga_lite/18.1/nios2eds/bin/gnu/h-x86_64-mingw32/bin/../lib/gcc/nios2-elf/5.3.0/../../../../../H-x86_64-mingw32/nios2-elf/lib\libc.a(lib_a-malloc.o)
                0x0000000000002508                malloc
 .text.free     0x000000000000251c       0x14 c:/intelfpga_lite/18.1/nios2eds/bin/gnu/h-x86_64-mingw32/bin/../lib/gcc/nios2-elf/5.3.0/../../../../../H-x86_64-mingw32/nios2-elf/lib\libc.a(lib_a-malloc.o)
                0x000000000000251c                free
 .text          0x0000000000002530        0x0 c:/intelfpga_lite/18.1/nios2eds/bin/gnu/h-x86_64-mingw32/bin/../lib/gcc/nios2-elf/5.3.0/../../../../../H-x86_64-mingw32/nios2-elf/lib\libc.a(lib_a-mallocr.o)
 .text._malloc_r
                0x0000000000002530      0x80c c:/intelfpga_lite/18.1/nios2eds/bin/gnu/h-x86_64-mingw32/bin/../lib/gcc/nios2-elf/5.3.0/../../../../../H-x86_64-mingw32/nios2-elf/lib\libc.a(lib_a-mallocr.o)
                0x0000000000002530                _malloc_r
 .text          0x0000000000002d3c        0x0 c:/intelfpga_lite/18.1/nios2eds/bin/gnu/h-x86_64-mingw32/bin/../lib/gcc/nios2-elf/5.3.0/../../../../../H-x86_64-mingw32/nios2-elf/lib\libc.a(lib_a-printf.o)
 .text._printf_r
                0x0000000000002d3c       0x30 c:/intelfpga_lite/18.1/nios2eds/bin/gnu/h-x86_64-mingw32/bin/../lib/gcc/nios2-elf/5.3.0/../../../../../H-x86_64-mingw32/nios2-elf/lib\libc.a(lib_a-printf.o)
                0x0000000000002d3c                _printf_r
 .text.printf   0x0000000000002d6c       0x3c c:/intelfpga_lite/18.1/nios2eds/bin/gnu/h-x86_64-mingw32/bin/../lib/gcc/nios2-elf/5.3.0/../../../../../H-x86_64-mingw32/nios2-elf/lib\libc.a(lib_a-printf.o)
                0x0000000000002d6c                printf
 .text          0x0000000000002da8        0x0 c:/intelfpga_lite/18.1/nios2eds/bin/gnu/h-x86_64-mingw32/bin/../lib/gcc/nios2-elf/5.3.0/../../../../../H-x86_64-mingw32/nios2-elf/lib\libc.a(lib_a-puts.o)
 .text._puts_r  0x0000000000002da8       0xc0 c:/intelfpga_lite/18.1/nios2eds/bin/gnu/h-x86_64-mingw32/bin/../lib/gcc/nios2-elf/5.3.0/../../../../../H-x86_64-mingw32/nios2-elf/lib\libc.a(lib_a-puts.o)
                0x0000000000002da8                _puts_r
 .text.puts     0x0000000000002e68       0x14 c:/intelfpga_lite/18.1/nios2eds/bin/gnu/h-x86_64-mingw32/bin/../lib/gcc/nios2-elf/5.3.0/../../../../../H-x86_64-mingw32/nios2-elf/lib\libc.a(lib_a-puts.o)
                0x0000000000002e68                puts
 .text          0x0000000000002e7c        0x0 c:/intelfpga_lite/18.1/nios2eds/bin/gnu/h-x86_64-mingw32/bin/../lib/gcc/nios2-elf/5.3.0/../../../../../H-x86_64-mingw32/nios2-elf/lib\libc.a(lib_a-sbrkr.o)
 .text._sbrk_r  0x0000000000002e7c       0x54 c:/intelfpga_lite/18.1/nios2eds/bin/gnu/h-x86_64-mingw32/bin/../lib/gcc/nios2-elf/5.3.0/../../../../../H-x86_64-mingw32/nios2-elf/lib\libc.a(lib_a-sbrkr.o)
                0x0000000000002e7c                _sbrk_r
 .text          0x0000000000002ed0        0x0 c:/intelfpga_lite/18.1/nios2eds/bin/gnu/h-x86_64-mingw32/bin/../lib/gcc/nios2-elf/5.3.0/../../../../../H-x86_64-mingw32/nios2-elf/lib\libc.a(lib_a-strlen.o)
 .text.strlen   0x0000000000002ed0       0x98 c:/intelfpga_lite/18.1/nios2eds/bin/gnu/h-x86_64-mingw32/bin/../lib/gcc/nios2-elf/5.3.0/../../../../../H-x86_64-mingw32/nios2-elf/lib\libc.a(lib_a-strlen.o)
                0x0000000000002ed0                strlen
 .text          0x0000000000002f68        0x0 c:/intelfpga_lite/18.1/nios2eds/bin/gnu/h-x86_64-mingw32/bin/../lib/gcc/nios2-elf/5.3.0/../../../../../H-x86_64-mingw32/nios2-elf/lib\libc.a(lib_a-vfprintf.o)
 .text.___vfprintf_internal_r
                0x0000000000002f68     0x21f8 c:/intelfpga_lite/18.1/nios2eds/bin/gnu/h-x86_64-mingw32/bin/../lib/gcc/nios2-elf/5.3.0/../../../../../H-x86_64-mingw32/nios2-elf/lib\libc.a(lib_a-vfprintf.o)
                0x0000000000002f68                ___vfprintf_internal_r
 .text.__vfprintf_internal
                0x0000000000005160       0x1c c:/intelfpga_lite/18.1/nios2eds/bin/gnu/h-x86_64-mingw32/bin/../lib/gcc/nios2-elf/5.3.0/../../../../../H-x86_64-mingw32/nios2-elf/lib\libc.a(lib_a-vfprintf.o)
                0x0000000000005160                __vfprintf_internal
 .text.__sbprintf
                0x000000000000517c       0xbc c:/intelfpga_lite/18.1/nios2eds/bin/gnu/h-x86_64-mingw32/bin/../lib/gcc/nios2-elf/5.3.0/../../../../../H-x86_64-mingw32/nios2-elf/lib\libc.a(lib_a-vfprintf.o)
 .text          0x0000000000005238        0x0 c:/intelfpga_lite/18.1/nios2eds/bin/gnu/h-x86_64-mingw32/bin/../lib/gcc/nios2-elf/5.3.0/../../../../../H-x86_64-mingw32/nios2-elf/lib\libc.a(lib_a-wsetup.o)
 .text.__swsetup_r
                0x0000000000005238      0x154 c:/intelfpga_lite/18.1/nios2eds/bin/gnu/h-x86_64-mingw32/bin/../lib/gcc/nios2-elf/5.3.0/../../../../../H-x86_64-mingw32/nios2-elf/lib\libc.a(lib_a-wsetup.o)
                0x0000000000005238                __swsetup_r
 .text          0x000000000000538c        0x0 c:/intelfpga_lite/18.1/nios2eds/bin/gnu/h-x86_64-mingw32/bin/../lib/gcc/nios2-elf/5.3.0/../../../../../H-x86_64-mingw32/nios2-elf/lib\libc.a(lib_a-dtoa.o)
 .text.quorem   0x000000000000538c      0x200 c:/intelfpga_lite/18.1/nios2eds/bin/gnu/h-x86_64-mingw32/bin/../lib/gcc/nios2-elf/5.3.0/../../../../../H-x86_64-mingw32/nios2-elf/lib\libc.a(lib_a-dtoa.o)
 .text._dtoa_r  0x000000000000558c     0x1688 c:/intelfpga_lite/18.1/nios2eds/bin/gnu/h-x86_64-mingw32/bin/../lib/gcc/nios2-elf/5.3.0/../../../../../H-x86_64-mingw32/nios2-elf/lib\libc.a(lib_a-dtoa.o)
                0x000000000000558c                _dtoa_r
 .text          0x0000000000006c14        0x0 c:/intelfpga_lite/18.1/nios2eds/bin/gnu/h-x86_64-mingw32/bin/../lib/gcc/nios2-elf/5.3.0/../../../../../H-x86_64-mingw32/nios2-elf/lib\libc.a(lib_a-fflush.o)
 .text.__sflush_r
                0x0000000000006c14      0x21c c:/intelfpga_lite/18.1/nios2eds/bin/gnu/h-x86_64-mingw32/bin/../lib/gcc/nios2-elf/5.3.0/../../../../../H-x86_64-mingw32/nios2-elf/lib\libc.a(lib_a-fflush.o)
                0x0000000000006c14                __sflush_r
 .text._fflush_r
                0x0000000000006e30       0x5c c:/intelfpga_lite/18.1/nios2eds/bin/gnu/h-x86_64-mingw32/bin/../lib/gcc/nios2-elf/5.3.0/../../../../../H-x86_64-mingw32/nios2-elf/lib\libc.a(lib_a-fflush.o)
                0x0000000000006e30                _fflush_r
 .text.fflush   0x0000000000006e8c       0x30 c:/intelfpga_lite/18.1/nios2eds/bin/gnu/h-x86_64-mingw32/bin/../lib/gcc/nios2-elf/5.3.0/../../../../../H-x86_64-mingw32/nios2-elf/lib\libc.a(lib_a-fflush.o)
                0x0000000000006e8c                fflush
 .text          0x0000000000006ebc        0x0 c:/intelfpga_lite/18.1/nios2eds/bin/gnu/h-x86_64-mingw32/bin/../lib/gcc/nios2-elf/5.3.0/../../../../../H-x86_64-mingw32/nios2-elf/lib\libc.a(lib_a-findfp.o)
 .text.__fp_unlock
                0x0000000000006ebc        0x8 c:/intelfpga_lite/18.1/nios2eds/bin/gnu/h-x86_64-mingw32/bin/../lib/gcc/nios2-elf/5.3.0/../../../../../H-x86_64-mingw32/nios2-elf/lib\libc.a(lib_a-findfp.o)
 .text._cleanup_r
                0x0000000000006ec4        0xc c:/intelfpga_lite/18.1/nios2eds/bin/gnu/h-x86_64-mingw32/bin/../lib/gcc/nios2-elf/5.3.0/../../../../../H-x86_64-mingw32/nios2-elf/lib\libc.a(lib_a-findfp.o)
                0x0000000000006ec4                _cleanup_r
 .text.__sinit.part.1
                0x0000000000006ed0      0x19c c:/intelfpga_lite/18.1/nios2eds/bin/gnu/h-x86_64-mingw32/bin/../lib/gcc/nios2-elf/5.3.0/../../../../../H-x86_64-mingw32/nios2-elf/lib\libc.a(lib_a-findfp.o)
 .text.__fp_lock
                0x000000000000706c        0x8 c:/intelfpga_lite/18.1/nios2eds/bin/gnu/h-x86_64-mingw32/bin/../lib/gcc/nios2-elf/5.3.0/../../../../../H-x86_64-mingw32/nios2-elf/lib\libc.a(lib_a-findfp.o)
 .text.__sfmoreglue
                0x0000000000007074       0x68 c:/intelfpga_lite/18.1/nios2eds/bin/gnu/h-x86_64-mingw32/bin/../lib/gcc/nios2-elf/5.3.0/../../../../../H-x86_64-mingw32/nios2-elf/lib\libc.a(lib_a-findfp.o)
                0x0000000000007074                __sfmoreglue
 .text.__sfp    0x00000000000070dc      0x118 c:/intelfpga_lite/18.1/nios2eds/bin/gnu/h-x86_64-mingw32/bin/../lib/gcc/nios2-elf/5.3.0/../../../../../H-x86_64-mingw32/nios2-elf/lib\libc.a(lib_a-findfp.o)
                0x00000000000070dc                __sfp
 .text._cleanup
                0x00000000000071f4       0x18 c:/intelfpga_lite/18.1/nios2eds/bin/gnu/h-x86_64-mingw32/bin/../lib/gcc/nios2-elf/5.3.0/../../../../../H-x86_64-mingw32/nios2-elf/lib\libc.a(lib_a-findfp.o)
                0x00000000000071f4                _cleanup
 .text.__sinit  0x000000000000720c       0x10 c:/intelfpga_lite/18.1/nios2eds/bin/gnu/h-x86_64-mingw32/bin/../lib/gcc/nios2-elf/5.3.0/../../../../../H-x86_64-mingw32/nios2-elf/lib\libc.a(lib_a-findfp.o)
                0x000000000000720c                __sinit
 .text.__sfp_lock_acquire
                0x000000000000721c        0x4 c:/intelfpga_lite/18.1/nios2eds/bin/gnu/h-x86_64-mingw32/bin/../lib/gcc/nios2-elf/5.3.0/../../../../../H-x86_64-mingw32/nios2-elf/lib\libc.a(lib_a-findfp.o)
                0x000000000000721c                __sfp_lock_acquire
 .text.__sfp_lock_release
                0x0000000000007220        0x4 c:/intelfpga_lite/18.1/nios2eds/bin/gnu/h-x86_64-mingw32/bin/../lib/gcc/nios2-elf/5.3.0/../../../../../H-x86_64-mingw32/nios2-elf/lib\libc.a(lib_a-findfp.o)
                0x0000000000007220                __sfp_lock_release
 .text.__sinit_lock_acquire
                0x0000000000007224        0x4 c:/intelfpga_lite/18.1/nios2eds/bin/gnu/h-x86_64-mingw32/bin/../lib/gcc/nios2-elf/5.3.0/../../../../../H-x86_64-mingw32/nios2-elf/lib\libc.a(lib_a-findfp.o)
                0x0000000000007224                __sinit_lock_acquire
 .text.__sinit_lock_release
                0x0000000000007228        0x4 c:/intelfpga_lite/18.1/nios2eds/bin/gnu/h-x86_64-mingw32/bin/../lib/gcc/nios2-elf/5.3.0/../../../../../H-x86_64-mingw32/nios2-elf/lib\libc.a(lib_a-findfp.o)
                0x0000000000007228                __sinit_lock_release
 .text.__fp_lock_all
                0x000000000000722c       0x18 c:/intelfpga_lite/18.1/nios2eds/bin/gnu/h-x86_64-mingw32/bin/../lib/gcc/nios2-elf/5.3.0/../../../../../H-x86_64-mingw32/nios2-elf/lib\libc.a(lib_a-findfp.o)
                0x000000000000722c                __fp_lock_all
 .text.__fp_unlock_all
                0x0000000000007244       0x18 c:/intelfpga_lite/18.1/nios2eds/bin/gnu/h-x86_64-mingw32/bin/../lib/gcc/nios2-elf/5.3.0/../../../../../H-x86_64-mingw32/nios2-elf/lib\libc.a(lib_a-findfp.o)
                0x0000000000007244                __fp_unlock_all
 .text          0x000000000000725c        0x0 c:/intelfpga_lite/18.1/nios2eds/bin/gnu/h-x86_64-mingw32/bin/../lib/gcc/nios2-elf/5.3.0/../../../../../H-x86_64-mingw32/nios2-elf/lib\libc.a(lib_a-freer.o)
 .text._malloc_trim_r
                0x000000000000725c      0x124 c:/intelfpga_lite/18.1/nios2eds/bin/gnu/h-x86_64-mingw32/bin/../lib/gcc/nios2-elf/5.3.0/../../../../../H-x86_64-mingw32/nios2-elf/lib\libc.a(lib_a-freer.o)
                0x000000000000725c                _malloc_trim_r
 .text._free_r  0x0000000000007380      0x310 c:/intelfpga_lite/18.1/nios2eds/bin/gnu/h-x86_64-mingw32/bin/../lib/gcc/nios2-elf/5.3.0/../../../../../H-x86_64-mingw32/nios2-elf/lib\libc.a(lib_a-freer.o)
                0x0000000000007380                _free_r
 .text          0x0000000000007690        0x0 c:/intelfpga_lite/18.1/nios2eds/bin/gnu/h-x86_64-mingw32/bin/../lib/gcc/nios2-elf/5.3.0/../../../../../H-x86_64-mingw32/nios2-elf/lib\libc.a(lib_a-fvwrite.o)
 .text.__sfvwrite_r
                0x0000000000007690      0x4bc c:/intelfpga_lite/18.1/nios2eds/bin/gnu/h-x86_64-mingw32/bin/../lib/gcc/nios2-elf/5.3.0/../../../../../H-x86_64-mingw32/nios2-elf/lib\libc.a(lib_a-fvwrite.o)
                0x0000000000007690                __sfvwrite_r
 .text          0x0000000000007b4c        0x0 c:/intelfpga_lite/18.1/nios2eds/bin/gnu/h-x86_64-mingw32/bin/../lib/gcc/nios2-elf/5.3.0/../../../../../H-x86_64-mingw32/nios2-elf/lib\libc.a(lib_a-fwalk.o)
 .text._fwalk   0x0000000000007b4c       0xc4 c:/intelfpga_lite/18.1/nios2eds/bin/gnu/h-x86_64-mingw32/bin/../lib/gcc/nios2-elf/5.3.0/../../../../../H-x86_64-mingw32/nios2-elf/lib\libc.a(lib_a-fwalk.o)
                0x0000000000007b4c                _fwalk
 .text._fwalk_reent
                0x0000000000007c10       0xc4 c:/intelfpga_lite/18.1/nios2eds/bin/gnu/h-x86_64-mingw32/bin/../lib/gcc/nios2-elf/5.3.0/../../../../../H-x86_64-mingw32/nios2-elf/lib\libc.a(lib_a-fwalk.o)
                0x0000000000007c10                _fwalk_reent
 .text          0x0000000000007cd4        0x0 c:/intelfpga_lite/18.1/nios2eds/bin/gnu/h-x86_64-mingw32/bin/../lib/gcc/nios2-elf/5.3.0/../../../../../H-x86_64-mingw32/nios2-elf/lib\libc.a(lib_a-impure.o)
 .text          0x0000000000007cd4        0x0 c:/intelfpga_lite/18.1/nios2eds/bin/gnu/h-x86_64-mingw32/bin/../lib/gcc/nios2-elf/5.3.0/../../../../../H-x86_64-mingw32/nios2-elf/lib\libc.a(lib_a-int_errno.o)
 .text          0x0000000000007cd4        0x0 c:/intelfpga_lite/18.1/nios2eds/bin/gnu/h-x86_64-mingw32/bin/../lib/gcc/nios2-elf/5.3.0/../../../../../H-x86_64-mingw32/nios2-elf/lib\libc.a(lib_a-locale.o)
 .text._setlocale_r
                0x0000000000007cd4       0x7c c:/intelfpga_lite/18.1/nios2eds/bin/gnu/h-x86_64-mingw32/bin/../lib/gcc/nios2-elf/5.3.0/../../../../../H-x86_64-mingw32/nios2-elf/lib\libc.a(lib_a-locale.o)
                0x0000000000007cd4                _setlocale_r
 .text.__locale_charset
                0x0000000000007d50        0xc c:/intelfpga_lite/18.1/nios2eds/bin/gnu/h-x86_64-mingw32/bin/../lib/gcc/nios2-elf/5.3.0/../../../../../H-x86_64-mingw32/nios2-elf/lib\libc.a(lib_a-locale.o)
                0x0000000000007d50                __locale_charset
 .text.__locale_mb_cur_max
                0x0000000000007d5c       0x10 c:/intelfpga_lite/18.1/nios2eds/bin/gnu/h-x86_64-mingw32/bin/../lib/gcc/nios2-elf/5.3.0/../../../../../H-x86_64-mingw32/nios2-elf/lib\libc.a(lib_a-locale.o)
                0x0000000000007d5c                __locale_mb_cur_max
 .text.__locale_msgcharset
                0x0000000000007d6c        0xc c:/intelfpga_lite/18.1/nios2eds/bin/gnu/h-x86_64-mingw32/bin/../lib/gcc/nios2-elf/5.3.0/../../../../../H-x86_64-mingw32/nios2-elf/lib\libc.a(lib_a-locale.o)
                0x0000000000007d6c                __locale_msgcharset
 .text.__locale_cjk_lang
                0x0000000000007d78        0x8 c:/intelfpga_lite/18.1/nios2eds/bin/gnu/h-x86_64-mingw32/bin/../lib/gcc/nios2-elf/5.3.0/../../../../../H-x86_64-mingw32/nios2-elf/lib\libc.a(lib_a-locale.o)
                0x0000000000007d78                __locale_cjk_lang
 .text._localeconv_r
                0x0000000000007d80        0xc c:/intelfpga_lite/18.1/nios2eds/bin/gnu/h-x86_64-mingw32/bin/../lib/gcc/nios2-elf/5.3.0/../../../../../H-x86_64-mingw32/nios2-elf/lib\libc.a(lib_a-locale.o)
                0x0000000000007d80                _localeconv_r
 .text.setlocale
                0x0000000000007d8c       0x18 c:/intelfpga_lite/18.1/nios2eds/bin/gnu/h-x86_64-mingw32/bin/../lib/gcc/nios2-elf/5.3.0/../../../../../H-x86_64-mingw32/nios2-elf/lib\libc.a(lib_a-locale.o)
                0x0000000000007d8c                setlocale
 .text.localeconv
                0x0000000000007da4        0xc c:/intelfpga_lite/18.1/nios2eds/bin/gnu/h-x86_64-mingw32/bin/../lib/gcc/nios2-elf/5.3.0/../../../../../H-x86_64-mingw32/nios2-elf/lib\libc.a(lib_a-locale.o)
                0x0000000000007da4                localeconv
 .text          0x0000000000007db0        0x0 c:/intelfpga_lite/18.1/nios2eds/bin/gnu/h-x86_64-mingw32/bin/../lib/gcc/nios2-elf/5.3.0/../../../../../H-x86_64-mingw32/nios2-elf/lib\libc.a(lib_a-makebuf.o)
 .text.__smakebuf_r
                0x0000000000007db0      0x1bc c:/intelfpga_lite/18.1/nios2eds/bin/gnu/h-x86_64-mingw32/bin/../lib/gcc/nios2-elf/5.3.0/../../../../../H-x86_64-mingw32/nios2-elf/lib\libc.a(lib_a-makebuf.o)
                0x0000000000007db0                __smakebuf_r
 .text          0x0000000000007f6c        0x0 c:/intelfpga_lite/18.1/nios2eds/bin/gnu/h-x86_64-mingw32/bin/../lib/gcc/nios2-elf/5.3.0/../../../../../H-x86_64-mingw32/nios2-elf/lib\libc.a(lib_a-memchr.o)
 .text.memchr   0x0000000000007f6c       0xe4 c:/intelfpga_lite/18.1/nios2eds/bin/gnu/h-x86_64-mingw32/bin/../lib/gcc/nios2-elf/5.3.0/../../../../../H-x86_64-mingw32/nios2-elf/lib\libc.a(lib_a-memchr.o)
                0x0000000000007f6c                memchr
 .text          0x0000000000008050        0x0 c:/intelfpga_lite/18.1/nios2eds/bin/gnu/h-x86_64-mingw32/bin/../lib/gcc/nios2-elf/5.3.0/../../../../../H-x86_64-mingw32/nios2-elf/lib\libc.a(lib_a-memcpy.o)
 .text.memcpy   0x0000000000008050      0x148 c:/intelfpga_lite/18.1/nios2eds/bin/gnu/h-x86_64-mingw32/bin/../lib/gcc/nios2-elf/5.3.0/../../../../../H-x86_64-mingw32/nios2-elf/lib\libc.a(lib_a-memcpy.o)
                0x0000000000008050                memcpy
 .text          0x0000000000008198        0x0 c:/intelfpga_lite/18.1/nios2eds/bin/gnu/h-x86_64-mingw32/bin/../lib/gcc/nios2-elf/5.3.0/../../../../../H-x86_64-mingw32/nios2-elf/lib\libc.a(lib_a-memmove.o)
 .text.memmove  0x0000000000008198      0x15c c:/intelfpga_lite/18.1/nios2eds/bin/gnu/h-x86_64-mingw32/bin/../lib/gcc/nios2-elf/5.3.0/../../../../../H-x86_64-mingw32/nios2-elf/lib\libc.a(lib_a-memmove.o)
                0x0000000000008198                memmove
 .text          0x00000000000082f4        0x0 c:/intelfpga_lite/18.1/nios2eds/bin/gnu/h-x86_64-mingw32/bin/../lib/gcc/nios2-elf/5.3.0/../../../../../H-x86_64-mingw32/nios2-elf/lib\libc.a(lib_a-memset.o)
 .text.memset   0x00000000000082f4      0x128 c:/intelfpga_lite/18.1/nios2eds/bin/gnu/h-x86_64-mingw32/bin/../lib/gcc/nios2-elf/5.3.0/../../../../../H-x86_64-mingw32/nios2-elf/lib\libc.a(lib_a-memset.o)
                0x00000000000082f4                memset
 .text          0x000000000000841c        0x0 c:/intelfpga_lite/18.1/nios2eds/bin/gnu/h-x86_64-mingw32/bin/../lib/gcc/nios2-elf/5.3.0/../../../../../H-x86_64-mingw32/nios2-elf/lib\libc.a(lib_a-mprec.o)
 .text._Balloc  0x000000000000841c       0xa8 c:/intelfpga_lite/18.1/nios2eds/bin/gnu/h-x86_64-mingw32/bin/../lib/gcc/nios2-elf/5.3.0/../../../../../H-x86_64-mingw32/nios2-elf/lib\libc.a(lib_a-mprec.o)
                0x000000000000841c                _Balloc
 .text._Bfree   0x00000000000084c4       0x28 c:/intelfpga_lite/18.1/nios2eds/bin/gnu/h-x86_64-mingw32/bin/../lib/gcc/nios2-elf/5.3.0/../../../../../H-x86_64-mingw32/nios2-elf/lib\libc.a(lib_a-mprec.o)
                0x00000000000084c4                _Bfree
 .text.__multadd
                0x00000000000084ec      0x120 c:/intelfpga_lite/18.1/nios2eds/bin/gnu/h-x86_64-mingw32/bin/../lib/gcc/nios2-elf/5.3.0/../../../../../H-x86_64-mingw32/nios2-elf/lib\libc.a(lib_a-mprec.o)
                0x00000000000084ec                __multadd
 .text.__s2b    0x000000000000860c      0x104 c:/intelfpga_lite/18.1/nios2eds/bin/gnu/h-x86_64-mingw32/bin/../lib/gcc/nios2-elf/5.3.0/../../../../../H-x86_64-mingw32/nios2-elf/lib\libc.a(lib_a-mprec.o)
                0x000000000000860c                __s2b
 .text.__hi0bits
                0x0000000000008710       0x68 c:/intelfpga_lite/18.1/nios2eds/bin/gnu/h-x86_64-mingw32/bin/../lib/gcc/nios2-elf/5.3.0/../../../../../H-x86_64-mingw32/nios2-elf/lib\libc.a(lib_a-mprec.o)
                0x0000000000008710                __hi0bits
 .text.__lo0bits
                0x0000000000008778       0xb0 c:/intelfpga_lite/18.1/nios2eds/bin/gnu/h-x86_64-mingw32/bin/../lib/gcc/nios2-elf/5.3.0/../../../../../H-x86_64-mingw32/nios2-elf/lib\libc.a(lib_a-mprec.o)
                0x0000000000008778                __lo0bits
 .text.__i2b    0x0000000000008828       0x3c c:/intelfpga_lite/18.1/nios2eds/bin/gnu/h-x86_64-mingw32/bin/../lib/gcc/nios2-elf/5.3.0/../../../../../H-x86_64-mingw32/nios2-elf/lib\libc.a(lib_a-mprec.o)
                0x0000000000008828                __i2b
 .text.__multiply
                0x0000000000008864      0x1f8 c:/intelfpga_lite/18.1/nios2eds/bin/gnu/h-x86_64-mingw32/bin/../lib/gcc/nios2-elf/5.3.0/../../../../../H-x86_64-mingw32/nios2-elf/lib\libc.a(lib_a-mprec.o)
                0x0000000000008864                __multiply
 .text.__pow5mult
                0x0000000000008a5c      0x140 c:/intelfpga_lite/18.1/nios2eds/bin/gnu/h-x86_64-mingw32/bin/../lib/gcc/nios2-elf/5.3.0/../../../../../H-x86_64-mingw32/nios2-elf/lib\libc.a(lib_a-mprec.o)
                0x0000000000008a5c                __pow5mult
 .text.__lshift
                0x0000000000008b9c      0x148 c:/intelfpga_lite/18.1/nios2eds/bin/gnu/h-x86_64-mingw32/bin/../lib/gcc/nios2-elf/5.3.0/../../../../../H-x86_64-mingw32/nios2-elf/lib\libc.a(lib_a-mprec.o)
                0x0000000000008b9c                __lshift
 .text.__mcmp   0x0000000000008ce4       0x60 c:/intelfpga_lite/18.1/nios2eds/bin/gnu/h-x86_64-mingw32/bin/../lib/gcc/nios2-elf/5.3.0/../../../../../H-x86_64-mingw32/nios2-elf/lib\libc.a(lib_a-mprec.o)
                0x0000000000008ce4                __mcmp
 .text.__mdiff  0x0000000000008d44      0x1fc c:/intelfpga_lite/18.1/nios2eds/bin/gnu/h-x86_64-mingw32/bin/../lib/gcc/nios2-elf/5.3.0/../../../../../H-x86_64-mingw32/nios2-elf/lib\libc.a(lib_a-mprec.o)
                0x0000000000008d44                __mdiff
 .text.__ulp    0x0000000000008f40       0x64 c:/intelfpga_lite/18.1/nios2eds/bin/gnu/h-x86_64-mingw32/bin/../lib/gcc/nios2-elf/5.3.0/../../../../../H-x86_64-mingw32/nios2-elf/lib\libc.a(lib_a-mprec.o)
                0x0000000000008f40                __ulp
 .text.__b2d    0x0000000000008fa4      0x10c c:/intelfpga_lite/18.1/nios2eds/bin/gnu/h-x86_64-mingw32/bin/../lib/gcc/nios2-elf/5.3.0/../../../../../H-x86_64-mingw32/nios2-elf/lib\libc.a(lib_a-mprec.o)
                0x0000000000008fa4                __b2d
 .text.__d2b    0x00000000000090b0      0x14c c:/intelfpga_lite/18.1/nios2eds/bin/gnu/h-x86_64-mingw32/bin/../lib/gcc/nios2-elf/5.3.0/../../../../../H-x86_64-mingw32/nios2-elf/lib\libc.a(lib_a-mprec.o)
                0x00000000000090b0                __d2b
 .text.__ratio  0x00000000000091fc       0xa4 c:/intelfpga_lite/18.1/nios2eds/bin/gnu/h-x86_64-mingw32/bin/../lib/gcc/nios2-elf/5.3.0/../../../../../H-x86_64-mingw32/nios2-elf/lib\libc.a(lib_a-mprec.o)
                0x00000000000091fc                __ratio
 .text._mprec_log10
                0x00000000000092a0       0x74 c:/intelfpga_lite/18.1/nios2eds/bin/gnu/h-x86_64-mingw32/bin/../lib/gcc/nios2-elf/5.3.0/../../../../../H-x86_64-mingw32/nios2-elf/lib\libc.a(lib_a-mprec.o)
                0x00000000000092a0                _mprec_log10
 .text.__copybits
                0x0000000000009314       0x78 c:/intelfpga_lite/18.1/nios2eds/bin/gnu/h-x86_64-mingw32/bin/../lib/gcc/nios2-elf/5.3.0/../../../../../H-x86_64-mingw32/nios2-elf/lib\libc.a(lib_a-mprec.o)
                0x0000000000009314                __copybits
 .text.__any_on
                0x000000000000938c       0x8c c:/intelfpga_lite/18.1/nios2eds/bin/gnu/h-x86_64-mingw32/bin/../lib/gcc/nios2-elf/5.3.0/../../../../../H-x86_64-mingw32/nios2-elf/lib\libc.a(lib_a-mprec.o)
                0x000000000000938c                __any_on
 .text          0x0000000000009418        0x0 c:/intelfpga_lite/18.1/nios2eds/bin/gnu/h-x86_64-mingw32/bin/../lib/gcc/nios2-elf/5.3.0/../../../../../H-x86_64-mingw32/nios2-elf/lib\libc.a(lib_a-reallocr.o)
 .text._realloc_r
                0x0000000000009418      0x564 c:/intelfpga_lite/18.1/nios2eds/bin/gnu/h-x86_64-mingw32/bin/../lib/gcc/nios2-elf/5.3.0/../../../../../H-x86_64-mingw32/nios2-elf/lib\libc.a(lib_a-reallocr.o)
                0x0000000000009418                _realloc_r
 .text          0x000000000000997c        0x0 c:/intelfpga_lite/18.1/nios2eds/bin/gnu/h-x86_64-mingw32/bin/../lib/gcc/nios2-elf/5.3.0/../../../../../H-x86_64-mingw32/nios2-elf/lib\libc.a(lib_a-s_fpclassify.o)
 .text.__fpclassifyd
                0x000000000000997c       0x74 c:/intelfpga_lite/18.1/nios2eds/bin/gnu/h-x86_64-mingw32/bin/../lib/gcc/nios2-elf/5.3.0/../../../../../H-x86_64-mingw32/nios2-elf/lib\libc.a(lib_a-s_fpclassify.o)
                0x000000000000997c                __fpclassifyd
 .text          0x00000000000099f0        0x0 c:/intelfpga_lite/18.1/nios2eds/bin/gnu/h-x86_64-mingw32/bin/../lib/gcc/nios2-elf/5.3.0/../../../../../H-x86_64-mingw32/nios2-elf/lib\libc.a(lib_a-stdio.o)
 .text.__sread  0x00000000000099f0       0x54 c:/intelfpga_lite/18.1/nios2eds/bin/gnu/h-x86_64-mingw32/bin/../lib/gcc/nios2-elf/5.3.0/../../../../../H-x86_64-mingw32/nios2-elf/lib\libc.a(lib_a-stdio.o)
                0x00000000000099f0                __sread
 .text.__seofread
                0x0000000000009a44        0x8 c:/intelfpga_lite/18.1/nios2eds/bin/gnu/h-x86_64-mingw32/bin/../lib/gcc/nios2-elf/5.3.0/../../../../../H-x86_64-mingw32/nios2-elf/lib\libc.a(lib_a-stdio.o)
                0x0000000000009a44                __seofread
 .text.__swrite
                0x0000000000009a4c       0x7c c:/intelfpga_lite/18.1/nios2eds/bin/gnu/h-x86_64-mingw32/bin/../lib/gcc/nios2-elf/5.3.0/../../../../../H-x86_64-mingw32/nios2-elf/lib\libc.a(lib_a-stdio.o)
                0x0000000000009a4c                __swrite
 .text.__sseek  0x0000000000009ac8       0x5c c:/intelfpga_lite/18.1/nios2eds/bin/gnu/h-x86_64-mingw32/bin/../lib/gcc/nios2-elf/5.3.0/../../../../../H-x86_64-mingw32/nios2-elf/lib\libc.a(lib_a-stdio.o)
                0x0000000000009ac8                __sseek
 .text.__sclose
                0x0000000000009b24        0x8 c:/intelfpga_lite/18.1/nios2eds/bin/gnu/h-x86_64-mingw32/bin/../lib/gcc/nios2-elf/5.3.0/../../../../../H-x86_64-mingw32/nios2-elf/lib\libc.a(lib_a-stdio.o)
                0x0000000000009b24                __sclose
 .text          0x0000000000009b2c        0x0 c:/intelfpga_lite/18.1/nios2eds/bin/gnu/h-x86_64-mingw32/bin/../lib/gcc/nios2-elf/5.3.0/../../../../../H-x86_64-mingw32/nios2-elf/lib\libc.a(lib_a-strcmp.o)
 .text.strcmp   0x0000000000009b2c       0xdc c:/intelfpga_lite/18.1/nios2eds/bin/gnu/h-x86_64-mingw32/bin/../lib/gcc/nios2-elf/5.3.0/../../../../../H-x86_64-mingw32/nios2-elf/lib\libc.a(lib_a-strcmp.o)
                0x0000000000009b2c                strcmp
 .text          0x0000000000009c08        0x0 c:/intelfpga_lite/18.1/nios2eds/bin/gnu/h-x86_64-mingw32/bin/../lib/gcc/nios2-elf/5.3.0/../../../../../H-x86_64-mingw32/nios2-elf/lib\libc.a(lib_a-vfiprintf.o)
 .text.__sprint_r.part.0
                0x0000000000009c08       0xfc c:/intelfpga_lite/18.1/nios2eds/bin/gnu/h-x86_64-mingw32/bin/../lib/gcc/nios2-elf/5.3.0/../../../../../H-x86_64-mingw32/nios2-elf/lib\libc.a(lib_a-vfiprintf.o)
 .text.__sprint_r
                0x0000000000009d04       0x18 c:/intelfpga_lite/18.1/nios2eds/bin/gnu/h-x86_64-mingw32/bin/../lib/gcc/nios2-elf/5.3.0/../../../../../H-x86_64-mingw32/nios2-elf/lib\libc.a(lib_a-vfiprintf.o)
                0x0000000000009d04                __sprint_r
 .text.___vfiprintf_internal_r
                0x0000000000009d1c     0x145c c:/intelfpga_lite/18.1/nios2eds/bin/gnu/h-x86_64-mingw32/bin/../lib/gcc/nios2-elf/5.3.0/../../../../../H-x86_64-mingw32/nios2-elf/lib\libc.a(lib_a-vfiprintf.o)
                0x0000000000009d1c                ___vfiprintf_internal_r
 .text.__vfiprintf_internal
                0x000000000000b178       0x1c c:/intelfpga_lite/18.1/nios2eds/bin/gnu/h-x86_64-mingw32/bin/../lib/gcc/nios2-elf/5.3.0/../../../../../H-x86_64-mingw32/nios2-elf/lib\libc.a(lib_a-vfiprintf.o)
                0x000000000000b178                __vfiprintf_internal
 .text.__sbprintf
                0x000000000000b194       0xbc c:/intelfpga_lite/18.1/nios2eds/bin/gnu/h-x86_64-mingw32/bin/../lib/gcc/nios2-elf/5.3.0/../../../../../H-x86_64-mingw32/nios2-elf/lib\libc.a(lib_a-vfiprintf.o)
 .text          0x000000000000b250        0x0 c:/intelfpga_lite/18.1/nios2eds/bin/gnu/h-x86_64-mingw32/bin/../lib/gcc/nios2-elf/5.3.0/../../../../../H-x86_64-mingw32/nios2-elf/lib\libc.a(lib_a-writer.o)
 .text._write_r
                0x000000000000b250       0x60 c:/intelfpga_lite/18.1/nios2eds/bin/gnu/h-x86_64-mingw32/bin/../lib/gcc/nios2-elf/5.3.0/../../../../../H-x86_64-mingw32/nios2-elf/lib\libc.a(lib_a-writer.o)
                0x000000000000b250                _write_r
 .text          0x000000000000b2b0        0x0 c:/intelfpga_lite/18.1/nios2eds/bin/gnu/h-x86_64-mingw32/bin/../lib/gcc/nios2-elf/5.3.0/../../../../../H-x86_64-mingw32/nios2-elf/lib\libc.a(closer.o)
 .text._close_r
                0x000000000000b2b0       0x54 c:/intelfpga_lite/18.1/nios2eds/bin/gnu/h-x86_64-mingw32/bin/../lib/gcc/nios2-elf/5.3.0/../../../../../H-x86_64-mingw32/nios2-elf/lib\libc.a(closer.o)
                0x000000000000b2b0                _close_r
 .text          0x000000000000b304        0x0 c:/intelfpga_lite/18.1/nios2eds/bin/gnu/h-x86_64-mingw32/bin/../lib/gcc/nios2-elf/5.3.0/../../../../../H-x86_64-mingw32/nios2-elf/lib\libc.a(lib_a-callocr.o)
 .text._calloc_r
                0x000000000000b304       0xc4 c:/intelfpga_lite/18.1/nios2eds/bin/gnu/h-x86_64-mingw32/bin/../lib/gcc/nios2-elf/5.3.0/../../../../../H-x86_64-mingw32/nios2-elf/lib\libc.a(lib_a-callocr.o)
                0x000000000000b304                _calloc_r
 .text          0x000000000000b3c8        0x0 c:/intelfpga_lite/18.1/nios2eds/bin/gnu/h-x86_64-mingw32/bin/../lib/gcc/nios2-elf/5.3.0/../../../../../H-x86_64-mingw32/nios2-elf/lib\libc.a(lib_a-fclose.o)
 .text._fclose_r
                0x000000000000b3c8       0xf0 c:/intelfpga_lite/18.1/nios2eds/bin/gnu/h-x86_64-mingw32/bin/../lib/gcc/nios2-elf/5.3.0/../../../../../H-x86_64-mingw32/nios2-elf/lib\libc.a(lib_a-fclose.o)
                0x000000000000b3c8                _fclose_r
 .text.fclose   0x000000000000b4b8       0x14 c:/intelfpga_lite/18.1/nios2eds/bin/gnu/h-x86_64-mingw32/bin/../lib/gcc/nios2-elf/5.3.0/../../../../../H-x86_64-mingw32/nios2-elf/lib\libc.a(lib_a-fclose.o)
                0x000000000000b4b8                fclose
 .text          0x000000000000b4cc        0x0 c:/intelfpga_lite/18.1/nios2eds/bin/gnu/h-x86_64-mingw32/bin/../lib/gcc/nios2-elf/5.3.0/../../../../../H-x86_64-mingw32/nios2-elf/lib\libc.a(lib_a-fputwc.o)
 .text.__fputwc
                0x000000000000b4cc      0x164 c:/intelfpga_lite/18.1/nios2eds/bin/gnu/h-x86_64-mingw32/bin/../lib/gcc/nios2-elf/5.3.0/../../../../../H-x86_64-mingw32/nios2-elf/lib\libc.a(lib_a-fputwc.o)
                0x000000000000b4cc                __fputwc
 .text._fputwc_r
                0x000000000000b630       0x24 c:/intelfpga_lite/18.1/nios2eds/bin/gnu/h-x86_64-mingw32/bin/../lib/gcc/nios2-elf/5.3.0/../../../../../H-x86_64-mingw32/nios2-elf/lib\libc.a(lib_a-fputwc.o)
                0x000000000000b630                _fputwc_r
 .text.fputwc   0x000000000000b654       0x80 c:/intelfpga_lite/18.1/nios2eds/bin/gnu/h-x86_64-mingw32/bin/../lib/gcc/nios2-elf/5.3.0/../../../../../H-x86_64-mingw32/nios2-elf/lib\libc.a(lib_a-fputwc.o)
                0x000000000000b654                fputwc
 .text          0x000000000000b6d4        0x0 c:/intelfpga_lite/18.1/nios2eds/bin/gnu/h-x86_64-mingw32/bin/../lib/gcc/nios2-elf/5.3.0/../../../../../H-x86_64-mingw32/nios2-elf/lib\libc.a(lib_a-fstatr.o)
 .text._fstat_r
                0x000000000000b6d4       0x5c c:/intelfpga_lite/18.1/nios2eds/bin/gnu/h-x86_64-mingw32/bin/../lib/gcc/nios2-elf/5.3.0/../../../../../H-x86_64-mingw32/nios2-elf/lib\libc.a(lib_a-fstatr.o)
                0x000000000000b6d4                _fstat_r
 .text          0x000000000000b730        0x0 c:/intelfpga_lite/18.1/nios2eds/bin/gnu/h-x86_64-mingw32/bin/../lib/gcc/nios2-elf/5.3.0/../../../../../H-x86_64-mingw32/nios2-elf/lib\libc.a(lib_a-isattyr.o)
 .text._isatty_r
                0x000000000000b730       0x54 c:/intelfpga_lite/18.1/nios2eds/bin/gnu/h-x86_64-mingw32/bin/../lib/gcc/nios2-elf/5.3.0/../../../../../H-x86_64-mingw32/nios2-elf/lib\libc.a(lib_a-isattyr.o)
                0x000000000000b730                _isatty_r
 .text          0x000000000000b784        0x0 c:/intelfpga_lite/18.1/nios2eds/bin/gnu/h-x86_64-mingw32/bin/../lib/gcc/nios2-elf/5.3.0/../../../../../H-x86_64-mingw32/nios2-elf/lib\libc.a(lib_a-lseekr.o)
 .text._lseek_r
                0x000000000000b784       0x60 c:/intelfpga_lite/18.1/nios2eds/bin/gnu/h-x86_64-mingw32/bin/../lib/gcc/nios2-elf/5.3.0/../../../../../H-x86_64-mingw32/nios2-elf/lib\libc.a(lib_a-lseekr.o)
                0x000000000000b784                _lseek_r
 .text          0x000000000000b7e4        0x0 c:/intelfpga_lite/18.1/nios2eds/bin/gnu/h-x86_64-mingw32/bin/../lib/gcc/nios2-elf/5.3.0/../../../../../H-x86_64-mingw32/nios2-elf/lib\libc.a(lib_a-readr.o)
 .text._read_r  0x000000000000b7e4       0x60 c:/intelfpga_lite/18.1/nios2eds/bin/gnu/h-x86_64-mingw32/bin/../lib/gcc/nios2-elf/5.3.0/../../../../../H-x86_64-mingw32/nios2-elf/lib\libc.a(lib_a-readr.o)
                0x000000000000b7e4                _read_r
 .text          0x000000000000b844        0x0 c:/intelfpga_lite/18.1/nios2eds/bin/gnu/h-x86_64-mingw32/bin/../lib/gcc/nios2-elf/5.3.0/../../../../../H-x86_64-mingw32/nios2-elf/lib\libc.a(lib_a-wbuf.o)
 .text.__swbuf_r
                0x000000000000b844      0x140 c:/intelfpga_lite/18.1/nios2eds/bin/gnu/h-x86_64-mingw32/bin/../lib/gcc/nios2-elf/5.3.0/../../../../../H-x86_64-mingw32/nios2-elf/lib\libc.a(lib_a-wbuf.o)
                0x000000000000b844                __swbuf_r
 .text.__swbuf  0x000000000000b984       0x18 c:/intelfpga_lite/18.1/nios2eds/bin/gnu/h-x86_64-mingw32/bin/../lib/gcc/nios2-elf/5.3.0/../../../../../H-x86_64-mingw32/nios2-elf/lib\libc.a(lib_a-wbuf.o)
                0x000000000000b984                __swbuf
 .text          0x000000000000b99c        0x0 c:/intelfpga_lite/18.1/nios2eds/bin/gnu/h-x86_64-mingw32/bin/../lib/gcc/nios2-elf/5.3.0/../../../../../H-x86_64-mingw32/nios2-elf/lib\libc.a(lib_a-wcrtomb.o)
 .text._wcrtomb_r
                0x000000000000b99c       0x9c c:/intelfpga_lite/18.1/nios2eds/bin/gnu/h-x86_64-mingw32/bin/../lib/gcc/nios2-elf/5.3.0/../../../../../H-x86_64-mingw32/nios2-elf/lib\libc.a(lib_a-wcrtomb.o)
                0x000000000000b99c                _wcrtomb_r
 .text.wcrtomb  0x000000000000ba38       0xc0 c:/intelfpga_lite/18.1/nios2eds/bin/gnu/h-x86_64-mingw32/bin/../lib/gcc/nios2-elf/5.3.0/../../../../../H-x86_64-mingw32/nios2-elf/lib\libc.a(lib_a-wcrtomb.o)
                0x000000000000ba38                wcrtomb
 .text          0x000000000000baf8        0x0 c:/intelfpga_lite/18.1/nios2eds/bin/gnu/h-x86_64-mingw32/bin/../lib/gcc/nios2-elf/5.3.0/../../../../../H-x86_64-mingw32/nios2-elf/lib\libc.a(lib_a-wctomb_r.o)
 .text.__ascii_wctomb
                0x000000000000baf8       0x30 c:/intelfpga_lite/18.1/nios2eds/bin/gnu/h-x86_64-mingw32/bin/../lib/gcc/nios2-elf/5.3.0/../../../../../H-x86_64-mingw32/nios2-elf/lib\libc.a(lib_a-wctomb_r.o)
                0x000000000000baf8                __ascii_wctomb
 .text._wctomb_r
                0x000000000000bb28       0x5c c:/intelfpga_lite/18.1/nios2eds/bin/gnu/h-x86_64-mingw32/bin/../lib/gcc/nios2-elf/5.3.0/../../../../../H-x86_64-mingw32/nios2-elf/lib\libc.a(lib_a-wctomb_r.o)
                0x000000000000bb28                _wctomb_r
 .text          0x000000000000bb84      0x578 c:/intelfpga_lite/18.1/nios2eds/bin/gnu/h-x86_64-mingw32/bin/../lib/gcc/nios2-elf/5.3.0\libgcc.a(_udivdi3.o)
                0x000000000000bb84                __udivdi3
 .text          0x000000000000c0fc      0x538 c:/intelfpga_lite/18.1/nios2eds/bin/gnu/h-x86_64-mingw32/bin/../lib/gcc/nios2-elf/5.3.0\libgcc.a(_umoddi3.o)
                0x000000000000c0fc                __umoddi3
 .text          0x000000000000c634      0x8ac c:/intelfpga_lite/18.1/nios2eds/bin/gnu/h-x86_64-mingw32/bin/../lib/gcc/nios2-elf/5.3.0\libgcc.a(adddf3.o)
                0x000000000000c634                __adddf3
 .text          0x000000000000cee0      0x8e8 c:/intelfpga_lite/18.1/nios2eds/bin/gnu/h-x86_64-mingw32/bin/../lib/gcc/nios2-elf/5.3.0\libgcc.a(divdf3.o)
                0x000000000000cee0                __divdf3
 .text          0x000000000000d7c8       0x88 c:/intelfpga_lite/18.1/nios2eds/bin/gnu/h-x86_64-mingw32/bin/../lib/gcc/nios2-elf/5.3.0\libgcc.a(eqdf2.o)
                0x000000000000d7c8                __nedf2
                0x000000000000d7c8                __eqdf2
 .text          0x000000000000d850       0xdc c:/intelfpga_lite/18.1/nios2eds/bin/gnu/h-x86_64-mingw32/bin/../lib/gcc/nios2-elf/5.3.0\libgcc.a(gedf2.o)
                0x000000000000d850                __gedf2
                0x000000000000d850                __gtdf2
 .text          0x000000000000d92c       0xf4 c:/intelfpga_lite/18.1/nios2eds/bin/gnu/h-x86_64-mingw32/bin/../lib/gcc/nios2-elf/5.3.0\libgcc.a(ledf2.o)
                0x000000000000d92c                __ledf2
                0x000000000000d92c                __ltdf2
 .text          0x000000000000da20      0x718 c:/intelfpga_lite/18.1/nios2eds/bin/gnu/h-x86_64-mingw32/bin/../lib/gcc/nios2-elf/5.3.0\libgcc.a(muldf3.o)
                0x000000000000da20                __muldf3
 .text          0x000000000000e138      0x8fc c:/intelfpga_lite/18.1/nios2eds/bin/gnu/h-x86_64-mingw32/bin/../lib/gcc/nios2-elf/5.3.0\libgcc.a(subdf3.o)
                0x000000000000e138                __subdf3
 .text          0x000000000000ea34       0x80 c:/intelfpga_lite/18.1/nios2eds/bin/gnu/h-x86_64-mingw32/bin/../lib/gcc/nios2-elf/5.3.0\libgcc.a(fixdfsi.o)
                0x000000000000ea34                __fixdfsi
 .text          0x000000000000eab4       0xdc c:/intelfpga_lite/18.1/nios2eds/bin/gnu/h-x86_64-mingw32/bin/../lib/gcc/nios2-elf/5.3.0\libgcc.a(floatsidf.o)
                0x000000000000eab4                __floatsidf
 .text          0x000000000000eb90       0xa8 c:/intelfpga_lite/18.1/nios2eds/bin/gnu/h-x86_64-mingw32/bin/../lib/gcc/nios2-elf/5.3.0\libgcc.a(floatunsidf.o)
                0x000000000000eb90                __floatunsidf
 .text          0x000000000000ec38        0x0 c:/intelfpga_lite/18.1/nios2eds/bin/gnu/h-x86_64-mingw32/bin/../lib/gcc/nios2-elf/5.3.0\libgcc.a(_clz.o)
 .text          0x000000000000ec38       0x64 c:/intelfpga_lite/18.1/nios2eds/bin/gnu/h-x86_64-mingw32/bin/../lib/gcc/nios2-elf/5.3.0\libgcc.a(_clzsi2.o)
                0x000000000000ec38                __clzsi2
 .text          0x000000000000ec9c      0x10c C:/Users/nicis/HESSO/MSc_ElE/TSM_EmbHardw/Labs/Lab_04/mse_demo/software/sobel_bsp/\libhal_bsp.a(alt_close.o)
                0x000000000000ecd8                close
 .text          0x000000000000eda8       0x2c C:/Users/nicis/HESSO/MSc_ElE/TSM_EmbHardw/Labs/Lab_04/mse_demo/software/sobel_bsp/\libhal_bsp.a(alt_dev.o)
 .text          0x000000000000edd4        0x0 C:/Users/nicis/HESSO/MSc_ElE/TSM_EmbHardw/Labs/Lab_04/mse_demo/software/sobel_bsp/\libhal_bsp.a(alt_errno.o)
 .text          0x000000000000edd4       0xec C:/Users/nicis/HESSO/MSc_ElE/TSM_EmbHardw/Labs/Lab_04/mse_demo/software/sobel_bsp/\libhal_bsp.a(alt_fstat.o)
                0x000000000000ee10                fstat
 .text          0x000000000000eec0       0xe0 C:/Users/nicis/HESSO/MSc_ElE/TSM_EmbHardw/Labs/Lab_04/mse_demo/software/sobel_bsp/\libhal_bsp.a(alt_isatty.o)
                0x000000000000eefc                isatty
 .text          0x000000000000efa0       0xec C:/Users/nicis/HESSO/MSc_ElE/TSM_EmbHardw/Labs/Lab_04/mse_demo/software/sobel_bsp/\libhal_bsp.a(alt_load.o)
                0x000000000000f008                alt_load
 .text          0x000000000000f08c      0x110 C:/Users/nicis/HESSO/MSc_ElE/TSM_EmbHardw/Labs/Lab_04/mse_demo/software/sobel_bsp/\libhal_bsp.a(alt_lseek.o)
                0x000000000000f0c8                lseek
 .text          0x000000000000f19c       0x7c C:/Users/nicis/HESSO/MSc_ElE/TSM_EmbHardw/Labs/Lab_04/mse_demo/software/sobel_bsp/\libhal_bsp.a(alt_main.o)
                0x000000000000f19c                alt_main
 .text          0x000000000000f218       0x48 C:/Users/nicis/HESSO/MSc_ElE/TSM_EmbHardw/Labs/Lab_04/mse_demo/software/sobel_bsp/\libhal_bsp.a(alt_malloc_lock.o)
                0x000000000000f218                __malloc_lock
                0x000000000000f23c                __malloc_unlock
 .text          0x000000000000f260      0x138 C:/Users/nicis/HESSO/MSc_ElE/TSM_EmbHardw/Labs/Lab_04/mse_demo/software/sobel_bsp/\libhal_bsp.a(alt_read.o)
                0x000000000000f29c                read
 .text          0x000000000000f398       0x64 C:/Users/nicis/HESSO/MSc_ElE/TSM_EmbHardw/Labs/Lab_04/mse_demo/software/sobel_bsp/\libhal_bsp.a(alt_release_fd.o)
                0x000000000000f398                alt_release_fd
 .text          0x000000000000f3fc       0xb0 C:/Users/nicis/HESSO/MSc_ElE/TSM_EmbHardw/Labs/Lab_04/mse_demo/software/sobel_bsp/\libhal_bsp.a(alt_sbrk.o)
                0x000000000000f3fc                sbrk
 .text          0x000000000000f4ac       0x30 C:/Users/nicis/HESSO/MSc_ElE/TSM_EmbHardw/Labs/Lab_04/mse_demo/software/sobel_bsp/\libhal_bsp.a(alt_usleep.o)
                0x000000000000f4ac                usleep
 .text          0x000000000000f4dc      0x134 C:/Users/nicis/HESSO/MSc_ElE/TSM_EmbHardw/Labs/Lab_04/mse_demo/software/sobel_bsp/\libhal_bsp.a(alt_write.o)
                0x000000000000f518                write
 .text          0x000000000000f610       0xe8 C:/Users/nicis/HESSO/MSc_ElE/TSM_EmbHardw/Labs/Lab_04/mse_demo/software/sobel_bsp/\libhal_bsp.a(alt_sys_init.o)
                0x000000000000f644                alt_irq_init
                0x000000000000f67c                alt_sys_init
 .text          0x000000000000f6f8      0x164 C:/Users/nicis/HESSO/MSc_ElE/TSM_EmbHardw/Labs/Lab_04/mse_demo/software/sobel_bsp/\libhal_bsp.a(altera_avalon_jtag_uart_fd.o)
                0x000000000000f6f8                altera_avalon_jtag_uart_read_fd
                0x000000000000f758                altera_avalon_jtag_uart_write_fd
                0x000000000000f7b8                altera_avalon_jtag_uart_close_fd
                0x000000000000f808                altera_avalon_jtag_uart_ioctl_fd
 .text          0x000000000000f85c      0x3d4 C:/Users/nicis/HESSO/MSc_ElE/TSM_EmbHardw/Labs/Lab_04/mse_demo/software/sobel_bsp/\libhal_bsp.a(altera_avalon_jtag_uart_init.o)
                0x000000000000f85c                altera_avalon_jtag_uart_init
                0x000000000000fbc8                altera_avalon_jtag_uart_close
 .text          0x000000000000fc30       0xf0 C:/Users/nicis/HESSO/MSc_ElE/TSM_EmbHardw/Labs/Lab_04/mse_demo/software/sobel_bsp/\libhal_bsp.a(altera_avalon_jtag_uart_ioctl.o)
                0x000000000000fc30                altera_avalon_jtag_uart_ioctl
 .text          0x000000000000fd20      0x21c C:/Users/nicis/HESSO/MSc_ElE/TSM_EmbHardw/Labs/Lab_04/mse_demo/software/sobel_bsp/\libhal_bsp.a(altera_avalon_jtag_uart_read.o)
                0x000000000000fd20                altera_avalon_jtag_uart_read
 .text          0x000000000000ff3c      0x224 C:/Users/nicis/HESSO/MSc_ElE/TSM_EmbHardw/Labs/Lab_04/mse_demo/software/sobel_bsp/\libhal_bsp.a(altera_avalon_jtag_uart_write.o)
                0x000000000000ff3c                altera_avalon_jtag_uart_write
 .text          0x0000000000010160       0xf4 C:/Users/nicis/HESSO/MSc_ElE/TSM_EmbHardw/Labs/Lab_04/mse_demo/software/sobel_bsp/\libhal_bsp.a(altera_avalon_timer_sc.o)
                0x00000000000101d8                alt_avalon_timer_sc_init
 .text          0x0000000000010254      0x118 C:/Users/nicis/HESSO/MSc_ElE/TSM_EmbHardw/Labs/Lab_04/mse_demo/software/sobel_bsp/\libhal_bsp.a(altera_avalon_timer_ts.o)
                0x0000000000010254                alt_timestamp_start
                0x00000000000102cc                alt_timestamp
                0x000000000001034c                alt_timestamp_freq
 .text          0x000000000001036c        0x0 C:/Users/nicis/HESSO/MSc_ElE/TSM_EmbHardw/Labs/Lab_04/mse_demo/software/sobel_bsp/\libhal_bsp.a(altera_avalon_timer_vars.o)
 .text          0x000000000001036c      0x12c C:/Users/nicis/HESSO/MSc_ElE/TSM_EmbHardw/Labs/Lab_04/mse_demo/software/sobel_bsp/\libhal_bsp.a(alt_alarm_start.o)
                0x000000000001036c                alt_alarm_start
 .text          0x0000000000010498      0x158 C:/Users/nicis/HESSO/MSc_ElE/TSM_EmbHardw/Labs/Lab_04/mse_demo/software/sobel_bsp/\libhal_bsp.a(alt_busy_sleep.o)
                0x0000000000010498                alt_busy_sleep
 .text          0x00000000000105f0       0x20 C:/Users/nicis/HESSO/MSc_ElE/TSM_EmbHardw/Labs/Lab_04/mse_demo/software/sobel_bsp/\libhal_bsp.a(alt_dcache_flush_all.o)
                0x00000000000105f0                alt_dcache_flush_all
 .text          0x0000000000010610       0xe0 C:/Users/nicis/HESSO/MSc_ElE/TSM_EmbHardw/Labs/Lab_04/mse_demo/software/sobel_bsp/\libhal_bsp.a(alt_dev_llist_insert.o)
                0x000000000001064c                alt_dev_llist_insert
 .text          0x00000000000106f0       0x60 C:/Users/nicis/HESSO/MSc_ElE/TSM_EmbHardw/Labs/Lab_04/mse_demo/software/sobel_bsp/\libhal_bsp.a(alt_do_ctors.o)
                0x00000000000106f0                _do_ctors
 .text          0x0000000000010750       0x60 C:/Users/nicis/HESSO/MSc_ElE/TSM_EmbHardw/Labs/Lab_04/mse_demo/software/sobel_bsp/\libhal_bsp.a(alt_do_dtors.o)
                0x0000000000010750                _do_dtors
 .text          0x00000000000107b0       0x34 C:/Users/nicis/HESSO/MSc_ElE/TSM_EmbHardw/Labs/Lab_04/mse_demo/software/sobel_bsp/\libhal_bsp.a(alt_icache_flush_all.o)
                0x00000000000107b0                alt_icache_flush_all
 .text          0x00000000000107e4      0x1b0 C:/Users/nicis/HESSO/MSc_ElE/TSM_EmbHardw/Labs/Lab_04/mse_demo/software/sobel_bsp/\libhal_bsp.a(alt_iic.o)
                0x00000000000107e4                alt_ic_isr_register
                0x0000000000010834                alt_ic_irq_enable
                0x00000000000108bc                alt_ic_irq_disable
                0x0000000000010948                alt_ic_irq_enabled
 .text          0x0000000000010994       0xf0 C:/Users/nicis/HESSO/MSc_ElE/TSM_EmbHardw/Labs/Lab_04/mse_demo/software/sobel_bsp/\libhal_bsp.a(alt_iic_isr_register.o)
                0x0000000000010994                alt_iic_isr_register
 .text          0x0000000000010a84      0x140 C:/Users/nicis/HESSO/MSc_ElE/TSM_EmbHardw/Labs/Lab_04/mse_demo/software/sobel_bsp/\libhal_bsp.a(alt_io_redirect.o)
                0x0000000000010b48                alt_io_redirect
 .text          0x0000000000010bc4        0x0 C:/Users/nicis/HESSO/MSc_ElE/TSM_EmbHardw/Labs/Lab_04/mse_demo/software/sobel_bsp/\libhal_bsp.a(alt_irq_entry.o)
 .text          0x0000000000010bc4        0x0 C:/Users/nicis/HESSO/MSc_ElE/TSM_EmbHardw/Labs/Lab_04/mse_demo/software/sobel_bsp/\libhal_bsp.a(alt_irq_handler.o)
 .text          0x0000000000010bc4        0x0 C:/Users/nicis/HESSO/MSc_ElE/TSM_EmbHardw/Labs/Lab_04/mse_demo/software/sobel_bsp/\libhal_bsp.a(alt_irq_vars.o)
 .text          0x0000000000010bc4      0x254 C:/Users/nicis/HESSO/MSc_ElE/TSM_EmbHardw/Labs/Lab_04/mse_demo/software/sobel_bsp/\libhal_bsp.a(alt_open.o)
                0x0000000000010cc4                open
 .text          0x0000000000010e18      0x1a4 C:/Users/nicis/HESSO/MSc_ElE/TSM_EmbHardw/Labs/Lab_04/mse_demo/software/sobel_bsp/\libhal_bsp.a(alt_tick.o)
                0x0000000000010e18                alt_alarm_stop
                0x0000000000010eb4                alt_tick
 .text          0x0000000000010fbc       0x24 C:/Users/nicis/HESSO/MSc_ElE/TSM_EmbHardw/Labs/Lab_04/mse_demo/software/sobel_bsp/\libhal_bsp.a(altera_nios2_gen2_irq.o)
                0x0000000000010fbc                altera_nios2_gen2_irq_init
 .text          0x0000000000010fe0        0x0 C:/Users/nicis/HESSO/MSc_ElE/TSM_EmbHardw/Labs/Lab_04/mse_demo/software/sobel_bsp/\libhal_bsp.a(alt_exception_entry.o)
 .text          0x0000000000010fe0       0x90 C:/Users/nicis/HESSO/MSc_ElE/TSM_EmbHardw/Labs/Lab_04/mse_demo/software/sobel_bsp/\libhal_bsp.a(alt_find_dev.o)
                0x0000000000010fe0                alt_find_dev
 .text          0x0000000000011070      0x108 C:/Users/nicis/HESSO/MSc_ElE/TSM_EmbHardw/Labs/Lab_04/mse_demo/software/sobel_bsp/\libhal_bsp.a(alt_find_file.o)
                0x0000000000011070                alt_find_file
 .text          0x0000000000011178       0xa4 C:/Users/nicis/HESSO/MSc_ElE/TSM_EmbHardw/Labs/Lab_04/mse_demo/software/sobel_bsp/\libhal_bsp.a(alt_get_fd.o)
                0x0000000000011178                alt_get_fd
 .text          0x000000000001121c       0x90 C:/Users/nicis/HESSO/MSc_ElE/TSM_EmbHardw/Labs/Lab_04/mse_demo/software/sobel_bsp/\libhal_bsp.a(alt_icache_flush.o)
                0x000000000001121c                alt_icache_flush
 .text          0x00000000000112ac       0x9c C:/Users/nicis/HESSO/MSc_ElE/TSM_EmbHardw/Labs/Lab_04/mse_demo/software/sobel_bsp/\libhal_bsp.a(alt_instruction_exception_entry.o)
                0x00000000000112ac                alt_exception_cause_generated_bad_addr
 .text          0x0000000000011348        0x0 c:/intelfpga_lite/18.1/nios2eds/bin/gnu/h-x86_64-mingw32/bin/../lib/gcc/nios2-elf/5.3.0/../../../../../H-x86_64-mingw32/nios2-elf/lib\libc.a(lib_a-atexit.o)
 .text.atexit   0x0000000000011348       0x14 c:/intelfpga_lite/18.1/nios2eds/bin/gnu/h-x86_64-mingw32/bin/../lib/gcc/nios2-elf/5.3.0/../../../../../H-x86_64-mingw32/nios2-elf/lib\libc.a(lib_a-atexit.o)
                0x0000000000011348                atexit
 .text          0x000000000001135c        0x0 c:/intelfpga_lite/18.1/nios2eds/bin/gnu/h-x86_64-mingw32/bin/../lib/gcc/nios2-elf/5.3.0/../../../../../H-x86_64-mingw32/nios2-elf/lib\libc.a(lib_a-exit.o)
 .text.exit     0x000000000001135c       0x38 c:/intelfpga_lite/18.1/nios2eds/bin/gnu/h-x86_64-mingw32/bin/../lib/gcc/nios2-elf/5.3.0/../../../../../H-x86_64-mingw32/nios2-elf/lib\libc.a(lib_a-exit.o)
                0x000000000001135c                exit
 .text          0x0000000000011394        0x0 c:/intelfpga_lite/18.1/nios2eds/bin/gnu/h-x86_64-mingw32/bin/../lib/gcc/nios2-elf/5.3.0/../../../../../H-x86_64-mingw32/nios2-elf/lib\libc.a(lib_a-memcmp.o)
 .text.memcmp   0x0000000000011394       0x7c c:/intelfpga_lite/18.1/nios2eds/bin/gnu/h-x86_64-mingw32/bin/../lib/gcc/nios2-elf/5.3.0/../../../../../H-x86_64-mingw32/nios2-elf/lib\libc.a(lib_a-memcmp.o)
                0x0000000000011394                memcmp
 .text          0x0000000000011410        0x0 c:/intelfpga_lite/18.1/nios2eds/bin/gnu/h-x86_64-mingw32/bin/../lib/gcc/nios2-elf/5.3.0/../../../../../H-x86_64-mingw32/nios2-elf/lib\libc.a(lib_a-__atexit.o)
 .text.__register_exitproc
                0x0000000000011410      0x118 c:/intelfpga_lite/18.1/nios2eds/bin/gnu/h-x86_64-mingw32/bin/../lib/gcc/nios2-elf/5.3.0/../../../../../H-x86_64-mingw32/nios2-elf/lib\libc.a(lib_a-__atexit.o)
                0x0000000000011410                __register_exitproc
 .text          0x0000000000011528        0x0 c:/intelfpga_lite/18.1/nios2eds/bin/gnu/h-x86_64-mingw32/bin/../lib/gcc/nios2-elf/5.3.0/../../../../../H-x86_64-mingw32/nios2-elf/lib\libc.a(lib_a-__call_atexit.o)
 .text.__call_exitprocs
                0x0000000000011528      0x180 c:/intelfpga_lite/18.1/nios2eds/bin/gnu/h-x86_64-mingw32/bin/../lib/gcc/nios2-elf/5.3.0/../../../../../H-x86_64-mingw32/nios2-elf/lib\libc.a(lib_a-__call_atexit.o)
                0x0000000000011528                __call_exitprocs
 .text          0x00000000000116a8       0x34 C:/Users/nicis/HESSO/MSc_ElE/TSM_EmbHardw/Labs/Lab_04/mse_demo/software/sobel_bsp/\libhal_bsp.a(alt_exit.o)
                0x00000000000116a8                _exit
 *(.gnu.warning.*)
 *(.fini)
                [!provide]                        PROVIDE (__etext, ABSOLUTE (.))
                [!provide]                        PROVIDE (_etext, ABSOLUTE (.))
                [!provide]                        PROVIDE (etext, ABSOLUTE (.))
 *(.eh_frame_hdr)
                0x00000000000116dc                . = ALIGN (0x4)
                [!provide]                        PROVIDE (__preinit_array_start, ABSOLUTE (.))
 *(.preinit_array)
                [!provide]                        PROVIDE (__preinit_array_end, ABSOLUTE (.))
                [!provide]                        PROVIDE (__init_array_start, ABSOLUTE (.))
 *(.init_array)
                [!provide]                        PROVIDE (__init_array_end, ABSOLUTE (.))
                [!provide]                        PROVIDE (__fini_array_start, ABSOLUTE (.))
 *(.fini_array)
                [!provide]                        PROVIDE (__fini_array_end, ABSOLUTE (.))
 *(.eh_frame)
 *(.gcc_except_table .gcc_except_table.*)
 *(.dynamic)
                0x00000000000116dc                PROVIDE (__CTOR_LIST__, ABSOLUTE (.))
 *(.ctors)
 *(SORT(.ctors.*))
                0x00000000000116dc                PROVIDE (__CTOR_END__, ABSOLUTE (.))
                0x00000000000116dc                PROVIDE (__DTOR_LIST__, ABSOLUTE (.))
 *(.dtors)
 *(SORT(.dtors.*))
                0x00000000000116dc                PROVIDE (__DTOR_END__, ABSOLUTE (.))
 *(.jcr)
                0x00000000000116dc                . = ALIGN (0x4)

.rodata         0x00000000000116dc      0x7c8
                0x00000000000116dc                PROVIDE (__ram_rodata_start, ABSOLUTE (.))
                0x00000000000116dc                . = ALIGN (0x4)
 *(.rodata .rodata.* .gnu.linkonce.r.*)
 .rodata        0x00000000000116dc      0x3e0 obj/default/camera.o
                0x00000000000116dc                preview_snapshot_mode_reg_settings_array
                0x00000000000117f4                noise_reduction_reg_settings_array
                0x0000000000011934                lens_roll_off_tbl
 .rodata        0x0000000000011abc       0x47 obj/default/i2c.o
 *fill*         0x0000000000011b03        0x1 
 .rodata        0x0000000000011b04       0x93 obj/default/main.o
 .rodata        0x0000000000011b97       0x12 obj/default/sobel.o
                0x0000000000011b97                gx_array
                0x0000000000011ba0                gy_array
 *fill*         0x0000000000011ba9        0x3 
 .rodata.str1.4
                0x0000000000011bac        0x2 c:/intelfpga_lite/18.1/nios2eds/bin/gnu/h-x86_64-mingw32/bin/../lib/gcc/nios2-elf/5.3.0/../../../../../H-x86_64-mingw32/nios2-elf/lib\libc.a(lib_a-puts.o)
 *fill*         0x0000000000011bae        0x2 
 .rodata.str1.4
                0x0000000000011bb0       0x42 c:/intelfpga_lite/18.1/nios2eds/bin/gnu/h-x86_64-mingw32/bin/../lib/gcc/nios2-elf/5.3.0/../../../../../H-x86_64-mingw32/nios2-elf/lib\libc.a(lib_a-vfprintf.o)
 .rodata.zeroes.4404
                0x0000000000011bf2       0x10 c:/intelfpga_lite/18.1/nios2eds/bin/gnu/h-x86_64-mingw32/bin/../lib/gcc/nios2-elf/5.3.0/../../../../../H-x86_64-mingw32/nios2-elf/lib\libc.a(lib_a-vfprintf.o)
 .rodata.blanks.4403
                0x0000000000011c02       0x10 c:/intelfpga_lite/18.1/nios2eds/bin/gnu/h-x86_64-mingw32/bin/../lib/gcc/nios2-elf/5.3.0/../../../../../H-x86_64-mingw32/nios2-elf/lib\libc.a(lib_a-vfprintf.o)
 *fill*         0x0000000000011c12        0x2 
 .rodata.str1.4
                0x0000000000011c14       0x10 c:/intelfpga_lite/18.1/nios2eds/bin/gnu/h-x86_64-mingw32/bin/../lib/gcc/nios2-elf/5.3.0/../../../../../H-x86_64-mingw32/nios2-elf/lib\libc.a(lib_a-dtoa.o)
                                         0x12 (size before relaxing)
 .rodata.str1.4
                0x0000000000011c24        0x2 c:/intelfpga_lite/18.1/nios2eds/bin/gnu/h-x86_64-mingw32/bin/../lib/gcc/nios2-elf/5.3.0/../../../../../H-x86_64-mingw32/nios2-elf/lib\libc.a(lib_a-impure.o)
 *fill*         0x0000000000011c26        0x2 
 .rodata.str1.4
                0x0000000000011c28        0xc c:/intelfpga_lite/18.1/nios2eds/bin/gnu/h-x86_64-mingw32/bin/../lib/gcc/nios2-elf/5.3.0/../../../../../H-x86_64-mingw32/nios2-elf/lib\libc.a(lib_a-locale.o)
                                         0x12 (size before relaxing)
 .rodata.p05.2768
                0x0000000000011c34        0xc c:/intelfpga_lite/18.1/nios2eds/bin/gnu/h-x86_64-mingw32/bin/../lib/gcc/nios2-elf/5.3.0/../../../../../H-x86_64-mingw32/nios2-elf/lib\libc.a(lib_a-mprec.o)
 .rodata.__mprec_tinytens
                0x0000000000011c40       0x28 c:/intelfpga_lite/18.1/nios2eds/bin/gnu/h-x86_64-mingw32/bin/../lib/gcc/nios2-elf/5.3.0/../../../../../H-x86_64-mingw32/nios2-elf/lib\libc.a(lib_a-mprec.o)
                0x0000000000011c40                __mprec_tinytens
 .rodata.__mprec_bigtens
                0x0000000000011c68       0x28 c:/intelfpga_lite/18.1/nios2eds/bin/gnu/h-x86_64-mingw32/bin/../lib/gcc/nios2-elf/5.3.0/../../../../../H-x86_64-mingw32/nios2-elf/lib\libc.a(lib_a-mprec.o)
                0x0000000000011c68                __mprec_bigtens
 .rodata.__mprec_tens
                0x0000000000011c90       0xc8 c:/intelfpga_lite/18.1/nios2eds/bin/gnu/h-x86_64-mingw32/bin/../lib/gcc/nios2-elf/5.3.0/../../../../../H-x86_64-mingw32/nios2-elf/lib\libc.a(lib_a-mprec.o)
                0x0000000000011c90                __mprec_tens
 .rodata.str1.4
                0x0000000000011d58       0x2f c:/intelfpga_lite/18.1/nios2eds/bin/gnu/h-x86_64-mingw32/bin/../lib/gcc/nios2-elf/5.3.0/../../../../../H-x86_64-mingw32/nios2-elf/lib\libc.a(lib_a-vfiprintf.o)
 .rodata.zeroes.4349
                0x0000000000011d58       0x10 c:/intelfpga_lite/18.1/nios2eds/bin/gnu/h-x86_64-mingw32/bin/../lib/gcc/nios2-elf/5.3.0/../../../../../H-x86_64-mingw32/nios2-elf/lib\libc.a(lib_a-vfiprintf.o)
 .rodata.blanks.4348
                0x0000000000011d68       0x10 c:/intelfpga_lite/18.1/nios2eds/bin/gnu/h-x86_64-mingw32/bin/../lib/gcc/nios2-elf/5.3.0/../../../../../H-x86_64-mingw32/nios2-elf/lib\libc.a(lib_a-vfiprintf.o)
 .rodata        0x0000000000011d78      0x100 c:/intelfpga_lite/18.1/nios2eds/bin/gnu/h-x86_64-mingw32/bin/../lib/gcc/nios2-elf/5.3.0\libgcc.a(_clz.o)
                0x0000000000011d78                __clz_tab
 .rodata        0x0000000000011e78        0xa C:/Users/nicis/HESSO/MSc_ElE/TSM_EmbHardw/Labs/Lab_04/mse_demo/software/sobel_bsp/\libhal_bsp.a(alt_dev.o)
 *fill*         0x0000000000011e82        0x2 
 .rodata        0x0000000000011e84        0xf C:/Users/nicis/HESSO/MSc_ElE/TSM_EmbHardw/Labs/Lab_04/mse_demo/software/sobel_bsp/\libhal_bsp.a(alt_main.o)
 *fill*         0x0000000000011e93        0x1 
 .rodata        0x0000000000011e94        0xf C:/Users/nicis/HESSO/MSc_ElE/TSM_EmbHardw/Labs/Lab_04/mse_demo/software/sobel_bsp/\libhal_bsp.a(alt_sys_init.o)
 *(.rodata1)
                0x0000000000011ea4                . = ALIGN (0x4)
 *fill*         0x0000000000011ea3        0x1 
                0x0000000000011ea4                PROVIDE (__ram_rodata_end, ABSOLUTE (.))
                0x00000000000116dc                PROVIDE (__flash_rodata_start, LOADADDR (.rodata))

.rwdata         0x0000000000011ea4     0x1aec load address 0x0000000000013990
                0x0000000000011ea4                PROVIDE (__ram_rwdata_start, ABSOLUTE (.))
                0x0000000000011ea4                . = ALIGN (0x4)
 *(.got.plt)
 *(.got)
 *(.data1)
 *(.data .data.* .gnu.linkonce.d.*)
 .data          0x0000000000011ea4        0x0 C:/Users/nicis/HESSO/MSc_ElE/TSM_EmbHardw/Labs/Lab_04/mse_demo/software/sobel_bsp//obj/HAL/src/crt0.o
 .data          0x0000000000011ea4        0x0 obj/default/camera.o
 .data          0x0000000000011ea4        0x0 obj/default/dipswitch.o
 .data          0x0000000000011ea4        0x0 obj/default/grayscale.o
 .data          0x0000000000011ea4        0x0 obj/default/i2c.o
 .data          0x0000000000011ea4        0x0 obj/default/lcd_simple.o
 .data          0x0000000000011ea4        0x0 obj/default/main.o
 .data          0x0000000000011ea4        0x0 obj/default/sobel.o
 .data          0x0000000000011ea4        0x0 obj/default/vga.o
 .data          0x0000000000011ea4        0x0 c:/intelfpga_lite/18.1/nios2eds/bin/gnu/h-x86_64-mingw32/bin/../lib/gcc/nios2-elf/5.3.0\libgcc.a(lib2-divmod.o)
 .data          0x0000000000011ea4        0x0 c:/intelfpga_lite/18.1/nios2eds/bin/gnu/h-x86_64-mingw32/bin/../lib/gcc/nios2-elf/5.3.0/../../../../../H-x86_64-mingw32/nios2-elf/lib\libc.a(lib_a-malloc.o)
 .data          0x0000000000011ea4        0x0 c:/intelfpga_lite/18.1/nios2eds/bin/gnu/h-x86_64-mingw32/bin/../lib/gcc/nios2-elf/5.3.0/../../../../../H-x86_64-mingw32/nios2-elf/lib\libc.a(lib_a-mallocr.o)
 .data.__malloc_av_
                0x0000000000011ea4      0x408 c:/intelfpga_lite/18.1/nios2eds/bin/gnu/h-x86_64-mingw32/bin/../lib/gcc/nios2-elf/5.3.0/../../../../../H-x86_64-mingw32/nios2-elf/lib\libc.a(lib_a-mallocr.o)
                0x0000000000011ea4                __malloc_av_
 .data          0x00000000000122ac        0x0 c:/intelfpga_lite/18.1/nios2eds/bin/gnu/h-x86_64-mingw32/bin/../lib/gcc/nios2-elf/5.3.0/../../../../../H-x86_64-mingw32/nios2-elf/lib\libc.a(lib_a-printf.o)
 .data          0x00000000000122ac        0x0 c:/intelfpga_lite/18.1/nios2eds/bin/gnu/h-x86_64-mingw32/bin/../lib/gcc/nios2-elf/5.3.0/../../../../../H-x86_64-mingw32/nios2-elf/lib\libc.a(lib_a-puts.o)
 .data          0x00000000000122ac        0x0 c:/intelfpga_lite/18.1/nios2eds/bin/gnu/h-x86_64-mingw32/bin/../lib/gcc/nios2-elf/5.3.0/../../../../../H-x86_64-mingw32/nios2-elf/lib\libc.a(lib_a-sbrkr.o)
 .data          0x00000000000122ac        0x0 c:/intelfpga_lite/18.1/nios2eds/bin/gnu/h-x86_64-mingw32/bin/../lib/gcc/nios2-elf/5.3.0/../../../../../H-x86_64-mingw32/nios2-elf/lib\libc.a(lib_a-strlen.o)
 .data          0x00000000000122ac        0x0 c:/intelfpga_lite/18.1/nios2eds/bin/gnu/h-x86_64-mingw32/bin/../lib/gcc/nios2-elf/5.3.0/../../../../../H-x86_64-mingw32/nios2-elf/lib\libc.a(lib_a-vfprintf.o)
 .data          0x00000000000122ac        0x0 c:/intelfpga_lite/18.1/nios2eds/bin/gnu/h-x86_64-mingw32/bin/../lib/gcc/nios2-elf/5.3.0/../../../../../H-x86_64-mingw32/nios2-elf/lib\libc.a(lib_a-wsetup.o)
 .data          0x00000000000122ac        0x0 c:/intelfpga_lite/18.1/nios2eds/bin/gnu/h-x86_64-mingw32/bin/../lib/gcc/nios2-elf/5.3.0/../../../../../H-x86_64-mingw32/nios2-elf/lib\libc.a(lib_a-dtoa.o)
 .data          0x00000000000122ac        0x0 c:/intelfpga_lite/18.1/nios2eds/bin/gnu/h-x86_64-mingw32/bin/../lib/gcc/nios2-elf/5.3.0/../../../../../H-x86_64-mingw32/nios2-elf/lib\libc.a(lib_a-fflush.o)
 .data          0x00000000000122ac        0x0 c:/intelfpga_lite/18.1/nios2eds/bin/gnu/h-x86_64-mingw32/bin/../lib/gcc/nios2-elf/5.3.0/../../../../../H-x86_64-mingw32/nios2-elf/lib\libc.a(lib_a-findfp.o)
 .data          0x00000000000122ac        0x0 c:/intelfpga_lite/18.1/nios2eds/bin/gnu/h-x86_64-mingw32/bin/../lib/gcc/nios2-elf/5.3.0/../../../../../H-x86_64-mingw32/nios2-elf/lib\libc.a(lib_a-freer.o)
 .data          0x00000000000122ac        0x0 c:/intelfpga_lite/18.1/nios2eds/bin/gnu/h-x86_64-mingw32/bin/../lib/gcc/nios2-elf/5.3.0/../../../../../H-x86_64-mingw32/nios2-elf/lib\libc.a(lib_a-fvwrite.o)
 .data          0x00000000000122ac        0x0 c:/intelfpga_lite/18.1/nios2eds/bin/gnu/h-x86_64-mingw32/bin/../lib/gcc/nios2-elf/5.3.0/../../../../../H-x86_64-mingw32/nios2-elf/lib\libc.a(lib_a-fwalk.o)
 .data          0x00000000000122ac        0x0 c:/intelfpga_lite/18.1/nios2eds/bin/gnu/h-x86_64-mingw32/bin/../lib/gcc/nios2-elf/5.3.0/../../../../../H-x86_64-mingw32/nios2-elf/lib\libc.a(lib_a-impure.o)
 .data.impure_data
                0x00000000000122ac      0x424 c:/intelfpga_lite/18.1/nios2eds/bin/gnu/h-x86_64-mingw32/bin/../lib/gcc/nios2-elf/5.3.0/../../../../../H-x86_64-mingw32/nios2-elf/lib\libc.a(lib_a-impure.o)
 .data          0x00000000000126d0        0x0 c:/intelfpga_lite/18.1/nios2eds/bin/gnu/h-x86_64-mingw32/bin/../lib/gcc/nios2-elf/5.3.0/../../../../../H-x86_64-mingw32/nios2-elf/lib\libc.a(lib_a-int_errno.o)
 .data          0x00000000000126d0        0x0 c:/intelfpga_lite/18.1/nios2eds/bin/gnu/h-x86_64-mingw32/bin/../lib/gcc/nios2-elf/5.3.0/../../../../../H-x86_64-mingw32/nios2-elf/lib\libc.a(lib_a-locale.o)
 .data.lc_message_charset
                0x00000000000126d0       0x20 c:/intelfpga_lite/18.1/nios2eds/bin/gnu/h-x86_64-mingw32/bin/../lib/gcc/nios2-elf/5.3.0/../../../../../H-x86_64-mingw32/nios2-elf/lib\libc.a(lib_a-locale.o)
 .data.lc_ctype_charset
                0x00000000000126f0       0x20 c:/intelfpga_lite/18.1/nios2eds/bin/gnu/h-x86_64-mingw32/bin/../lib/gcc/nios2-elf/5.3.0/../../../../../H-x86_64-mingw32/nios2-elf/lib\libc.a(lib_a-locale.o)
 .data.lconv    0x0000000000012710       0x38 c:/intelfpga_lite/18.1/nios2eds/bin/gnu/h-x86_64-mingw32/bin/../lib/gcc/nios2-elf/5.3.0/../../../../../H-x86_64-mingw32/nios2-elf/lib\libc.a(lib_a-locale.o)
 .data          0x0000000000012748        0x0 c:/intelfpga_lite/18.1/nios2eds/bin/gnu/h-x86_64-mingw32/bin/../lib/gcc/nios2-elf/5.3.0/../../../../../H-x86_64-mingw32/nios2-elf/lib\libc.a(lib_a-makebuf.o)
 .data          0x0000000000012748        0x0 c:/intelfpga_lite/18.1/nios2eds/bin/gnu/h-x86_64-mingw32/bin/../lib/gcc/nios2-elf/5.3.0/../../../../../H-x86_64-mingw32/nios2-elf/lib\libc.a(lib_a-memchr.o)
 .data          0x0000000000012748        0x0 c:/intelfpga_lite/18.1/nios2eds/bin/gnu/h-x86_64-mingw32/bin/../lib/gcc/nios2-elf/5.3.0/../../../../../H-x86_64-mingw32/nios2-elf/lib\libc.a(lib_a-memcpy.o)
 .data          0x0000000000012748        0x0 c:/intelfpga_lite/18.1/nios2eds/bin/gnu/h-x86_64-mingw32/bin/../lib/gcc/nios2-elf/5.3.0/../../../../../H-x86_64-mingw32/nios2-elf/lib\libc.a(lib_a-memmove.o)
 .data          0x0000000000012748        0x0 c:/intelfpga_lite/18.1/nios2eds/bin/gnu/h-x86_64-mingw32/bin/../lib/gcc/nios2-elf/5.3.0/../../../../../H-x86_64-mingw32/nios2-elf/lib\libc.a(lib_a-memset.o)
 .data          0x0000000000012748        0x0 c:/intelfpga_lite/18.1/nios2eds/bin/gnu/h-x86_64-mingw32/bin/../lib/gcc/nios2-elf/5.3.0/../../../../../H-x86_64-mingw32/nios2-elf/lib\libc.a(lib_a-mprec.o)
 .data          0x0000000000012748        0x0 c:/intelfpga_lite/18.1/nios2eds/bin/gnu/h-x86_64-mingw32/bin/../lib/gcc/nios2-elf/5.3.0/../../../../../H-x86_64-mingw32/nios2-elf/lib\libc.a(lib_a-reallocr.o)
 .data          0x0000000000012748        0x0 c:/intelfpga_lite/18.1/nios2eds/bin/gnu/h-x86_64-mingw32/bin/../lib/gcc/nios2-elf/5.3.0/../../../../../H-x86_64-mingw32/nios2-elf/lib\libc.a(lib_a-s_fpclassify.o)
 .data          0x0000000000012748        0x0 c:/intelfpga_lite/18.1/nios2eds/bin/gnu/h-x86_64-mingw32/bin/../lib/gcc/nios2-elf/5.3.0/../../../../../H-x86_64-mingw32/nios2-elf/lib\libc.a(lib_a-stdio.o)
 .data          0x0000000000012748        0x0 c:/intelfpga_lite/18.1/nios2eds/bin/gnu/h-x86_64-mingw32/bin/../lib/gcc/nios2-elf/5.3.0/../../../../../H-x86_64-mingw32/nios2-elf/lib\libc.a(lib_a-strcmp.o)
 .data          0x0000000000012748        0x0 c:/intelfpga_lite/18.1/nios2eds/bin/gnu/h-x86_64-mingw32/bin/../lib/gcc/nios2-elf/5.3.0/../../../../../H-x86_64-mingw32/nios2-elf/lib\libc.a(lib_a-vfiprintf.o)
 .data          0x0000000000012748        0x0 c:/intelfpga_lite/18.1/nios2eds/bin/gnu/h-x86_64-mingw32/bin/../lib/gcc/nios2-elf/5.3.0/../../../../../H-x86_64-mingw32/nios2-elf/lib\libc.a(lib_a-writer.o)
 .data          0x0000000000012748        0x0 c:/intelfpga_lite/18.1/nios2eds/bin/gnu/h-x86_64-mingw32/bin/../lib/gcc/nios2-elf/5.3.0/../../../../../H-x86_64-mingw32/nios2-elf/lib\libc.a(closer.o)
 .data          0x0000000000012748        0x0 c:/intelfpga_lite/18.1/nios2eds/bin/gnu/h-x86_64-mingw32/bin/../lib/gcc/nios2-elf/5.3.0/../../../../../H-x86_64-mingw32/nios2-elf/lib\libc.a(lib_a-callocr.o)
 .data          0x0000000000012748        0x0 c:/intelfpga_lite/18.1/nios2eds/bin/gnu/h-x86_64-mingw32/bin/../lib/gcc/nios2-elf/5.3.0/../../../../../H-x86_64-mingw32/nios2-elf/lib\libc.a(lib_a-fclose.o)
 .data          0x0000000000012748        0x0 c:/intelfpga_lite/18.1/nios2eds/bin/gnu/h-x86_64-mingw32/bin/../lib/gcc/nios2-elf/5.3.0/../../../../../H-x86_64-mingw32/nios2-elf/lib\libc.a(lib_a-fputwc.o)
 .data          0x0000000000012748        0x0 c:/intelfpga_lite/18.1/nios2eds/bin/gnu/h-x86_64-mingw32/bin/../lib/gcc/nios2-elf/5.3.0/../../../../../H-x86_64-mingw32/nios2-elf/lib\libc.a(lib_a-fstatr.o)
 .data          0x0000000000012748        0x0 c:/intelfpga_lite/18.1/nios2eds/bin/gnu/h-x86_64-mingw32/bin/../lib/gcc/nios2-elf/5.3.0/../../../../../H-x86_64-mingw32/nios2-elf/lib\libc.a(lib_a-isattyr.o)
 .data          0x0000000000012748        0x0 c:/intelfpga_lite/18.1/nios2eds/bin/gnu/h-x86_64-mingw32/bin/../lib/gcc/nios2-elf/5.3.0/../../../../../H-x86_64-mingw32/nios2-elf/lib\libc.a(lib_a-lseekr.o)
 .data          0x0000000000012748        0x0 c:/intelfpga_lite/18.1/nios2eds/bin/gnu/h-x86_64-mingw32/bin/../lib/gcc/nios2-elf/5.3.0/../../../../../H-x86_64-mingw32/nios2-elf/lib\libc.a(lib_a-readr.o)
 .data          0x0000000000012748        0x0 c:/intelfpga_lite/18.1/nios2eds/bin/gnu/h-x86_64-mingw32/bin/../lib/gcc/nios2-elf/5.3.0/../../../../../H-x86_64-mingw32/nios2-elf/lib\libc.a(lib_a-wbuf.o)
 .data          0x0000000000012748        0x0 c:/intelfpga_lite/18.1/nios2eds/bin/gnu/h-x86_64-mingw32/bin/../lib/gcc/nios2-elf/5.3.0/../../../../../H-x86_64-mingw32/nios2-elf/lib\libc.a(lib_a-wcrtomb.o)
 .data          0x0000000000012748        0x0 c:/intelfpga_lite/18.1/nios2eds/bin/gnu/h-x86_64-mingw32/bin/../lib/gcc/nios2-elf/5.3.0/../../../../../H-x86_64-mingw32/nios2-elf/lib\libc.a(lib_a-wctomb_r.o)
 .data          0x0000000000012748        0x0 c:/intelfpga_lite/18.1/nios2eds/bin/gnu/h-x86_64-mingw32/bin/../lib/gcc/nios2-elf/5.3.0\libgcc.a(_udivdi3.o)
 .data          0x0000000000012748        0x0 c:/intelfpga_lite/18.1/nios2eds/bin/gnu/h-x86_64-mingw32/bin/../lib/gcc/nios2-elf/5.3.0\libgcc.a(_umoddi3.o)
 .data          0x0000000000012748        0x0 c:/intelfpga_lite/18.1/nios2eds/bin/gnu/h-x86_64-mingw32/bin/../lib/gcc/nios2-elf/5.3.0\libgcc.a(adddf3.o)
 .data          0x0000000000012748        0x0 c:/intelfpga_lite/18.1/nios2eds/bin/gnu/h-x86_64-mingw32/bin/../lib/gcc/nios2-elf/5.3.0\libgcc.a(divdf3.o)
 .data          0x0000000000012748        0x0 c:/intelfpga_lite/18.1/nios2eds/bin/gnu/h-x86_64-mingw32/bin/../lib/gcc/nios2-elf/5.3.0\libgcc.a(eqdf2.o)
 .data          0x0000000000012748        0x0 c:/intelfpga_lite/18.1/nios2eds/bin/gnu/h-x86_64-mingw32/bin/../lib/gcc/nios2-elf/5.3.0\libgcc.a(gedf2.o)
 .data          0x0000000000012748        0x0 c:/intelfpga_lite/18.1/nios2eds/bin/gnu/h-x86_64-mingw32/bin/../lib/gcc/nios2-elf/5.3.0\libgcc.a(ledf2.o)
 .data          0x0000000000012748        0x0 c:/intelfpga_lite/18.1/nios2eds/bin/gnu/h-x86_64-mingw32/bin/../lib/gcc/nios2-elf/5.3.0\libgcc.a(muldf3.o)
 .data          0x0000000000012748        0x0 c:/intelfpga_lite/18.1/nios2eds/bin/gnu/h-x86_64-mingw32/bin/../lib/gcc/nios2-elf/5.3.0\libgcc.a(subdf3.o)
 .data          0x0000000000012748        0x0 c:/intelfpga_lite/18.1/nios2eds/bin/gnu/h-x86_64-mingw32/bin/../lib/gcc/nios2-elf/5.3.0\libgcc.a(fixdfsi.o)
 .data          0x0000000000012748        0x0 c:/intelfpga_lite/18.1/nios2eds/bin/gnu/h-x86_64-mingw32/bin/../lib/gcc/nios2-elf/5.3.0\libgcc.a(floatsidf.o)
 .data          0x0000000000012748        0x0 c:/intelfpga_lite/18.1/nios2eds/bin/gnu/h-x86_64-mingw32/bin/../lib/gcc/nios2-elf/5.3.0\libgcc.a(floatunsidf.o)
 .data          0x0000000000012748        0x0 c:/intelfpga_lite/18.1/nios2eds/bin/gnu/h-x86_64-mingw32/bin/../lib/gcc/nios2-elf/5.3.0\libgcc.a(_clz.o)
 .data          0x0000000000012748        0x0 c:/intelfpga_lite/18.1/nios2eds/bin/gnu/h-x86_64-mingw32/bin/../lib/gcc/nios2-elf/5.3.0\libgcc.a(_clzsi2.o)
 .data          0x0000000000012748        0x0 C:/Users/nicis/HESSO/MSc_ElE/TSM_EmbHardw/Labs/Lab_04/mse_demo/software/sobel_bsp/\libhal_bsp.a(alt_close.o)
 .data          0x0000000000012748      0x1a8 C:/Users/nicis/HESSO/MSc_ElE/TSM_EmbHardw/Labs/Lab_04/mse_demo/software/sobel_bsp/\libhal_bsp.a(alt_dev.o)
                0x0000000000012748                alt_dev_null
                0x0000000000012770                alt_fd_list
 .data          0x00000000000128f0        0x0 C:/Users/nicis/HESSO/MSc_ElE/TSM_EmbHardw/Labs/Lab_04/mse_demo/software/sobel_bsp/\libhal_bsp.a(alt_errno.o)
 .data          0x00000000000128f0        0x0 C:/Users/nicis/HESSO/MSc_ElE/TSM_EmbHardw/Labs/Lab_04/mse_demo/software/sobel_bsp/\libhal_bsp.a(alt_fstat.o)
 .data          0x00000000000128f0        0x0 C:/Users/nicis/HESSO/MSc_ElE/TSM_EmbHardw/Labs/Lab_04/mse_demo/software/sobel_bsp/\libhal_bsp.a(alt_isatty.o)
 .data          0x00000000000128f0        0x0 C:/Users/nicis/HESSO/MSc_ElE/TSM_EmbHardw/Labs/Lab_04/mse_demo/software/sobel_bsp/\libhal_bsp.a(alt_load.o)
 .data          0x00000000000128f0        0x0 C:/Users/nicis/HESSO/MSc_ElE/TSM_EmbHardw/Labs/Lab_04/mse_demo/software/sobel_bsp/\libhal_bsp.a(alt_lseek.o)
 .data          0x00000000000128f0        0x0 C:/Users/nicis/HESSO/MSc_ElE/TSM_EmbHardw/Labs/Lab_04/mse_demo/software/sobel_bsp/\libhal_bsp.a(alt_main.o)
 .data          0x00000000000128f0        0x0 C:/Users/nicis/HESSO/MSc_ElE/TSM_EmbHardw/Labs/Lab_04/mse_demo/software/sobel_bsp/\libhal_bsp.a(alt_malloc_lock.o)
 .data          0x00000000000128f0        0x0 C:/Users/nicis/HESSO/MSc_ElE/TSM_EmbHardw/Labs/Lab_04/mse_demo/software/sobel_bsp/\libhal_bsp.a(alt_read.o)
 .data          0x00000000000128f0        0x0 C:/Users/nicis/HESSO/MSc_ElE/TSM_EmbHardw/Labs/Lab_04/mse_demo/software/sobel_bsp/\libhal_bsp.a(alt_release_fd.o)
 .data          0x00000000000128f0        0x0 C:/Users/nicis/HESSO/MSc_ElE/TSM_EmbHardw/Labs/Lab_04/mse_demo/software/sobel_bsp/\libhal_bsp.a(alt_sbrk.o)
 .data          0x00000000000128f0        0x0 C:/Users/nicis/HESSO/MSc_ElE/TSM_EmbHardw/Labs/Lab_04/mse_demo/software/sobel_bsp/\libhal_bsp.a(alt_usleep.o)
 .data          0x00000000000128f0        0x0 C:/Users/nicis/HESSO/MSc_ElE/TSM_EmbHardw/Labs/Lab_04/mse_demo/software/sobel_bsp/\libhal_bsp.a(alt_write.o)
 .data          0x00000000000128f0     0x1060 C:/Users/nicis/HESSO/MSc_ElE/TSM_EmbHardw/Labs/Lab_04/mse_demo/software/sobel_bsp/\libhal_bsp.a(alt_sys_init.o)
 .data          0x0000000000013950        0x0 C:/Users/nicis/HESSO/MSc_ElE/TSM_EmbHardw/Labs/Lab_04/mse_demo/software/sobel_bsp/\libhal_bsp.a(altera_avalon_jtag_uart_fd.o)
 .data          0x0000000000013950        0x0 C:/Users/nicis/HESSO/MSc_ElE/TSM_EmbHardw/Labs/Lab_04/mse_demo/software/sobel_bsp/\libhal_bsp.a(altera_avalon_jtag_uart_init.o)
 .data          0x0000000000013950        0x0 C:/Users/nicis/HESSO/MSc_ElE/TSM_EmbHardw/Labs/Lab_04/mse_demo/software/sobel_bsp/\libhal_bsp.a(altera_avalon_jtag_uart_ioctl.o)
 .data          0x0000000000013950        0x0 C:/Users/nicis/HESSO/MSc_ElE/TSM_EmbHardw/Labs/Lab_04/mse_demo/software/sobel_bsp/\libhal_bsp.a(altera_avalon_jtag_uart_read.o)
 .data          0x0000000000013950        0x0 C:/Users/nicis/HESSO/MSc_ElE/TSM_EmbHardw/Labs/Lab_04/mse_demo/software/sobel_bsp/\libhal_bsp.a(altera_avalon_jtag_uart_write.o)
 .data          0x0000000000013950        0x0 C:/Users/nicis/HESSO/MSc_ElE/TSM_EmbHardw/Labs/Lab_04/mse_demo/software/sobel_bsp/\libhal_bsp.a(altera_avalon_timer_sc.o)
 .data          0x0000000000013950        0x0 C:/Users/nicis/HESSO/MSc_ElE/TSM_EmbHardw/Labs/Lab_04/mse_demo/software/sobel_bsp/\libhal_bsp.a(altera_avalon_timer_ts.o)
 .data          0x0000000000013950        0x0 C:/Users/nicis/HESSO/MSc_ElE/TSM_EmbHardw/Labs/Lab_04/mse_demo/software/sobel_bsp/\libhal_bsp.a(altera_avalon_timer_vars.o)
 .data          0x0000000000013950        0x0 C:/Users/nicis/HESSO/MSc_ElE/TSM_EmbHardw/Labs/Lab_04/mse_demo/software/sobel_bsp/\libhal_bsp.a(alt_alarm_start.o)
 .data          0x0000000000013950        0x0 C:/Users/nicis/HESSO/MSc_ElE/TSM_EmbHardw/Labs/Lab_04/mse_demo/software/sobel_bsp/\libhal_bsp.a(alt_busy_sleep.o)
 .data          0x0000000000013950        0x0 C:/Users/nicis/HESSO/MSc_ElE/TSM_EmbHardw/Labs/Lab_04/mse_demo/software/sobel_bsp/\libhal_bsp.a(alt_dcache_flush_all.o)
 .data          0x0000000000013950        0x0 C:/Users/nicis/HESSO/MSc_ElE/TSM_EmbHardw/Labs/Lab_04/mse_demo/software/sobel_bsp/\libhal_bsp.a(alt_dev_llist_insert.o)
 .data          0x0000000000013950        0x0 C:/Users/nicis/HESSO/MSc_ElE/TSM_EmbHardw/Labs/Lab_04/mse_demo/software/sobel_bsp/\libhal_bsp.a(alt_do_ctors.o)
 .data          0x0000000000013950        0x0 C:/Users/nicis/HESSO/MSc_ElE/TSM_EmbHardw/Labs/Lab_04/mse_demo/software/sobel_bsp/\libhal_bsp.a(alt_do_dtors.o)
 .data          0x0000000000013950        0x0 C:/Users/nicis/HESSO/MSc_ElE/TSM_EmbHardw/Labs/Lab_04/mse_demo/software/sobel_bsp/\libhal_bsp.a(alt_icache_flush_all.o)
 .data          0x0000000000013950        0x0 C:/Users/nicis/HESSO/MSc_ElE/TSM_EmbHardw/Labs/Lab_04/mse_demo/software/sobel_bsp/\libhal_bsp.a(alt_iic.o)
 .data          0x0000000000013950        0x0 C:/Users/nicis/HESSO/MSc_ElE/TSM_EmbHardw/Labs/Lab_04/mse_demo/software/sobel_bsp/\libhal_bsp.a(alt_iic_isr_register.o)
 .data          0x0000000000013950        0x0 C:/Users/nicis/HESSO/MSc_ElE/TSM_EmbHardw/Labs/Lab_04/mse_demo/software/sobel_bsp/\libhal_bsp.a(alt_io_redirect.o)
 .data          0x0000000000013950        0x0 C:/Users/nicis/HESSO/MSc_ElE/TSM_EmbHardw/Labs/Lab_04/mse_demo/software/sobel_bsp/\libhal_bsp.a(alt_irq_entry.o)
 .data          0x0000000000013950        0x0 C:/Users/nicis/HESSO/MSc_ElE/TSM_EmbHardw/Labs/Lab_04/mse_demo/software/sobel_bsp/\libhal_bsp.a(alt_irq_handler.o)
 .data          0x0000000000013950        0x0 C:/Users/nicis/HESSO/MSc_ElE/TSM_EmbHardw/Labs/Lab_04/mse_demo/software/sobel_bsp/\libhal_bsp.a(alt_irq_vars.o)
 .data          0x0000000000013950        0x0 C:/Users/nicis/HESSO/MSc_ElE/TSM_EmbHardw/Labs/Lab_04/mse_demo/software/sobel_bsp/\libhal_bsp.a(alt_open.o)
 .data          0x0000000000013950        0x0 C:/Users/nicis/HESSO/MSc_ElE/TSM_EmbHardw/Labs/Lab_04/mse_demo/software/sobel_bsp/\libhal_bsp.a(alt_tick.o)
 .data          0x0000000000013950        0x0 C:/Users/nicis/HESSO/MSc_ElE/TSM_EmbHardw/Labs/Lab_04/mse_demo/software/sobel_bsp/\libhal_bsp.a(altera_nios2_gen2_irq.o)
 .data          0x0000000000013950        0x0 C:/Users/nicis/HESSO/MSc_ElE/TSM_EmbHardw/Labs/Lab_04/mse_demo/software/sobel_bsp/\libhal_bsp.a(alt_exception_entry.o)
 .data          0x0000000000013950        0x0 C:/Users/nicis/HESSO/MSc_ElE/TSM_EmbHardw/Labs/Lab_04/mse_demo/software/sobel_bsp/\libhal_bsp.a(alt_find_dev.o)
 .data          0x0000000000013950        0x0 C:/Users/nicis/HESSO/MSc_ElE/TSM_EmbHardw/Labs/Lab_04/mse_demo/software/sobel_bsp/\libhal_bsp.a(alt_find_file.o)
 .data          0x0000000000013950        0x0 C:/Users/nicis/HESSO/MSc_ElE/TSM_EmbHardw/Labs/Lab_04/mse_demo/software/sobel_bsp/\libhal_bsp.a(alt_get_fd.o)
 .data          0x0000000000013950        0x0 C:/Users/nicis/HESSO/MSc_ElE/TSM_EmbHardw/Labs/Lab_04/mse_demo/software/sobel_bsp/\libhal_bsp.a(alt_icache_flush.o)
 .data          0x0000000000013950        0x0 C:/Users/nicis/HESSO/MSc_ElE/TSM_EmbHardw/Labs/Lab_04/mse_demo/software/sobel_bsp/\libhal_bsp.a(alt_instruction_exception_entry.o)
 .data          0x0000000000013950        0x0 c:/intelfpga_lite/18.1/nios2eds/bin/gnu/h-x86_64-mingw32/bin/../lib/gcc/nios2-elf/5.3.0/../../../../../H-x86_64-mingw32/nios2-elf/lib\libc.a(lib_a-atexit.o)
 .data          0x0000000000013950        0x0 c:/intelfpga_lite/18.1/nios2eds/bin/gnu/h-x86_64-mingw32/bin/../lib/gcc/nios2-elf/5.3.0/../../../../../H-x86_64-mingw32/nios2-elf/lib\libc.a(lib_a-exit.o)
 .data          0x0000000000013950        0x0 c:/intelfpga_lite/18.1/nios2eds/bin/gnu/h-x86_64-mingw32/bin/../lib/gcc/nios2-elf/5.3.0/../../../../../H-x86_64-mingw32/nios2-elf/lib\libc.a(lib_a-memcmp.o)
 .data          0x0000000000013950        0x0 c:/intelfpga_lite/18.1/nios2eds/bin/gnu/h-x86_64-mingw32/bin/../lib/gcc/nios2-elf/5.3.0/../../../../../H-x86_64-mingw32/nios2-elf/lib\libc.a(lib_a-__atexit.o)
 .data          0x0000000000013950        0x0 c:/intelfpga_lite/18.1/nios2eds/bin/gnu/h-x86_64-mingw32/bin/../lib/gcc/nios2-elf/5.3.0/../../../../../H-x86_64-mingw32/nios2-elf/lib\libc.a(lib_a-__call_atexit.o)
 .data          0x0000000000013950        0x0 C:/Users/nicis/HESSO/MSc_ElE/TSM_EmbHardw/Labs/Lab_04/mse_demo/software/sobel_bsp/\libhal_bsp.a(alt_exit.o)
                0x000000000001b950                _gp = ABSOLUTE ((. + 0x8000))
                [!provide]                        PROVIDE (gp, _gp)
 *(.rwdata .rwdata.*)
 *(.sdata .sdata.* .gnu.linkonce.s.*)
 .sdata.__malloc_sbrk_base
                0x0000000000013950        0x4 c:/intelfpga_lite/18.1/nios2eds/bin/gnu/h-x86_64-mingw32/bin/../lib/gcc/nios2-elf/5.3.0/../../../../../H-x86_64-mingw32/nios2-elf/lib\libc.a(lib_a-mallocr.o)
                0x0000000000013950                __malloc_sbrk_base
 .sdata.__malloc_trim_threshold
                0x0000000000013954        0x4 c:/intelfpga_lite/18.1/nios2eds/bin/gnu/h-x86_64-mingw32/bin/../lib/gcc/nios2-elf/5.3.0/../../../../../H-x86_64-mingw32/nios2-elf/lib\libc.a(lib_a-mallocr.o)
                0x0000000000013954                __malloc_trim_threshold
 .sdata._global_impure_ptr
                0x0000000000013958        0x4 c:/intelfpga_lite/18.1/nios2eds/bin/gnu/h-x86_64-mingw32/bin/../lib/gcc/nios2-elf/5.3.0/../../../../../H-x86_64-mingw32/nios2-elf/lib\libc.a(lib_a-impure.o)
                0x0000000000013958                _global_impure_ptr
 .sdata._impure_ptr
                0x000000000001395c        0x4 c:/intelfpga_lite/18.1/nios2eds/bin/gnu/h-x86_64-mingw32/bin/../lib/gcc/nios2-elf/5.3.0/../../../../../H-x86_64-mingw32/nios2-elf/lib\libc.a(lib_a-impure.o)
                0x000000000001395c                _impure_ptr
 .sdata.__mb_cur_max
                0x0000000000013960        0x4 c:/intelfpga_lite/18.1/nios2eds/bin/gnu/h-x86_64-mingw32/bin/../lib/gcc/nios2-elf/5.3.0/../../../../../H-x86_64-mingw32/nios2-elf/lib\libc.a(lib_a-locale.o)
                0x0000000000013960                __mb_cur_max
 .sdata.__wctomb
                0x0000000000013964        0x4 c:/intelfpga_lite/18.1/nios2eds/bin/gnu/h-x86_64-mingw32/bin/../lib/gcc/nios2-elf/5.3.0/../../../../../H-x86_64-mingw32/nios2-elf/lib\libc.a(lib_a-wctomb_r.o)
                0x0000000000013964                __wctomb
 .sdata         0x0000000000013968       0x14 C:/Users/nicis/HESSO/MSc_ElE/TSM_EmbHardw/Labs/Lab_04/mse_demo/software/sobel_bsp/\libhal_bsp.a(alt_dev.o)
                0x0000000000013968                alt_fs_list
                0x0000000000013970                alt_dev_list
                0x0000000000013978                alt_max_fd
 .sdata         0x000000000001397c        0x4 C:/Users/nicis/HESSO/MSc_ElE/TSM_EmbHardw/Labs/Lab_04/mse_demo/software/sobel_bsp/\libhal_bsp.a(alt_errno.o)
                0x000000000001397c                alt_errno
 .sdata         0x0000000000013980        0x4 C:/Users/nicis/HESSO/MSc_ElE/TSM_EmbHardw/Labs/Lab_04/mse_demo/software/sobel_bsp/\libhal_bsp.a(alt_sbrk.o)
 .sdata         0x0000000000013984        0x4 C:/Users/nicis/HESSO/MSc_ElE/TSM_EmbHardw/Labs/Lab_04/mse_demo/software/sobel_bsp/\libhal_bsp.a(alt_irq_vars.o)
                0x0000000000013984                alt_priority_mask
 .sdata         0x0000000000013988        0x8 C:/Users/nicis/HESSO/MSc_ElE/TSM_EmbHardw/Labs/Lab_04/mse_demo/software/sobel_bsp/\libhal_bsp.a(alt_tick.o)
                0x0000000000013988                alt_alarm_list
 *(.sdata2 .sdata2.* .gnu.linkonce.s2.*)
                0x0000000000013990                . = ALIGN (0x4)
                0x0000000000013990                _edata = ABSOLUTE (.)
                [!provide]                        PROVIDE (edata, ABSOLUTE (.))
                0x0000000000013990                PROVIDE (__ram_rwdata_end, ABSOLUTE (.))
                0x0000000000013990                PROVIDE (__flash_rwdata_start, LOADADDR (.rwdata))

.bss            0x000000000001547c      0x190
                0x000000000001547c                __bss_start = ABSOLUTE (.)
                [!provide]                        PROVIDE (__sbss_start, ABSOLUTE (.))
                [!provide]                        PROVIDE (___sbss_start, ABSOLUTE (.))
 *(.dynsbss)
 *(.sbss .sbss.* .gnu.linkonce.sb.*)
 .sbss          0x000000000001547c        0x8 obj/default/grayscale.o
                0x000000000001547c                grayscale_width
                0x0000000000015480                grayscape_height
 .sbss          0x0000000000015484        0x4 obj/default/grayscale.o