Archive member included to satisfy reference by file (symbol)

c:/intelfpga_lite/18.1/nios2eds/bin/gnu/h-x86_64-mingw32/bin/../lib/gcc/nios2-elf/5.3.0/../../../../../H-x86_64-mingw32/nios2-elf/lib\libc.a(lib_a-malloc.o)
                              obj/default/grayscale.o (malloc)
c:/intelfpga_lite/18.1/nios2eds/bin/gnu/h-x86_64-mingw32/bin/../lib/gcc/nios2-elf/5.3.0/../../../../../H-x86_64-mingw32/nios2-elf/lib\libc.a(lib_a-mallocr.o)
                              c:/intelfpga_lite/18.1/nios2eds/bin/gnu/h-x86_64-mingw32/bin/../lib/gcc/nios2-elf/5.3.0/../../../../../H-x86_64-mingw32/nios2-elf/lib\libc.a(lib_a-malloc.o) (_malloc_r)
c:/intelfpga_lite/18.1/nios2eds/bin/gnu/h-x86_64-mingw32/bin/../lib/gcc/nios2-elf/5.3.0/../../../../../H-x86_64-mingw32/nios2-elf/lib\libc.a(lib_a-printf.o)
                              obj/default/camera.o (printf)
c:/intelfpga_lite/18.1/nios2eds/bin/gnu/h-x86_64-mingw32/bin/../lib/gcc/nios2-elf/5.3.0/../../../../../H-x86_64-mingw32/nios2-elf/lib\libc.a(lib_a-puts.o)
                              obj/default/main.o (puts)
c:/intelfpga_lite/18.1/nios2eds/bin/gnu/h-x86_64-mingw32/bin/../lib/gcc/nios2-elf/5.3.0/../../../../../H-x86_64-mingw32/nios2-elf/lib\libc.a(lib_a-sbrkr.o)
                              c:/intelfpga_lite/18.1/nios2eds/bin/gnu/h-x86_64-mingw32/bin/../lib/gcc/nios2-elf/5.3.0/../../../../../H-x86_64-mingw32/nios2-elf/lib\libc.a(lib_a-mallocr.o) (_sbrk_r)
c:/intelfpga_lite/18.1/nios2eds/bin/gnu/h-x86_64-mingw32/bin/../lib/gcc/nios2-elf/5.3.0/../../../../../H-x86_64-mingw32/nios2-elf/lib\libc.a(lib_a-strlen.o)
                              c:/intelfpga_lite/18.1/nios2eds/bin/gnu/h-x86_64-mingw32/bin/../lib/gcc/nios2-elf/5.3.0/../../../../../H-x86_64-mingw32/nios2-elf/lib\libc.a(lib_a-puts.o) (strlen)
c:/intelfpga_lite/18.1/nios2eds/bin/gnu/h-x86_64-mingw32/bin/../lib/gcc/nios2-elf/5.3.0/../../../../../H-x86_64-mingw32/nios2-elf/lib\libc.a(lib_a-vfprintf.o)
                              c:/intelfpga_lite/18.1/nios2eds/bin/gnu/h-x86_64-mingw32/bin/../lib/gcc/nios2-elf/5.3.0/../../../../../H-x86_64-mingw32/nios2-elf/lib\libc.a(lib_a-printf.o) (___vfprintf_internal_r)
c:/intelfpga_lite/18.1/nios2eds/bin/gnu/h-x86_64-mingw32/bin/../lib/gcc/nios2-elf/5.3.0/../../../../../H-x86_64-mingw32/nios2-elf/lib\libc.a(lib_a-wsetup.o)
                              c:/intelfpga_lite/18.1/nios2eds/bin/gnu/h-x86_64-mingw32/bin/../lib/gcc/nios2-elf/5.3.0/../../../../../H-x86_64-mingw32/nios2-elf/lib\libc.a(lib_a-vfprintf.o) (__swsetup_r)
c:/intelfpga_lite/18.1/nios2eds/bin/gnu/h-x86_64-mingw32/bin/../lib/gcc/nios2-elf/5.3.0/../../../../../H-x86_64-mingw32/nios2-elf/lib\libc.a(lib_a-dtoa.o)
                              c:/intelfpga_lite/18.1/nios2eds/bin/gnu/h-x86_64-mingw32/bin/../lib/gcc/nios2-elf/5.3.0/../../../../../H-x86_64-mingw32/nios2-elf/lib\libc.a(lib_a-vfprintf.o) (_dtoa_r)
c:/intelfpga_lite/18.1/nios2eds/bin/gnu/h-x86_64-mingw32/bin/../lib/gcc/nios2-elf/5.3.0/../../../../../H-x86_64-mingw32/nios2-elf/lib\libc.a(lib_a-fflush.o)
                              c:/intelfpga_lite/18.1/nios2eds/bin/gnu/h-x86_64-mingw32/bin/../lib/gcc/nios2-elf/5.3.0/../../../../../H-x86_64-mingw32/nios2-elf/lib\libc.a(lib_a-vfprintf.o) (_fflush_r)
c:/intelfpga_lite/18.1/nios2eds/bin/gnu/h-x86_64-mingw32/bin/../lib/gcc/nios2-elf/5.3.0/../../../../../H-x86_64-mingw32/nios2-elf/lib\libc.a(lib_a-findfp.o)
                              c:/intelfpga_lite/18.1/nios2eds/bin/gnu/h-x86_64-mingw32/bin/../lib/gcc/nios2-elf/5.3.0/../../../../../H-x86_64-mingw32/nios2-elf/lib\libc.a(lib_a-puts.o) (__sinit)
c:/intelfpga_lite/18.1/nios2eds/bin/gnu/h-x86_64-mingw32/bin/../lib/gcc/nios2-elf/5.3.0/../../../../../H-x86_64-mingw32/nios2-elf/lib\libc.a(lib_a-freer.o)
                              c:/intelfpga_lite/18.1/nios2eds/bin/gnu/h-x86_64-mingw32/bin/../lib/gcc/nios2-elf/5.3.0/../../../../../H-x86_64-mingw32/nios2-elf/lib\libc.a(lib_a-malloc.o) (_free_r)
c:/intelfpga_lite/18.1/nios2eds/bin/gnu/h-x86_64-mingw32/bin/../lib/gcc/nios2-elf/5.3.0/../../../../../H-x86_64-mingw32/nios2-elf/lib\libc.a(lib_a-fvwrite.o)
                              c:/intelfpga_lite/18.1/nios2eds/bin/gnu/h-x86_64-mingw32/bin/../lib/gcc/nios2-elf/5.3.0/../../../../../H-x86_64-mingw32/nios2-elf/lib\libc.a(lib_a-puts.o) (__sfvwrite_r)
c:/intelfpga_lite/18.1/nios2eds/bin/gnu/h-x86_64-mingw32/bin/../lib/gcc/nios2-elf/5.3.0/../../../../../H-x86_64-mingw32/nios2-elf/lib\libc.a(lib_a-fwalk.o)
                              c:/intelfpga_lite/18.1/nios2eds/bin/gnu/h-x86_64-mingw32/bin/../lib/gcc/nios2-elf/5.3.0/../../../../../H-x86_64-mingw32/nios2-elf/lib\libc.a(lib_a-findfp.o) (_fwalk)
c:/intelfpga_lite/18.1/nios2eds/bin/gnu/h-x86_64-mingw32/bin/../lib/gcc/nios2-elf/5.3.0/../../../../../H-x86_64-mingw32/nios2-elf/lib\libc.a(lib_a-impure.o)
                              c:/intelfpga_lite/18.1/nios2eds/bin/gnu/h-x86_64-mingw32/bin/../lib/gcc/nios2-elf/5.3.0/../../../../../H-x86_64-mingw32/nios2-elf/lib\libc.a(lib_a-fflush.o) (_global_impure_ptr)
[...]
Memory Configuration

Name             Origin             Length             Attributes
reset            0x0000000000000000 0x0000000000000020
sdram_ctrl       0x0000000000000020 0x0000000000ffffe0
*default*        0x0000000000000000 0xffffffffffffffff

Linker script and memory map

LOAD C:/Users/nicis/HESSO/MSc_ElE/TSM_EmbHardw/Labs/Lab_04/mse_demo/software/sobel_bsp//obj/HAL/src/crt0.o
LOAD obj/default/camera.o
LOAD obj/default/dipswitch.o
LOAD obj/default/grayscale.o
LOAD obj/default/i2c.o
LOAD obj/default/lcd_simple.o
LOAD obj/default/main.o
LOAD obj/default/sobel.o
LOAD obj/default/vga.o
LOAD c:/intelfpga_lite/18.1/nios2eds/bin/gnu/h-x86_64-mingw32/bin/../lib/gcc/nios2-elf/5.3.0/../../../../../H-x86_64-mingw32/nios2-elf/lib\libstdc++.a
LOAD c:/intelfpga_lite/18.1/nios2eds/bin/gnu/h-x86_64-mingw32/bin/../lib/gcc/nios2-elf/5.3.0/../../../../../H-x86_64-mingw32/nios2-elf/lib\libm.a
LOAD c:/intelfpga_lite/18.1/nios2eds/bin/gnu/h-x86_64-mingw32/bin/../lib/gcc/nios2-elf/5.3.0\libgcc.a
START GROUP
LOAD c:/intelfpga_lite/18.1/nios2eds/bin/gnu/h-x86_64-mingw32/bin/../lib/gcc/nios2-elf/5.3.0/../../../../../H-x86_64-mingw32/nios2-elf/lib\libc.a
LOAD c:/intelfpga_lite/18.1/nios2eds/bin/gnu/h-x86_64-mingw32/bin/../lib/gcc/nios2-elf/5.3.0\libgcc.a
LOAD C:/Users/nicis/HESSO/MSc_ElE/TSM_EmbHardw/Labs/Lab_04/mse_demo/software/sobel_bsp/\libhal_bsp.a
LOAD c:/intelfpga_lite/18.1/nios2eds/bin/gnu/h-x86_64-mingw32/bin/../lib/gcc/nios2-elf/5.3.0/../../../../../H-x86_64-mingw32/nios2-elf/lib\libm.a
END GROUP
LOAD c:/intelfpga_lite/18.1/nios2eds/bin/gnu/h-x86_64-mingw32/bin/../lib/gcc/nios2-elf/5.3.0\libgcc.a
                0x0000000000000000                __alt_mem_sdram_ctrl = 0x0

.entry          0x0000000000000000       0x20
 *(.entry)
 .entry         0x0000000000000000       0x20 C:/Users/nicis/HESSO/MSc_ElE/TSM_EmbHardw/Labs/Lab_04/mse_demo/software/sobel_bsp//obj/HAL/src/crt0.o
                0x0000000000000000                __reset

.exceptions     0x0000000000000020      0x16c
                0x0000000000000020                PROVIDE (__ram_exceptions_start, ABSOLUTE (.))
                0x0000000000000020                . = ALIGN (0x20)
 *(.irq)
 *(.exceptions.entry.label)
 .exceptions.entry.label
                0x0000000000000020        0x0 C:/Users/nicis/HESSO/MSc_ElE/TSM_EmbHardw/Labs/Lab_04/mse_demo/software/sobel_bsp/\libhal_bsp.a(alt_irq_entry.o)
                0x0000000000000020                alt_irq_entry
 .exceptions.entry.label
                0x0000000000000020        0x0 C:/Users/nicis/HESSO/MSc_ElE/TSM_EmbHardw/Labs/Lab_04/mse_demo/software/sobel_bsp/\libhal_bsp.a(alt_exception_entry.o)
                0x0000000000000020                alt_exception
 *(.exceptions.entry.user)
 *(.exceptions.entry.ecc_fatal)
 *(.exceptions.entry)
 .exceptions.entry
                0x0000000000000020       0x54 C:/Users/nicis/HESSO/MSc_ElE/TSM_EmbHardw/Labs/Lab_04/mse_demo/software/sobel_bsp/\libhal_bsp.a(alt_exception_entry.o)
 *(.exceptions.irqtest.user)
 *(.exceptions.irqtest)
 .exceptions.irqtest
                0x0000000000000074       0x10 C:/Users/nicis/HESSO/MSc_ElE/TSM_EmbHardw/Labs/Lab_04/mse_demo/software/sobel_bsp/\libhal_bsp.a(alt_irq_entry.o)
 *(.exceptions.irqhandler.user)
 *(.exceptions.irqhandler)
 .exceptions.irqhandler
                0x0000000000000084        0x4 C:/Users/nicis/HESSO/MSc_ElE/TSM_EmbHardw/Labs/Lab_04/mse_demo/software/sobel_bsp/\libhal_bsp.a(alt_irq_entry.o)
 *(.exceptions.irqreturn.user)
 *(.exceptions.irqreturn)
 .exceptions.irqreturn
                0x0000000000000088        0x4 C:/Users/nicis/HESSO/MSc_ElE/TSM_EmbHardw/Labs/Lab_04/mse_demo/software/sobel_bsp/\libhal_bsp.a(alt_irq_entry.o)
 *(.exceptions.notirq.label)
 .exceptions.notirq.label
                0x000000000000008c        0x0 C:/Users/nicis/HESSO/MSc_ElE/TSM_EmbHardw/Labs/Lab_04/mse_demo/software/sobel_bsp/\libhal_bsp.a(alt_irq_entry.o)
 *(.exceptions.notirq.user)
 *(.exceptions.notirq)
 .exceptions.notirq
                0x000000000000008c        0x8 C:/Users/nicis/HESSO/MSc_ElE/TSM_EmbHardw/Labs/Lab_04/mse_demo/software/sobel_bsp/\libhal_bsp.a(alt_exception_entry.o)
 *(.exceptions.soft.user)
 *(.exceptions.soft)
 *(.exceptions.unknown.user)
 *(.exceptions.unknown)
 .exceptions.unknown
                0x0000000000000094       0x14 C:/Users/nicis/HESSO/MSc_ElE/TSM_EmbHardw/Labs/Lab_04/mse_demo/software/sobel_bsp/\libhal_bsp.a(alt_exception_entry.o)
 *(.exceptions.exit.label)
 .exceptions.exit.label
                0x00000000000000a8        0x0 C:/Users/nicis/HESSO/MSc_ElE/TSM_EmbHardw/Labs/Lab_04/mse_demo/software/sobel_bsp/\libhal_bsp.a(alt_irq_entry.o)
 .exceptions.exit.label
                0x00000000000000a8        0x0 C:/Users/nicis/HESSO/MSc_ElE/TSM_EmbHardw/Labs/Lab_04/mse_demo/software/sobel_bsp/\libhal_bsp.a(alt_exception_entry.o)
 *(.exceptions.exit.user)
 *(.exceptions.exit)
 .exceptions.exit
                0x00000000000000a8       0x54 C:/Users/nicis/HESSO/MSc_ElE/TSM_EmbHardw/Labs/Lab_04/mse_demo/software/sobel_bsp/\libhal_bsp.a(alt_exception_entry.o)
 *(.exceptions)
 .exceptions    0x00000000000000fc       0x64 C:/Users/nicis/HESSO/MSc_ElE/TSM_EmbHardw/Labs/Lab_04/mse_demo/software/sobel_bsp/\libhal_bsp.a(alt_irq_handler.o)
                0x00000000000000fc                alt_irq_handler
 .exceptions    0x0000000000000160       0x2c C:/Users/nicis/HESSO/MSc_ElE/TSM_EmbHardw/Labs/Lab_04/mse_demo/software/sobel_bsp/\libhal_bsp.a(alt_instruction_exception_entry.o)
                0x0000000000000160                alt_instruction_exception_entry
                0x000000000000018c                PROVIDE (__ram_exceptions_end, ABSOLUTE (.))
                0x0000000000000020                PROVIDE (__flash_exceptions_start, LOADADDR (.exceptions))

.text           0x000000000000018c     0xfffc
                [!provide]                        PROVIDE (stext, ABSOLUTE (.))
 *(.interp)
 *(.hash)
 *(.dynsym)
 *(.dynstr)
 *(.gnu.version)
 *(.gnu.version_d)
 *(.gnu.version_r)
 *(.rel.init)
 *(.rela.init)
 *(.rel.text .rel.text.* .rel.gnu.linkonce.t.*)
 *(.rela.text .rela.text.* .rela.gnu.linkonce.t.*)
 *(.rel.fini)
 *(.rela.fini)
 *(.rel.rodata .rel.rodata.* .rel.gnu.linkonce.r.*)
 *(.rela.rodata .rela.rodata.* .rela.gnu.linkonce.r.*)
 *(.rel.data .rel.data.* .rel.gnu.linkonce.d.*)
 *(.rela.data .rela.data.* .rela.gnu.linkonce.d.*)
 *(.rel.tdata .rel.tdata.* .rel.gnu.linkonce.td.*)
 *(.rela.tdata .rela.tdata.* .rela.gnu.linkonce.td.*)
 *(.rel.tbss .rel.tbss.* .rel.gnu.linkonce.tb.*)
 *(.rela.tbss .rela.tbss.* .rela.gnu.linkonce.tb.*)
 *(.rel.ctors)
 *(.rela.ctors)
 *(.rel.dtors)
 *(.rela.dtors)
 *(.rel.got)
 *(.rela.got)
 *(.rel.sdata .rel.sdata.* .rel.gnu.linkonce.s.*)
 *(.rela.sdata .rela.sdata.* .rela.gnu.linkonce.s.*)
 *(.rel.sbss .rel.sbss.* .rel.gnu.linkonce.sb.*)
 *(.rela.sbss .rela.sbss.* .rela.gnu.linkonce.sb.*)
 *(.rel.sdata2 .rel.sdata2.* .rel.gnu.linkonce.s2.*)
 *(.rela.sdata2 .rela.sdata2.* .rela.gnu.linkonce.s2.*)
 *(.rel.sbss2 .rel.sbss2.* .rel.gnu.linkonce.sb2.*)
 *(.rela.sbss2 .rela.sbss2.* .rela.gnu.linkonce.sb2.*)
 *(.rel.bss .rel.bss.* .rel.gnu.linkonce.b.*)
 *(.rela.bss .rela.bss.* .rela.gnu.linkonce.b.*)
 *(.rel.plt)
 *(.rela.plt)
 *(.rel.dyn)
 *(.init)
 *(.plt)
 *(.text .stub .text.* .gnu.linkonce.t.*)
 .text          0x000000000000018c       0x4c C:/Users/nicis/HESSO/MSc_ElE/TSM_EmbHardw/Labs/Lab_04/mse_demo/software/sobel_bsp//obj/HAL/src/crt0.o
                0x000000000000018c                _start
 .text          0x00000000000001d8      0x4d0 obj/default/camera.o
                0x00000000000001d8                init_camera
                0x00000000000004f0                cam_get_xsize
                0x0000000000000514                cam_get_ysize
                0x0000000000000538                cam_get_profiling
                0x00000000000005b0                cam_set_image_pointer
                0x0000000000000624                current_image_valid
                0x0000000000000638                current_image_pointer
                0x0000000000000648                take_picture_blocking
                0x0000000000000668                enable_continues_mode
                0x000000000000067c                new_image_available
 .text          0x00000000000006a8       0x14 obj/default/dipswitch.o
                0x00000000000006a8                DIPSW_get_value
 .text          0x00000000000006bc       0xbc obj/default/grayscale.o
                0x00000000000006bc                conv_grayscale
                0x0000000000000760                get_grayscale_width
                0x0000000000000768                get_grayscale_height
                0x0000000000000770                get_grayscale_picture
 .text          0x0000000000000778      0x1a4 obj/default/i2c.o
                0x0000000000000778                i2c_busy_wait
                0x0000000000000790                i2c_auto_detect
                0x0000000000000838                i2c_short_read
                0x00000000000008c4                i2c_short_write
 .text          0x000000000000091c      0x540 obj/default/lcd_simple.o
                0x000000000000091c                LCD_Write_Command
                0x0000000000000930                LCD_Write_Data
                0x0000000000000944                init_LCD
                0x0000000000000d58                transfer_LCD_no_dma
                0x0000000000000de4                transfer_LCD_with_dma
 .text          0x0000000000000e5c        0x0 obj/default/main.o
 .text.startup  0x0000000000000e5c      0x480 obj/default/main.o
                0x0000000000000e5c                main
 .text          0x00000000000012dc      0x998 obj/default/sobel.o
                0x00000000000012dc                init_sobel_arrays
                0x00000000000013c0                sobel_mac
                0x000000000000147c                sobel_x
                0x00000000000015bc                sobel_x_with_rgb
                0x0000000000001738                sobel_y
                0x0000000000001850                sobel_y_with_rgb
                0x00000000000019b8                sobel_threshold
                0x0000000000001a54                sobel_complete
                0x0000000000001c64                GetSobel_rgb
                0x0000000000001c6c                GetSobelResult
 .text          0x0000000000001c74       0x20 obj/default/vga.o
                0x0000000000001c74                vga_set_pointer
                0x0000000000001c84                vga_set_swap
 .text          0x0000000000001c94        0x0 c:/intelfpga_lite/18.1/nios2eds/bin/gnu/h-x86_64-mingw32/bin/../lib/gcc/nios2-elf/5.3.0/../../../../../H-x86_64-mingw32/nios2-elf/lib\libc.a(lib_a-malloc.o)
 .text.malloc   0x0000000000001c94       0x14 c:/intelfpga_lite/18.1/nios2eds/bin/gnu/h-x86_64-mingw32/bin/../lib/gcc/nios2-elf/5.3.0/../../../../../H-x86_64-mingw32/nios2-elf/lib\libc.a(lib_a-malloc.o)
                0x0000000000001c94                malloc
 .text.free     0x0000000000001ca8       0x14 c:/intelfpga_lite/18.1/nios2eds/bin/gnu/h-x86_64-mingw32/bin/../lib/gcc/nios2-elf/5.3.0/../../../../../H-x86_64-mingw32/nios2-elf/lib\libc.a(lib_a-malloc.o)
                0x0000000000001ca8                free
 .text          0x0000000000001cbc        0x0 c:/intelfpga_lite/18.1/nios2eds/bin/gnu/h-x86_64-mingw32/bin/../lib/gcc/nios2-elf/5.3.0/../../../../../H-x86_64-mingw32/nios2-elf/lib\libc.a(lib_a-mallocr.o)
 .text._malloc_r
                0x0000000000001cbc      0x80c c:/intelfpga_lite/18.1/nios2eds/bin/gnu/h-x86_64-mingw32/bin/../lib/gcc/nios2-elf/5.3.0/../../../../../H-x86_64-mingw32/nios2-elf/lib\libc.a(lib_a-mallocr.o)
                0x0000000000001cbc                _malloc_r
 .text          0x00000000000024c8        0x0 c:/intelfpga_lite/18.1/nios2eds/bin/gnu/h-x86_64-mingw32/bin/../lib/gcc/nios2-elf/5.3.0/../../../../../H-x86_64-mingw32/nios2-elf/lib\libc.a(lib_a-printf.o)
 .text._printf_r
                0x00000000000024c8       0x30 c:/intelfpga_lite/18.1/nios2eds/bin/gnu/h-x86_64-mingw32/bin/../lib/gcc/nios2-elf/5.3.0/../../../../../H-x86_64-mingw32/nios2-elf/lib\libc.a(lib_a-printf.o)
                0x00000000000024c8                _printf_r
 .text.printf   0x00000000000024f8       0x3c c:/intelfpga_lite/18.1/nios2eds/bin/gnu/h-x86_64-mingw32/bin/../lib/gcc/nios2-elf/5.3.0/../../../../../H-x86_64-mingw32/nios2-elf/lib\libc.a(lib_a-printf.o)
                0x00000000000024f8                printf
 .text          0x0000000000002534        0x0 c:/intelfpga_lite/18.1/nios2eds/bin/gnu/h-x86_64-mingw32/bin/../lib/gcc/nios2-elf/5.3.0/../../../../../H-x86_64-mingw32/nios2-elf/lib\libc.a(lib_a-puts.o)
 .text._puts_r  0x0000000000002534       0xc0 c:/intelfpga_lite/18.1/nios2eds/bin/gnu/h-x86_64-mingw32/bin/../lib/gcc/nios2-elf/5.3.0/../../../../../H-x86_64-mingw32/nios2-elf/lib\libc.a(lib_a-puts.o)
                0x0000000000002534                _puts_r
 .text.puts     0x00000000000025f4       0x14 c:/intelfpga_lite/18.1/nios2eds/bin/gnu/h-x86_64-mingw32/bin/../lib/gcc/nios2-elf/5.3.0/../../../../../H-x86_64-mingw32/nios2-elf/lib\libc.a(lib_a-puts.o)
                0x00000000000025f4                puts
 .text          0x0000000000002608        0x0 c:/intelfpga_lite/18.1/nios2eds/bin/gnu/h-x86_64-mingw32/bin/../lib/gcc/nios2-elf/5.3.0/../../../../../H-x86_64-mingw32/nios2-elf/lib\libc.a(lib_a-sbrkr.o)
 .text._sbrk_r  0x0000000000002608       0x54 c:/intelfpga_lite/18.1/nios2eds/bin/gnu/h-x86_64-mingw32/bin/../lib/gcc/nios2-elf/5.3.0/../../../../../H-x86_64-mingw32/nios2-elf/lib\libc.a(lib_a-sbrkr.o)
                0x0000000000002608                _sbrk_r
 .text          0x000000000000265c        0x0 c:/intelfpga_lite/18.1/nios2eds/bin/gnu/h-x86_64-mingw32/bin/../lib/gcc/nios2-elf/5.3.0/../../../../../H-x86_64-mingw32/nios2-elf/lib\libc.a(lib_a-strlen.o)
 .text.strlen   0x000000000000265c       0x98 c:/intelfpga_lite/18.1/nios2eds/bin/gnu/h-x86_64-mingw32/bin/../lib/gcc/nios2-elf/5.3.0/../../../../../H-x86_64-mingw32/nios2-elf/lib\libc.a(lib_a-strlen.o)
                0x000000000000265c                strlen
 .text          0x00000000000026f4        0x0 c:/intelfpga_lite/18.1/nios2eds/bin/gnu/h-x86_64-mingw32/bin/../lib/gcc/nios2-elf/5.3.0/../../../../../H-x86_64-mingw32/nios2-elf/lib\libc.a(lib_a-vfprintf.o)
 .text.___vfprintf_internal_r
                0x00000000000026f4     0x21f8 c:/intelfpga_lite/18.1/nios2eds/bin/gnu/h-x86_64-mingw32/bin/../lib/gcc/nios2-elf/5.3.0/../../../../../H-x86_64-mingw32/nios2-elf/lib\libc.a(lib_a-vfprintf.o)
                0x00000000000026f4                ___vfprintf_internal_r
 .text.__vfprintf_internal
                0x00000000000048ec       0x1c c:/intelfpga_lite/18.1/nios2eds/bin/gnu/h-x86_64-mingw32/bin/../lib/gcc/nios2-elf/5.3.0/../../../../../H-x86_64-mingw32/nios2-elf/lib\libc.a(lib_a-vfprintf.o)
                0x00000000000048ec                __vfprintf_internal
 .text.__sbprintf
                0x0000000000004908       0xbc c:/intelfpga_lite/18.1/nios2eds/bin/gnu/h-x86_64-mingw32/bin/../lib/gcc/nios2-elf/5.3.0/../../../../../H-x86_64-mingw32/nios2-elf/lib\libc.a(lib_a-vfprintf.o)
 .text          0x00000000000049c4        0x0 c:/intelfpga_lite/18.1/nios2eds/bin/gnu/h-x86_64-mingw32/bin/../lib/gcc/nios2-elf/5.3.0/../../../../../H-x86_64-mingw32/nios2-elf/lib\libc.a(lib_a-wsetup.o)
 .text.__swsetup_r
                0x00000000000049c4      0x154 c:/intelfpga_lite/18.1/nios2eds/bin/gnu/h-x86_64-mingw32/bin/../lib/gcc/nios2-elf/5.3.0/../../../../../H-x86_64-mingw32/nios2-elf/lib\libc.a(lib_a-wsetup.o)
                0x00000000000049c4                __swsetup_r
 .text          0x0000000000004b18        0x0 c:/intelfpga_lite/18.1/nios2eds/bin/gnu/h-x86_64-mingw32/bin/../lib/gcc/nios2-elf/5.3.0/../../../../../H-x86_64-mingw32/nios2-elf/lib\libc.a(lib_a-dtoa.o)
 .text.quorem   0x0000000000004b18      0x200 c:/intelfpga_lite/18.1/nios2eds/bin/gnu/h-x86_64-mingw32/bin/../lib/gcc/nios2-elf/5.3.0/../../../../../H-x86_64-mingw32/nios2-elf/lib\libc.a(lib_a-dtoa.o)
 .text._dtoa_r  0x0000000000004d18     0x1688 c:/intelfpga_lite/18.1/nios2eds/bin/gnu/h-x86_64-mingw32/bin/../lib/gcc/nios2-elf/5.3.0/../../../../../H-x86_64-mingw32/nios2-elf/lib\libc.a(lib_a-dtoa.o)
                0x0000000000004d18                _dtoa_r
 .text          0x00000000000063a0        0x0 c:/intelfpga_lite/18.1/nios2eds/bin/gnu/h-x86_64-mingw32/bin/../lib/gcc/nios2-elf/5.3.0/../../../../../H-x86_64-mingw32/nios2-elf/lib\libc.a(lib_a-fflush.o)
 .text.__sflush_r
                0x00000000000063a0      0x21c c:/intelfpga_lite/18.1/nios2eds/bin/gnu/h-x86_64-mingw32/bin/../lib/gcc/nios2-elf/5.3.0/../../../../../H-x86_64-mingw32/nios2-elf/lib\libc.a(lib_a-fflush.o)
                0x00000000000063a0                __sflush_r
 .text._fflush_r
                0x00000000000065bc       0x5c c:/intelfpga_lite/18.1/nios2eds/bin/gnu/h-x86_64-mingw32/bin/../lib/gcc/nios2-elf/5.3.0/../../../../../H-x86_64-mingw32/nios2-elf/lib\libc.a(lib_a-fflush.o)
                0x00000000000065bc                _fflush_r
 .text.fflush   0x0000000000006618       0x30 c:/intelfpga_lite/18.1/nios2eds/bin/gnu/h-x86_64-mingw32/bin/../lib/gcc/nios2-elf/5.3.0/../../../../../H-x86_64-mingw32/nios2-elf/lib\libc.a(lib_a-fflush.o)
                0x0000000000006618                fflush
 .text          0x0000000000006648        0x0 c:/intelfpga_lite/18.1/nios2eds/bin/gnu/h-x86_64-mingw32/bin/../lib/gcc/nios2-elf/5.3.0/../../../../../H-x86_64-mingw32/nios2-elf/lib\libc.a(lib_a-findfp.o)
 .text.__fp_unlock
                0x0000000000006648        0x8 c:/intelfpga_lite/18.1/nios2eds/bin/gnu/h-x86_64-mingw32/bin/../lib/gcc/nios2-elf/5.3.0/../../../../../H-x86_64-mingw32/nios2-elf/lib\libc.a(lib_a-findfp.o)
 .text._cleanup_r
                0x0000000000006650        0xc c:/intelfpga_lite/18.1/nios2eds/bin/gnu/h-x86_64-mingw32/bin/../lib/gcc/nios2-elf/5.3.0/../../../../../H-x86_64-mingw32/nios2-elf/lib\libc.a(lib_a-findfp.o)
                0x0000000000006650                _cleanup_r
 .text.__sinit.part.1
                0x000000000000665c      0x19c c:/intelfpga_lite/18.1/nios2eds/bin/gnu/h-x86_64-mingw32/bin/../lib/gcc/nios2-elf/5.3.0/../../../../../H-x86_64-mingw32/nios2-elf/lib\libc.a(lib_a-findfp.o)
 .text.__fp_lock
                0x00000000000067f8        0x8 c:/intelfpga_lite/18.1/nios2eds/bin/gnu/h-x86_64-mingw32/bin/../lib/gcc/nios2-elf/5.3.0/../../../../../H-x86_64-mingw32/nios2-elf/lib\libc.a(lib_a-findfp.o)
 .text.__sfmoreglue
                0x0000000000006800       0x68 c:/intelfpga_lite/18.1/nios2eds/bin/gnu/h-x86_64-mingw32/bin/../lib/gcc/nios2-elf/5.3.0/../../../../../H-x86_64-mingw32/nios2-elf/lib\libc.a(lib_a-findfp.o)
                0x0000000000006800                __sfmoreglue
 .text.__sfp    0x0000000000006868      0x118 c:/intelfpga_lite/18.1/nios2eds/bin/gnu/h-x86_64-mingw32/bin/../lib/gcc/nios2-elf/5.3.0/../../../../../H-x86_64-mingw32/nios2-elf/lib\libc.a(lib_a-findfp.o)
                0x0000000000006868                __sfp
 .text._cleanup
                0x0000000000006980       0x18 c:/intelfpga_lite/18.1/nios2eds/bin/gnu/h-x86_64-mingw32/bin/../lib/gcc/nios2-elf/5.3.0/../../../../../H-x86_64-mingw32/nios2-elf/lib\libc.a(lib_a-findfp.o)
                0x0000000000006980                _cleanup
 .text.__sinit  0x0000000000006998       0x10 c:/intelfpga_lite/18.1/nios2eds/bin/gnu/h-x86_64-mingw32/bin/../lib/gcc/nios2-elf/5.3.0/../../../../../H-x86_64-mingw32/nios2-elf/lib\libc.a(lib_a-findfp.o)
                0x0000000000006998                __sinit
 .text.__sfp_lock_acquire
                0x00000000000069a8        0x4 c:/intelfpga_lite/18.1/nios2eds/bin/gnu/h-x86_64-mingw32/bin/../lib/gcc/nios2-elf/5.3.0/../../../../../H-x86_64-mingw32/nios2-elf/lib\libc.a(lib_a-findfp.o)
                0x00000000000069a8                __sfp_lock_acquire
 .text.__sfp_lock_release
                0x00000000000069ac        0x4 c:/intelfpga_lite/18.1/nios2eds/bin/gnu/h-x86_64-mingw32/bin/../lib/gcc/nios2-elf/5.3.0/../../../../../H-x86_64-mingw32/nios2-elf/lib\libc.a(lib_a-findfp.o)
                0x00000000000069ac                __sfp_lock_release
 .text.__sinit_lock_acquire
                0x00000000000069b0        0x4 c:/intelfpga_lite/18.1/nios2eds/bin/gnu/h-x86_64-mingw32/bin/../lib/gcc/nios2-elf/5.3.0/../../../../../H-x86_64-mingw32/nios2-elf/lib\libc.a(lib_a-findfp.o)
                0x00000000000069b0                __sinit_lock_acquire
 .text.__sinit_lock_release
                0x00000000000069b4        0x4 c:/intelfpga_lite/18.1/nios2eds/bin/gnu/h-x86_64-mingw32/bin/../lib/gcc/nios2-elf/5.3.0/../../../../../H-x86_64-mingw32/nios2-elf/lib\libc.a(lib_a-findfp.o)
                0x00000000000069b4                __sinit_lock_release
 .text.__fp_lock_all
                0x00000000000069b8       0x18 c:/intelfpga_lite/18.1/nios2eds/bin/gnu/h-x86_64-mingw32/bin/../lib/gcc/nios2-elf/5.3.0/../../../../../H-x86_64-mingw32/nios2-elf/lib\libc.a(lib_a-findfp.o)
                0x00000000000069b8                __fp_lock_all
 .text.__fp_unlock_all
                0x00000000000069d0       0x18 c:/intelfpga_lite/18.1/nios2eds/bin/gnu/h-x86_64-mingw32/bin/../lib/gcc/nios2-elf/5.3.0/../../../../../H-x86_64-mingw32/nios2-elf/lib\libc.a(lib_a-findfp.o)
                0x00000000000069d0                __fp_unlock_all
 .text          0x00000000000069e8        0x0 c:/intelfpga_lite/18.1/nios2eds/bin/gnu/h-x86_64-mingw32/bin/../lib/gcc/nios2-elf/5.3.0/../../../../../H-x86_64-mingw32/nios2-elf/lib\libc.a(lib_a-freer.o)
 .text._malloc_trim_r
                0x00000000000069e8      0x124 c:/intelfpga_lite/18.1/nios2eds/bin/gnu/h-x86_64-mingw32/bin/../lib/gcc/nios2-elf/5.3.0/../../../../../H-x86_64-mingw32/nios2-elf/lib\libc.a(lib_a-freer.o)
                0x00000000000069e8                _malloc_trim_r
 .text._free_r  0x0000000000006b0c      0x310 c:/intelfpga_lite/18.1/nios2eds/bin/gnu/h-x86_64-mingw32/bin/../lib/gcc/nios2-elf/5.3.0/../../../../../H-x86_64-mingw32/nios2-elf/lib\libc.a(lib_a-freer.o)
                0x0000000000006b0c                _free_r
 .text          0x0000000000006e1c        0x0 c:/intelfpga_lite/18.1/nios2eds/bin/gnu/h-x86_64-mingw32/bin/../lib/gcc/nios2-elf/5.3.0/../../../../../H-x86_64-mingw32/nios2-elf/lib\libc.a(lib_a-fvwrite.o)
 .text.__sfvwrite_r
                0x0000000000006e1c      0x4bc c:/intelfpga_lite/18.1/nios2eds/bin/gnu/h-x86_64-mingw32/bin/../lib/gcc/nios2-elf/5.3.0/../../../../../H-x86_64-mingw32/nios2-elf/lib\libc.a(lib_a-fvwrite.o)
                0x0000000000006e1c                __sfvwrite_r
 .text          0x00000000000072d8        0x0 c:/intelfpga_lite/18.1/nios2eds/bin/gnu/h-x86_64-mingw32/bin/../lib/gcc/nios2-elf/5.3.0/../../../../../H-x86_64-mingw32/nios2-elf/lib\libc.a(lib_a-fwalk.o)
 .text._fwalk   0x00000000000072d8       0xc4 c:/intelfpga_lite/18.1/nios2eds/bin/gnu/h-x86_64-mingw32/bin/../lib/gcc/nios2-elf/5.3.0/../../../../../H-x86_64-mingw32/nios2-elf/lib\libc.a(lib_a-fwalk.o)
                0x00000000000072d8                _fwalk
 .text._fwalk_reent
                0x000000000000739c       0xc4 c:/intelfpga_lite/18.1/nios2eds/bin/gnu/h-x86_64-mingw32/bin/../lib/gcc/nios2-elf/5.3.0/../../../../../H-x86_64-mingw32/nios2-elf/lib\libc.a(lib_a-fwalk.o)
                0x000000000000739c                _fwalk_reent
 .text          0x0000000000007460        0x0 c:/intelfpga_lite/18.1/nios2eds/bin/gnu/h-x86_64-mingw32/bin/../lib/gcc/nios2-elf/5.3.0/../../../../../H-x86_64-mingw32/nios2-elf/lib\libc.a(lib_a-impure.o)
 .text          0x0000000000007460        0x0 c:/intelfpga_lite/18.1/nios2eds/bin/gnu/h-x86_64-mingw32/bin/../lib/gcc/nios2-elf/5.3.0/../../../../../H-x86_64-mingw32/nios2-elf/lib\libc.a(lib_a-int_errno.o)
 .text          0x0000000000007460        0x0 c:/intelfpga_lite/18.1/nios2eds/bin/gnu/h-x86_64-mingw32/bin/../lib/gcc/nios2-elf/5.3.0/../../../../../H-x86_64-mingw32/nios2-elf/lib\libc.a(lib_a-locale.o)
 .text._setlocale_r
                0x0000000000007460       0x7c c:/intelfpga_lite/18.1/nios2eds/bin/gnu/h-x86_64-mingw32/bin/../lib/gcc/nios2-elf/5.3.0/../../../../../H-x86_64-mingw32/nios2-elf/lib\libc.a(lib_a-locale.o)
                0x0000000000007460                _setlocale_r
 .text.__locale_charset
                0x00000000000074dc        0xc c:/intelfpga_lite/18.1/nios2eds/bin/gnu/h-x86_64-mingw32/bin/../lib/gcc/nios2-elf/5.3.0/../../../../../H-x86_64-mingw32/nios2-elf/lib\libc.a(lib_a-locale.o)
                0x00000000000074dc                __locale_charset
 .text.__locale_mb_cur_max
                0x00000000000074e8       0x10 c:/intelfpga_lite/18.1/nios2eds/bin/gnu/h-x86_64-mingw32/bin/../lib/gcc/nios2-elf/5.3.0/../../../../../H-x86_64-mingw32/nios2-elf/lib\libc.a(lib_a-locale.o)
                0x00000000000074e8                __locale_mb_cur_max
 .text.__locale_msgcharset
                0x00000000000074f8        0xc c:/intelfpga_lite/18.1/nios2eds/bin/gnu/h-x86_64-mingw32/bin/../lib/gcc/nios2-elf/5.3.0/../../../../../H-x86_64-mingw32/nios2-elf/lib\libc.a(lib_a-locale.o)
                0x00000000000074f8                __locale_msgcharset
 .text.__locale_cjk_lang
                0x0000000000007504        0x8 c:/intelfpga_lite/18.1/nios2eds/bin/gnu/h-x86_64-mingw32/bin/../lib/gcc/nios2-elf/5.3.0/../../../../../H-x86_64-mingw32/nios2-elf/lib\libc.a(lib_a-locale.o)
                0x0000000000007504                __locale_cjk_lang
 .text._localeconv_r
                0x000000000000750c        0xc c:/intelfpga_lite/18.1/nios2eds/bin/gnu/h-x86_64-mingw32/bin/../lib/gcc/nios2-elf/5.3.0/../../../../../H-x86_64-mingw32/nios2-elf/lib\libc.a(lib_a-locale.o)
                0x000000000000750c                _localeconv_r
 .text.setlocale
                0x0000000000007518       0x18 c:/intelfpga_lite/18.1/nios2eds/bin/gnu/h-x86_64-mingw32/bin/../lib/gcc/nios2-elf/5.3.0/../../../../../H-x86_64-mingw32/nios2-elf/lib\libc.a(lib_a-locale.o)
                0x0000000000007518                setlocale
 .text.localeconv
                0x0000000000007530        0xc c:/intelfpga_lite/18.1/nios2eds/bin/gnu/h-x86_64-mingw32/bin/../lib/gcc/nios2-elf/5.3.0/../../../../../H-x86_64-mingw32/nios2-elf/lib\libc.a(lib_a-locale.o)
                0x0000000000007530                localeconv
 .text          0x000000000000753c        0x0 c:/intelfpga_lite/18.1/nios2eds/bin/gnu/h-x86_64-mingw32/bin/../lib/gcc/nios2-elf/5.3.0/../../../../../H-x86_64-mingw32/nios2-elf/lib\libc.a(lib_a-makebuf.o)
 .text.__smakebuf_r
                0x000000000000753c      0x1bc c:/intelfpga_lite/18.1/nios2eds/bin/gnu/h-x86_64-mingw32/bin/../lib/gcc/nios2-elf/5.3.0/../../../../../H-x86_64-mingw32/nios2-elf/lib\libc.a(lib_a-makebuf.o)
                0x000000000000753c                __smakebuf_r
 .text          0x00000000000076f8        0x0 c:/intelfpga_lite/18.1/nios2eds/bin/gnu/h-x86_64-mingw32/bin/../lib/gcc/nios2-elf/5.3.0/../../../../../H-x86_64-mingw32/nios2-elf/lib\libc.a(lib_a-memchr.o)
 .text.memchr   0x00000000000076f8       0xe4 c:/intelfpga_lite/18.1/nios2eds/bin/gnu/h-x86_64-mingw32/bin/../lib/gcc/nios2-elf/5.3.0/../../../../../H-x86_64-mingw32/nios2-elf/lib\libc.a(lib_a-memchr.o)
                0x00000000000076f8                memchr
 .text          0x00000000000077dc        0x0 c:/intelfpga_lite/18.1/nios2eds/bin/gnu/h-x86_64-mingw32/bin/../lib/gcc/nios2-elf/5.3.0/../../../../../H-x86_64-mingw32/nios2-elf/lib\libc.a(lib_a-memcpy.o)
 .text.memcpy   0x00000000000077dc      0x148 c:/intelfpga_lite/18.1/nios2eds/bin/gnu/h-x86_64-mingw32/bin/../lib/gcc/nios2-elf/5.3.0/../../../../../H-x86_64-mingw32/nios2-elf/lib\libc.a(lib_a-memcpy.o)
                0x00000000000077dc                memcpy
 .text          0x0000000000007924        0x0 c:/intelfpga_lite/18.1/nios2eds/bin/gnu/h-x86_64-mingw32/bin/../lib/gcc/nios2-elf/5.3.0/../../../../../H-x86_64-mingw32/nios2-elf/lib\libc.a(lib_a-memmove.o)
 .text.memmove  0x0000000000007924      0x15c c:/intelfpga_lite/18.1/nios2eds/bin/gnu/h-x86_64-mingw32/bin/../lib/gcc/nios2-elf/5.3.0/../../../../../H-x86_64-mingw32/nios2-elf/lib\libc.a(lib_a-memmove.o)
                0x0000000000007924                memmove
 .text          0x0000000000007a80        0x0 c:/intelfpga_lite/18.1/nios2eds/bin/gnu/h-x86_64-mingw32/bin/../lib/gcc/nios2-elf/5.3.0/../../../../../H-x86_64-mingw32/nios2-elf/lib\libc.a(lib_a-memset.o)
 .text.memset   0x0000000000007a80      0x128 c:/intelfpga_lite/18.1/nios2eds/bin/gnu/h-x86_64-mingw32/bin/../lib/gcc/nios2-elf/5.3.0/../../../../../H-x86_64-mingw32/nios2-elf/lib\libc.a(lib_a-memset.o)
                0x0000000000007a80                memset
 .text          0x0000000000007ba8        0x0 c:/intelfpga_lite/18.1/nios2eds/bin/gnu/h-x86_64-mingw32/bin/../lib/gcc/nios2-elf/5.3.0/../../../../../H-x86_64-mingw32/nios2-elf/lib\libc.a(lib_a-mprec.o)
 .text._Balloc  0x0000000000007ba8       0xa8 c:/intelfpga_lite/18.1/nios2eds/bin/gnu/h-x86_64-mingw32/bin/../lib/gcc/nios2-elf/5.3.0/../../../../../H-x86_64-mingw32/nios2-elf/lib\libc.a(lib_a-mprec.o)
                0x0000000000007ba8                _Balloc
 .text._Bfree   0x0000000000007c50       0x28 c:/intelfpga_lite/18.1/nios2eds/bin/gnu/h-x86_64-mingw32/bin/../lib/gcc/nios2-elf/5.3.0/../../../../../H-x86_64-mingw32/nios2-elf/lib\libc.a(lib_a-mprec.o)
                0x0000000000007c50                _Bfree
 .text.__multadd
                0x0000000000007c78      0x120 c:/intelfpga_lite/18.1/nios2eds/bin/gnu/h-x86_64-mingw32/bin/../lib/gcc/nios2-elf/5.3.0/../../../../../H-x86_64-mingw32/nios2-elf/lib\libc.a(lib_a-mprec.o)
                0x0000000000007c78                __multadd
 .text.__s2b    0x0000000000007d98      0x104 c:/intelfpga_lite/18.1/nios2eds/bin/gnu/h-x86_64-mingw32/bin/../lib/gcc/nios2-elf/5.3.0/../../../../../H-x86_64-mingw32/nios2-elf/lib\libc.a(lib_a-mprec.o)
                0x0000000000007d98                __s2b
 .text.__hi0bits
                0x0000000000007e9c       0x68 c:/intelfpga_lite/18.1/nios2eds/bin/gnu/h-x86_64-mingw32/bin/../lib/gcc/nios2-elf/5.3.0/../../../../../H-x86_64-mingw32/nios2-elf/lib\libc.a(lib_a-mprec.o)
                0x0000000000007e9c                __hi0bits
 .text.__lo0bits
                0x0000000000007f04       0xb0 c:/intelfpga_lite/18.1/nios2eds/bin/gnu/h-x86_64-mingw32/bin/../lib/gcc/nios2-elf/5.3.0/../../../../../H-x86_64-mingw32/nios2-elf/lib\libc.a(lib_a-mprec.o)
                0x0000000000007f04                __lo0bits
 .text.__i2b    0x0000000000007fb4       0x3c c:/intelfpga_lite/18.1/nios2eds/bin/gnu/h-x86_64-mingw32/bin/../lib/gcc/nios2-elf/5.3.0/../../../../../H-x86_64-mingw32/nios2-elf/lib\libc.a(lib_a-mprec.o)
                0x0000000000007fb4                __i2b
 .text.__multiply
                0x0000000000007ff0      0x1f8 c:/intelfpga_lite/18.1/nios2eds/bin/gnu/h-x86_64-mingw32/bin/../lib/gcc/nios2-elf/5.3.0/../../../../../H-x86_64-mingw32/nios2-elf/lib\libc.a(lib_a-mprec.o)
                0x0000000000007ff0                __multiply
 .text.__pow5mult
                0x00000000000081e8      0x140 c:/intelfpga_lite/18.1/nios2eds/bin/gnu/h-x86_64-mingw32/bin/../lib/gcc/nios2-elf/5.3.0/../../../../../H-x86_64-mingw32/nios2-elf/lib\libc.a(lib_a-mprec.o)
                0x00000000000081e8                __pow5mult
 .text.__lshift
                0x0000000000008328      0x148 c:/intelfpga_lite/18.1/nios2eds/bin/gnu/h-x86_64-mingw32/bin/../lib/gcc/nios2-elf/5.3.0/../../../../../H-x86_64-mingw32/nios2-elf/lib\libc.a(lib_a-mprec.o)
                0x0000000000008328                __lshift
 .text.__mcmp   0x0000000000008470       0x60 c:/intelfpga_lite/18.1/nios2eds/bin/gnu/h-x86_64-mingw32/bin/../lib/gcc/nios2-elf/5.3.0/../../../../../H-x86_64-mingw32/nios2-elf/lib\libc.a(lib_a-mprec.o)
                0x0000000000008470                __mcmp
 .text.__mdiff  0x00000000000084d0      0x1fc c:/intelfpga_lite/18.1/nios2eds/bin/gnu/h-x86_64-mingw32/bin/../lib/gcc/nios2-elf/5.3.0/../../../../../H-x86_64-mingw32/nios2-elf/lib\libc.a(lib_a-mprec.o)
                0x00000000000084d0                __mdiff
 .text.__ulp    0x00000000000086cc       0x64 c:/intelfpga_lite/18.1/nios2eds/bin/gnu/h-x86_64-mingw32/bin/../lib/gcc/nios2-elf/5.3.0/../../../../../H-x86_64-mingw32/nios2-elf/lib\libc.a(lib_a-mprec.o)
                0x00000000000086cc                __ulp
 .text.__b2d    0x0000000000008730      0x10c c:/intelfpga_lite/18.1/nios2eds/bin/gnu/h-x86_64-mingw32/bin/../lib/gcc/nios2-elf/5.3.0/../../../../../H-x86_64-mingw32/nios2-elf/lib\libc.a(lib_a-mprec.o)
                0x0000000000008730                __b2d
 .text.__d2b    0x000000000000883c      0x14c c:/intelfpga_lite/18.1/nios2eds/bin/gnu/h-x86_64-mingw32/bin/../lib/gcc/nios2-elf/5.3.0/../../../../../H-x86_64-mingw32/nios2-elf/lib\libc.a(lib_a-mprec.o)
                0x000000000000883c                __d2b
 .text.__ratio  0x0000000000008988       0xa4 c:/intelfpga_lite/18.1/nios2eds/bin/gnu/h-x86_64-mingw32/bin/../lib/gcc/nios2-elf/5.3.0/../../../../../H-x86_64-mingw32/nios2-elf/lib\libc.a(lib_a-mprec.o)
                0x0000000000008988                __ratio
 .text._mprec_log10
                0x0000000000008a2c       0x74 c:/intelfpga_lite/18.1/nios2eds/bin/gnu/h-x86_64-mingw32/bin/../lib/gcc/nios2-elf/5.3.0/../../../../../H-x86_64-mingw32/nios2-elf/lib\libc.a(lib_a-mprec.o)
                0x0000000000008a2c                _mprec_log10
 .text.__copybits
                0x0000000000008aa0       0x78 c:/intelfpga_lite/18.1/nios2eds/bin/gnu/h-x86_64-mingw32/bin/../lib/gcc/nios2-elf/5.3.0/../../../../../H-x86_64-mingw32/nios2-elf/lib\libc.a(lib_a-mprec.o)
                0x0000000000008aa0                __copybits
 .text.__any_on
                0x0000000000008b18       0x8c c:/intelfpga_lite/18.1/nios2eds/bin/gnu/h-x86_64-mingw32/bin/../lib/gcc/nios2-elf/5.3.0/../../../../../H-x86_64-mingw32/nios2-elf/lib\libc.a(lib_a-mprec.o)
                0x0000000000008b18                __any_on
 .text          0x0000000000008ba4        0x0 c:/intelfpga_lite/18.1/nios2eds/bin/gnu/h-x86_64-mingw32/bin/../lib/gcc/nios2-elf/5.3.0/../../../../../H-x86_64-mingw32/nios2-elf/lib\libc.a(lib_a-reallocr.o)
 .text._realloc_r
                0x0000000000008ba4      0x564 c:/intelfpga_lite/18.1/nios2eds/bin/gnu/h-x86_64-mingw32/bin/../lib/gcc/nios2-elf/5.3.0/../../../../../H-x86_64-mingw32/nios2-elf/lib\libc.a(lib_a-reallocr.o)
                0x0000000000008ba4                _realloc_r
 .text          0x0000000000009108        0x0 c:/intelfpga_lite/18.1/nios2eds/bin/gnu/h-x86_64-mingw32/bin/../lib/gcc/nios2-elf/5.3.0/../../../../../H-x86_64-mingw32/nios2-elf/lib\libc.a(lib_a-s_fpclassify.o)
 .text.__fpclassifyd
                0x0000000000009108       0x74 c:/intelfpga_lite/18.1/nios2eds/bin/gnu/h-x86_64-mingw32/bin/../lib/gcc/nios2-elf/5.3.0/../../../../../H-x86_64-mingw32/nios2-elf/lib\libc.a(lib_a-s_fpclassify.o)
                0x0000000000009108                __fpclassifyd
 .text          0x000000000000917c        0x0 c:/intelfpga_lite/18.1/nios2eds/bin/gnu/h-x86_64-mingw32/bin/../lib/gcc/nios2-elf/5.3.0/../../../../../H-x86_64-mingw32/nios2-elf/lib\libc.a(lib_a-stdio.o)
 .text.__sread  0x000000000000917c       0x54 c:/intelfpga_lite/18.1/nios2eds/bin/gnu/h-x86_64-mingw32/bin/../lib/gcc/nios2-elf/5.3.0/../../../../../H-x86_64-mingw32/nios2-elf/lib\libc.a(lib_a-stdio.o)
                0x000000000000917c                __sread
 .text.__seofread
                0x00000000000091d0        0x8 c:/intelfpga_lite/18.1/nios2eds/bin/gnu/h-x86_64-mingw32/bin/../lib/gcc/nios2-elf/5.3.0/../../../../../H-x86_64-mingw32/nios2-elf/lib\libc.a(lib_a-stdio.o)
                0x00000000000091d0                __seofread
 .text.__swrite
                0x00000000000091d8       0x7c c:/intelfpga_lite/18.1/nios2eds/bin/gnu/h-x86_64-mingw32/bin/../lib/gcc/nios2-elf/5.3.0/../../../../../H-x86_64-mingw32/nios2-elf/lib\libc.a(lib_a-stdio.o)
                0x00000000000091d8                __swrite
 .text.__sseek  0x0000000000009254       0x5c c:/intelfpga_lite/18.1/nios2eds/bin/gnu/h-x86_64-mingw32/bin/../lib/gcc/nios2-elf/5.3.0/../../../../../H-x86_64-mingw32/nios2-elf/lib\libc.a(lib_a-stdio.o)
                0x0000000000009254                __sseek
 .text.__sclose
                0x00000000000092b0        0x8 c:/intelfpga_lite/18.1/nios2eds/bin/gnu/h-x86_64-mingw32/bin/../lib/gcc/nios2-elf/5.3.0/../../../../../H-x86_64-mingw32/nios2-elf/lib\libc.a(lib_a-stdio.o)
                0x00000000000092b0                __sclose
 .text          0x00000000000092b8        0x0 c:/intelfpga_lite/18.1/nios2eds/bin/gnu/h-x86_64-mingw32/bin/../lib/gcc/nios2-elf/5.3.0/../../../../../H-x86_64-mingw32/nios2-elf/lib\libc.a(lib_a-strcmp.o)
 .text.strcmp   0x00000000000092b8       0xdc c:/intelfpga_lite/18.1/nios2eds/bin/gnu/h-x86_64-mingw32/bin/../lib/gcc/nios2-elf/5.3.0/../../../../../H-x86_64-mingw32/nios2-elf/lib\libc.a(lib_a-strcmp.o)
                0x00000000000092b8                strcmp
 .text          0x0000000000009394        0x0 c:/intelfpga_lite/18.1/nios2eds/bin/gnu/h-x86_64-mingw32/bin/../lib/gcc/nios2-elf/5.3.0/../../../../../H-x86_64-mingw32/nios2-elf/lib\libc.a(lib_a-vfiprintf.o)
 .text.__sprint_r.part.0
                0x0000000000009394       0xfc c:/intelfpga_lite/18.1/nios2eds/bin/gnu/h-x86_64-mingw32/bin/../lib/gcc/nios2-elf/5.3.0/../../../../../H-x86_64-mingw32/nios2-elf/lib\libc.a(lib_a-vfiprintf.o)
 .text.__sprint_r
                0x0000000000009490       0x18 c:/intelfpga_lite/18.1/nios2eds/bin/gnu/h-x86_64-mingw32/bin/../lib/gcc/nios2-elf/5.3.0/../../../../../H-x86_64-mingw32/nios2-elf/lib\libc.a(lib_a-vfiprintf.o)
                0x0000000000009490                __sprint_r
 .text.___vfiprintf_internal_r
                0x00000000000094a8     0x145c c:/intelfpga_lite/18.1/nios2eds/bin/gnu/h-x86_64-mingw32/bin/../lib/gcc/nios2-elf/5.3.0/../../../../../H-x86_64-mingw32/nios2-elf/lib\libc.a(lib_a-vfiprintf.o)
                0x00000000000094a8                ___vfiprintf_internal_r
 .text.__vfiprintf_internal
                0x000000000000a904       0x1c c:/intelfpga_lite/18.1/nios2eds/bin/gnu/h-x86_64-mingw32/bin/../lib/gcc/nios2-elf/5.3.0/../../../../../H-x86_64-mingw32/nios2-elf/lib\libc.a(lib_a-vfiprintf.o)
                0x000000000000a904                __vfiprintf_internal
 .text.__sbprintf
                0x000000000000a920       0xbc c:/intelfpga_lite/18.1/nios2eds/bin/gnu/h-x86_64-mingw32/bin/../lib/gcc/nios2-elf/5.3.0/../../../../../H-x86_64-mingw32/nios2-elf/lib\libc.a(lib_a-vfiprintf.o)
 .text          0x000000000000a9dc        0x0 c:/intelfpga_lite/18.1/nios2eds/bin/gnu/h-x86_64-mingw32/bin/../lib/gcc/nios2-elf/5.3.0/../../../../../H-x86_64-mingw32/nios2-elf/lib\libc.a(lib_a-writer.o)
 .text._write_r
                0x000000000000a9dc       0x60 c:/intelfpga_lite/18.1/nios2eds/bin/gnu/h-x86_64-mingw32/bin/../lib/gcc/nios2-elf/5.3.0/../../../../../H-x86_64-mingw32/nios2-elf/lib\libc.a(lib_a-writer.o)
                0x000000000000a9dc                _write_r
 .text          0x000000000000aa3c        0x0 c:/intelfpga_lite/18.1/nios2eds/bin/gnu/h-x86_64-mingw32/bin/../lib/gcc/nios2-elf/5.3.0/../../../../../H-x86_64-mingw32/nios2-elf/lib\libc.a(closer.o)
 .text._close_r
                0x000000000000aa3c       0x54 c:/intelfpga_lite/18.1/nios2eds/bin/gnu/h-x86_64-mingw32/bin/../lib/gcc/nios2-elf/5.3.0/../../../../../H-x86_64-mingw32/nios2-elf/lib\libc.a(closer.o)
                0x000000000000aa3c                _close_r
 .text          0x000000000000aa90        0x0 c:/intelfpga_lite/18.1/nios2eds/bin/gnu/h-x86_64-mingw32/bin/../lib/gcc/nios2-elf/5.3.0/../../../../../H-x86_64-mingw32/nios2-elf/lib\libc.a(lib_a-callocr.o)
 .text._calloc_r
                0x000000000000aa90       0xc4 c:/intelfpga_lite/18.1/nios2eds/bin/gnu/h-x86_64-mingw32/bin/../lib/gcc/nios2-elf/5.3.0/../../../../../H-x86_64-mingw32/nios2-elf/lib\libc.a(lib_a-callocr.o)
                0x000000000000aa90                _calloc_r
 .text          0x000000000000ab54        0x0 c:/intelfpga_lite/18.1/nios2eds/bin/gnu/h-x86_64-mingw32/bin/../lib/gcc/nios2-elf/5.3.0/../../../../../H-x86_64-mingw32/nios2-elf/lib\libc.a(lib_a-fclose.o)
 .text._fclose_r
                0x000000000000ab54       0xf0 c:/intelfpga_lite/18.1/nios2eds/bin/gnu/h-x86_64-mingw32/bin/../lib/gcc/nios2-elf/5.3.0/../../../../../H-x86_64-mingw32/nios2-elf/lib\libc.a(lib_a-fclose.o)
                0x000000000000ab54                _fclose_r
 .text.fclose   0x000000000000ac44       0x14 c:/intelfpga_lite/18.1/nios2eds/bin/gnu/h-x86_64-mingw32/bin/../lib/gcc/nios2-elf/5.3.0/../../../../../H-x86_64-mingw32/nios2-elf/lib\libc.a(lib_a-fclose.o)
                0x000000000000ac44                fclose
 .text          0x000000000000ac58        0x0 c:/intelfpga_lite/18.1/nios2eds/bin/gnu/h-x86_64-mingw32/bin/../lib/gcc/nios2-elf/5.3.0/../../../../../H-x86_64-mingw32/nios2-elf/lib\libc.a(lib_a-fputwc.o)
 .text.__fputwc
                0x000000000000ac58      0x164 c:/intelfpga_lite/18.1/nios2eds/bin/gnu/h-x86_64-mingw32/bin/../lib/gcc/nios2-elf/5.3.0/../../../../../H-x86_64-mingw32/nios2-elf/lib\libc.a(lib_a-fputwc.o)
                0x000000000000ac58                __fputwc
 .text._fputwc_r
                0x000000000000adbc       0x24 c:/intelfpga_lite/18.1/nios2eds/bin/gnu/h-x86_64-mingw32/bin/../lib/gcc/nios2-elf/5.3.0/../../../../../H-x86_64-mingw32/nios2-elf/lib\libc.a(lib_a-fputwc.o)
                0x000000000000adbc                _fputwc_r
 .text.fputwc   0x000000000000ade0       0x80 c:/intelfpga_lite/18.1/nios2eds/bin/gnu/h-x86_64-mingw32/bin/../lib/gcc/nios2-elf/5.3.0/../../../../../H-x86_64-mingw32/nios2-elf/lib\libc.a(lib_a-fputwc.o)
                0x000000000000ade0                fputwc
 .text          0x000000000000ae60        0x0 c:/intelfpga_lite/18.1/nios2eds/bin/gnu/h-x86_64-mingw32/bin/../lib/gcc/nios2-elf/5.3.0/../../../../../H-x86_64-mingw32/nios2-elf/lib\libc.a(lib_a-fstatr.o)
 .text._fstat_r
                0x000000000000ae60       0x5c c:/intelfpga_lite/18.1/nios2eds/bin/gnu/h-x86_64-mingw32/bin/../lib/gcc/nios2-elf/5.3.0/../../../../../H-x86_64-mingw32/nios2-elf/lib\libc.a(lib_a-fstatr.o)
                0x000000000000ae60                _fstat_r
 .text          0x000000000000aebc        0x0 c:/intelfpga_lite/18.1/nios2eds/bin/gnu/h-x86_64-mingw32/bin/../lib/gcc/nios2-elf/5.3.0/../../../../../H-x86_64-mingw32/nios2-elf/lib\libc.a(lib_a-isattyr.o)
 .text._isatty_r
                0x000000000000aebc       0x54 c:/intelfpga_lite/18.1/nios2eds/bin/gnu/h-x86_64-mingw32/bin/../lib/gcc/nios2-elf/5.3.0/../../../../../H-x86_64-mingw32/nios2-elf/lib\libc.a(lib_a-isattyr.o)
                0x000000000000aebc                _isatty_r
 .text          0x000000000000af10        0x0 c:/intelfpga_lite/18.1/nios2eds/bin/gnu/h-x86_64-mingw32/bin/../lib/gcc/nios2-elf/5.3.0/../../../../../H-x86_64-mingw32/nios2-elf/lib\libc.a(lib_a-lseekr.o)
 .text._lseek_r
                0x000000000000af10       0x60 c:/intelfpga_lite/18.1/nios2eds/bin/gnu/h-x86_64-mingw32/bin/../lib/gcc/nios2-elf/5.3.0/../../../../../H-x86_64-mingw32/nios2-elf/lib\libc.a(lib_a-lseekr.o)
                0x000000000000af10                _lseek_r
 .text          0x000000000000af70        0x0 c:/intelfpga_lite/18.1/nios2eds/bin/gnu/h-x86_64-mingw32/bin/../lib/gcc/nios2-elf/5.3.0/../../../../../H-x86_64-mingw32/nios2-elf/lib\libc.a(lib_a-readr.o)
 .text._read_r  0x000000000000af70       0x60 c:/intelfpga_lite/18.1/nios2eds/bin/gnu/h-x86_64-mingw32/bin/../lib/gcc/nios2-elf/5.3.0/../../../../../H-x86_64-mingw32/nios2-elf/lib\libc.a(lib_a-readr.o)
                0x000000000000af70                _read_r
 .text          0x000000000000afd0        0x0 c:/intelfpga_lite/18.1/nios2eds/bin/gnu/h-x86_64-mingw32/bin/../lib/gcc/nios2-elf/5.3.0/../../../../../H-x86_64-mingw32/nios2-elf/lib\libc.a(lib_a-wbuf.o)
 .text.__swbuf_r
                0x000000000000afd0      0x140 c:/intelfpga_lite/18.1/nios2eds/bin/gnu/h-x86_64-mingw32/bin/../lib/gcc/nios2-elf/5.3.0/../../../../../H-x86_64-mingw32/nios2-elf/lib\libc.a(lib_a-wbuf.o)
                0x000000000000afd0                __swbuf_r
 .text.__swbuf  0x000000000000b110       0x18 c:/intelfpga_lite/18.1/nios2eds/bin/gnu/h-x86_64-mingw32/bin/../lib/gcc/nios2-elf/5.3.0/../../../../../H-x86_64-mingw32/nios2-elf/lib\libc.a(lib_a-wbuf.o)
                0x000000000000b110                __swbuf
 .text          0x000000000000b128        0x0 c:/intelfpga_lite/18.1/nios2eds/bin/gnu/h-x86_64-mingw32/bin/../lib/gcc/nios2-elf/5.3.0/../../../../../H-x86_64-mingw32/nios2-elf/lib\libc.a(lib_a-wcrtomb.o)
 .text._wcrtomb_r
                0x000000000000b128       0x9c c:/intelfpga_lite/18.1/nios2eds/bin/gnu/h-x86_64-mingw32/bin/../lib/gcc/nios2-elf/5.3.0/../../../../../H-x86_64-mingw32/nios2-elf/lib\libc.a(lib_a-wcrtomb.o)
                0x000000000000b128                _wcrtomb_r
 .text.wcrtomb  0x000000000000b1c4       0xc0 c:/intelfpga_lite/18.1/nios2eds/bin/gnu/h-x86_64-mingw32/bin/../lib/gcc/nios2-elf/5.3.0/../../../../../H-x86_64-mingw32/nios2-elf/lib\libc.a(lib_a-wcrtomb.o)
                0x000000000000b1c4                wcrtomb
 .text          0x000000000000b284        0x0 c:/intelfpga_lite/18.1/nios2eds/bin/gnu/h-x86_64-mingw32/bin/../lib/gcc/nios2-elf/5.3.0/../../../../../H-x86_64-mingw32/nios2-elf/lib\libc.a(lib_a-wctomb_r.o)
 .text.__ascii_wctomb
                0x000000000000b284       0x30 c:/intelfpga_lite/18.1/nios2eds/bin/gnu/h-x86_64-mingw32/bin/../lib/gcc/nios2-elf/5.3.0/../../../../../H-x86_64-mingw32/nios2-elf/lib\libc.a(lib_a-wctomb_r.o)
                0x000000000000b284                __ascii_wctomb
 .text._wctomb_r
                0x000000000000b2b4       0x5c c:/intelfpga_lite/18.1/nios2eds/bin/gnu/h-x86_64-mingw32/bin/../lib/gcc/nios2-elf/5.3.0/../../../../../H-x86_64-mingw32/nios2-elf/lib\libc.a(lib_a-wctomb_r.o)
                0x000000000000b2b4                _wctomb_r
 .text          0x000000000000b310      0x578 c:/intelfpga_lite/18.1/nios2eds/bin/gnu/h-x86_64-mingw32/bin/../lib/gcc/nios2-elf/5.3.0\libgcc.a(_udivdi3.o)
                0x000000000000b310                __udivdi3
 .text          0x000000000000b888      0x538 c:/intelfpga_lite/18.1/nios2eds/bin/gnu/h-x86_64-mingw32/bin/../lib/gcc/nios2-elf/5.3.0\libgcc.a(_umoddi3.o)
                0x000000000000b888                __umoddi3
 .text          0x000000000000bdc0      0x1b4 c:/intelfpga_lite/18.1/nios2eds/bin/gnu/h-x86_64-mingw32/bin/../lib/gcc/nios2-elf/5.3.0\libgcc.a(lib2-divmod.o)
                0x000000000000bdc0                __divsi3
                0x000000000000be44                __modsi3
                0x000000000000beb8                __udivsi3
                0x000000000000bf1c                __umodsi3
 .text          0x000000000000bf74      0x8ac c:/intelfpga_lite/18.1/nios2eds/bin/gnu/h-x86_64-mingw32/bin/../lib/gcc/nios2-elf/5.3.0\libgcc.a(adddf3.o)
                0x000000000000bf74                __adddf3
 .text          0x000000000000c820      0x8e8 c:/intelfpga_lite/18.1/nios2eds/bin/gnu/h-x86_64-mingw32/bin/../lib/gcc/nios2-elf/5.3.0\libgcc.a(divdf3.o)
                0x000000000000c820                __divdf3
 .text          0x000000000000d108       0x88 c:/intelfpga_lite/18.1/nios2eds/bin/gnu/h-x86_64-mingw32/bin/../lib/gcc/nios2-elf/5.3.0\libgcc.a(eqdf2.o)
                0x000000000000d108                __nedf2
                0x000000000000d108                __eqdf2
 .text          0x000000000000d190       0xdc c:/intelfpga_lite/18.1/nios2eds/bin/gnu/h-x86_64-mingw32/bin/../lib/gcc/nios2-elf/5.3.0\libgcc.a(gedf2.o)
                0x000000000000d190                __gedf2
                0x000000000000d190                __gtdf2
 .text          0x000000000000d26c       0xf4 c:/intelfpga_lite/18.1/nios2eds/bin/gnu/h-x86_64-mingw32/bin/../lib/gcc/nios2-elf/5.3.0\libgcc.a(ledf2.o)
                0x000000000000d26c                __ledf2
                0x000000000000d26c                __ltdf2
 .text          0x000000000000d360      0x718 c:/intelfpga_lite/18.1/nios2eds/bin/gnu/h-x86_64-mingw32/bin/../lib/gcc/nios2-elf/5.3.0\libgcc.a(muldf3.o)
                0x000000000000d360                __muldf3
 .text          0x000000000000da78      0x8fc c:/intelfpga_lite/18.1/nios2eds/bin/gnu/h-x86_64-mingw32/bin/../lib/gcc/nios2-elf/5.3.0\libgcc.a(subdf3.o)
                0x000000000000da78                __subdf3
 .text          0x000000000000e374       0x80 c:/intelfpga_lite/18.1/nios2eds/bin/gnu/h-x86_64-mingw32/bin/../lib/gcc/nios2-elf/5.3.0\libgcc.a(fixdfsi.o)
                0x000000000000e374                __fixdfsi
 .text          0x000000000000e3f4       0xdc c:/intelfpga_lite/18.1/nios2eds/bin/gnu/h-x86_64-mingw32/bin/../lib/gcc/nios2-elf/5.3.0\libgcc.a(floatsidf.o)
                0x000000000000e3f4                __floatsidf
 .text          0x000000000000e4d0       0xa8 c:/intelfpga_lite/18.1/nios2eds/bin/gnu/h-x86_64-mingw32/bin/../lib/gcc/nios2-elf/5.3.0\libgcc.a(floatunsidf.o)
                0x000000000000e4d0                __floatunsidf
 .text          0x000000000000e578        0x0 c:/intelfpga_lite/18.1/nios2eds/bin/gnu/h-x86_64-mingw32/bin/../lib/gcc/nios2-elf/5.3.0\libgcc.a(_clz.o)
 .text          0x000000000000e578       0x64 c:/intelfpga_lite/18.1/nios2eds/bin/gnu/h-x86_64-mingw32/bin/../lib/gcc/nios2-elf/5.3.0\libgcc.a(_clzsi2.o)
                0x000000000000e578                __clzsi2
 .text          0x000000000000e5dc       0xbc C:/Users/nicis/HESSO/MSc_ElE/TSM_EmbHardw/Labs/Lab_04/mse_demo/software/sobel_bsp/\libhal_bsp.a(alt_close.o)
                0x000000000000e5dc                close
 .text          0x000000000000e698        0x8 C:/Users/nicis/HESSO/MSc_ElE/TSM_EmbHardw/Labs/Lab_04/mse_demo/software/sobel_bsp/\libhal_bsp.a(alt_dev.o)
 .text          0x000000000000e6a0        0x0 C:/Users/nicis/HESSO/MSc_ElE/TSM_EmbHardw/Labs/Lab_04/mse_demo/software/sobel_bsp/\libhal_bsp.a(alt_errno.o)
 .text          0x000000000000e6a0       0x78 C:/Users/nicis/HESSO/MSc_ElE/TSM_EmbHardw/Labs/Lab_04/mse_demo/software/sobel_bsp/\libhal_bsp.a(alt_fstat.o)
                0x000000000000e6a0                fstat
 .text          0x000000000000e718       0x84 C:/Users/nicis/HESSO/MSc_ElE/TSM_EmbHardw/Labs/Lab_04/mse_demo/software/sobel_bsp/\libhal_bsp.a(alt_isatty.o)
                0x000000000000e718                isatty
 .text          0x000000000000e79c       0xcc C:/Users/nicis/HESSO/MSc_ElE/TSM_EmbHardw/Labs/Lab_04/mse_demo/software/sobel_bsp/\libhal_bsp.a(alt_load.o)
                0x000000000000e79c                alt_load
 .text          0x000000000000e868       0x7c C:/Users/nicis/HESSO/MSc_ElE/TSM_EmbHardw/Labs/Lab_04/mse_demo/software/sobel_bsp/\libhal_bsp.a(alt_lseek.o)
                0x000000000000e868                lseek
 .text          0x000000000000e8e4       0x60 C:/Users/nicis/HESSO/MSc_ElE/TSM_EmbHardw/Labs/Lab_04/mse_demo/software/sobel_bsp/\libhal_bsp.a(alt_main.o)
                0x000000000000e8e4                alt_main
 .text          0x000000000000e944        0x8 C:/Users/nicis/HESSO/MSc_ElE/TSM_EmbHardw/Labs/Lab_04/mse_demo/software/sobel_bsp/\libhal_bsp.a(alt_malloc_lock.o)
                0x000000000000e944                __malloc_lock
                0x000000000000e948                __malloc_unlock
 .text          0x000000000000e94c       0xc8 C:/Users/nicis/HESSO/MSc_ElE/TSM_EmbHardw/Labs/Lab_04/mse_demo/software/sobel_bsp/\libhal_bsp.a(alt_read.o)
                0x000000000000e94c                read
 .text          0x000000000000ea14       0x24 C:/Users/nicis/HESSO/MSc_ElE/TSM_EmbHardw/Labs/Lab_04/mse_demo/software/sobel_bsp/\libhal_bsp.a(alt_release_fd.o)
                0x000000000000ea14                alt_release_fd
 .text          0x000000000000ea38       0x4c C:/Users/nicis/HESSO/MSc_ElE/TSM_EmbHardw/Labs/Lab_04/mse_demo/software/sobel_bsp/\libhal_bsp.a(alt_sbrk.o)
                0x000000000000ea38                sbrk
 .text          0x000000000000ea84       0x10 C:/Users/nicis/HESSO/MSc_ElE/TSM_EmbHardw/Labs/Lab_04/mse_demo/software/sobel_bsp/\libhal_bsp.a(alt_uncached_free.o)
                0x000000000000ea84                alt_uncached_free
 .text          0x000000000000ea94       0x5c C:/Users/nicis/HESSO/MSc_ElE/TSM_EmbHardw/Labs/Lab_04/mse_demo/software/sobel_bsp/\libhal_bsp.a(alt_uncached_malloc.o)
                0x000000000000ea94                alt_uncached_malloc
 .text          0x000000000000eaf0        0x4 C:/Users/nicis/HESSO/MSc_ElE/TSM_EmbHardw/Labs/Lab_04/mse_demo/software/sobel_bsp/\libhal_bsp.a(alt_usleep.o)
                0x000000000000eaf0                usleep
 .text          0x000000000000eaf4       0xc4 C:/Users/nicis/HESSO/MSc_ElE/TSM_EmbHardw/Labs/Lab_04/mse_demo/software/sobel_bsp/\libhal_bsp.a(alt_write.o)
                0x000000000000eaf4                write
 .text          0x000000000000ebb8       0x8c C:/Users/nicis/HESSO/MSc_ElE/TSM_EmbHardw/Labs/Lab_04/mse_demo/software/sobel_bsp/\libhal_bsp.a(alt_sys_init.o)
                0x000000000000ebb8                alt_irq_init
                0x000000000000ebd8                alt_sys_init
 .text          0x000000000000ec44       0x3c C:/Users/nicis/HESSO/MSc_ElE/TSM_EmbHardw/Labs/Lab_04/mse_demo/software/sobel_bsp/\libhal_bsp.a(altera_avalon_jtag_uart_fd.o)
                0x000000000000ec44                altera_avalon_jtag_uart_read_fd
                0x000000000000ec54                altera_avalon_jtag_uart_write_fd
                0x000000000000ec64                altera_avalon_jtag_uart_close_fd
                0x000000000000ec74                altera_avalon_jtag_uart_ioctl_fd
 .text          0x000000000000ec80      0x218 C:/Users/nicis/HESSO/MSc_ElE/TSM_EmbHardw/Labs/Lab_04/mse_demo/software/sobel_bsp/\libhal_bsp.a(altera_avalon_jtag_uart_init.o)
                0x000000000000edd4                altera_avalon_jtag_uart_init
                0x000000000000ee4c                altera_avalon_jtag_uart_close
 .text          0x000000000000ee98       0x74 C:/Users/nicis/HESSO/MSc_ElE/TSM_EmbHardw/Labs/Lab_04/mse_demo/software/sobel_bsp/\libhal_bsp.a(altera_avalon_jtag_uart_ioctl.o)
                0x000000000000ee98                altera_avalon_jtag_uart_ioctl
 .text          0x000000000000ef0c      0x154 C:/Users/nicis/HESSO/MSc_ElE/TSM_EmbHardw/Labs/Lab_04/mse_demo/software/sobel_bsp/\libhal_bsp.a(altera_avalon_jtag_uart_read.o)
                0x000000000000ef0c                altera_avalon_jtag_uart_read
 .text          0x000000000000f060      0x1a0 C:/Users/nicis/HESSO/MSc_ElE/TSM_EmbHardw/Labs/Lab_04/mse_demo/software/sobel_bsp/\libhal_bsp.a(altera_avalon_jtag_uart_write.o)
                0x000000000000f060                altera_avalon_jtag_uart_write
 .text          0x000000000000f200       0x84 C:/Users/nicis/HESSO/MSc_ElE/TSM_EmbHardw/Labs/Lab_04/mse_demo/software/sobel_bsp/\libhal_bsp.a(altera_avalon_timer_sc.o)
                0x000000000000f23c                alt_avalon_timer_sc_init
 .text          0x000000000000f284       0x78 C:/Users/nicis/HESSO/MSc_ElE/TSM_EmbHardw/Labs/Lab_04/mse_demo/software/sobel_bsp/\libhal_bsp.a(altera_avalon_timer_ts.o)
                0x000000000000f284                alt_timestamp_start
                0x000000000000f2c0                alt_timestamp
                0x000000000000f2f4                alt_timestamp_freq
 .text          0x000000000000f2fc        0x0 C:/Users/nicis/HESSO/MSc_ElE/TSM_EmbHardw/Labs/Lab_04/mse_demo/software/sobel_bsp/\libhal_bsp.a(altera_avalon_timer_vars.o)
 .text          0x000000000000f2fc       0x80 C:/Users/nicis/HESSO/MSc_ElE/TSM_EmbHardw/Labs/Lab_04/mse_demo/software/sobel_bsp/\libhal_bsp.a(alt_alarm_start.o)
                0x000000000000f2fc                alt_alarm_start
 .text          0x000000000000f37c       0x78 C:/Users/nicis/HESSO/MSc_ElE/TSM_EmbHardw/Labs/Lab_04/mse_demo/software/sobel_bsp/\libhal_bsp.a(alt_busy_sleep.o)
                0x000000000000f37c                alt_busy_sleep
 .text          0x000000000000f3f4       0x40 C:/Users/nicis/HESSO/MSc_ElE/TSM_EmbHardw/Labs/Lab_04/mse_demo/software/sobel_bsp/\libhal_bsp.a(alt_dcache_flush.o)
                0x000000000000f3f4                alt_dcache_flush
 .text          0x000000000000f434       0x18 C:/Users/nicis/HESSO/MSc_ElE/TSM_EmbHardw/Labs/Lab_04/mse_demo/software/sobel_bsp/\libhal_bsp.a(alt_dcache_flush_all.o)
                0x000000000000f434                alt_dcache_flush_all
 .text          0x000000000000f44c       0x6c C:/Users/nicis/HESSO/MSc_ElE/TSM_EmbHardw/Labs/Lab_04/mse_demo/software/sobel_bsp/\libhal_bsp.a(alt_dev_llist_insert.o)
                0x000000000000f44c                alt_dev_llist_insert
 .text          0x000000000000f4b8       0x64 C:/Users/nicis/HESSO/MSc_ElE/TSM_EmbHardw/Labs/Lab_04/mse_demo/software/sobel_bsp/\libhal_bsp.a(alt_do_ctors.o)
                0x000000000000f4b8                _do_ctors
 .text          0x000000000000f51c       0x64 C:/Users/nicis/HESSO/MSc_ElE/TSM_EmbHardw/Labs/Lab_04/mse_demo/software/sobel_bsp/\libhal_bsp.a(alt_do_dtors.o)
                0x000000000000f51c                _do_dtors
 .text          0x000000000000f580        0xc C:/Users/nicis/HESSO/MSc_ElE/TSM_EmbHardw/Labs/Lab_04/mse_demo/software/sobel_bsp/\libhal_bsp.a(alt_icache_flush_all.o)
                0x000000000000f580                alt_icache_flush_all
 .text          0x000000000000f58c       0x8c C:/Users/nicis/HESSO/MSc_ElE/TSM_EmbHardw/Labs/Lab_04/mse_demo/software/sobel_bsp/\libhal_bsp.a(alt_iic.o)
                0x000000000000f58c                alt_ic_isr_register
                0x000000000000f590                alt_ic_irq_enable
                0x000000000000f5c8                alt_ic_irq_disable
                0x000000000000f600                alt_ic_irq_enabled
 .text          0x000000000000f618       0x68 C:/Users/nicis/HESSO/MSc_ElE/TSM_EmbHardw/Labs/Lab_04/mse_demo/software/sobel_bsp/\libhal_bsp.a(alt_iic_isr_register.o)
                0x000000000000f618                alt_iic_isr_register
 .text          0x000000000000f680      0x104 C:/Users/nicis/HESSO/MSc_ElE/TSM_EmbHardw/Labs/Lab_04/mse_demo/software/sobel_bsp/\libhal_bsp.a(alt_io_redirect.o)
                0x000000000000f680                alt_io_redirect
 .text          0x000000000000f784        0x0 C:/Users/nicis/HESSO/MSc_ElE/TSM_EmbHardw/Labs/Lab_04/mse_demo/software/sobel_bsp/\libhal_bsp.a(alt_irq_entry.o)
 .text          0x000000000000f784        0x0 C:/Users/nicis/HESSO/MSc_ElE/TSM_EmbHardw/Labs/Lab_04/mse_demo/software/sobel_bsp/\libhal_bsp.a(alt_irq_handler.o)
 .text          0x000000000000f784        0x0 C:/Users/nicis/HESSO/MSc_ElE/TSM_EmbHardw/Labs/Lab_04/mse_demo/software/sobel_bsp/\libhal_bsp.a(alt_irq_vars.o)
 .text          0x000000000000f784      0x178 C:/Users/nicis/HESSO/MSc_ElE/TSM_EmbHardw/Labs/Lab_04/mse_demo/software/sobel_bsp/\libhal_bsp.a(alt_open.o)
                0x000000000000f784                open
 .text          0x000000000000f8fc      0x128 C:/Users/nicis/HESSO/MSc_ElE/TSM_EmbHardw/Labs/Lab_04/mse_demo/software/sobel_bsp/\libhal_bsp.a(alt_tick.o)
                0x000000000000f8fc                alt_alarm_stop
                0x000000000000f930                alt_tick
 .text          0x000000000000fa24        0x8 C:/Users/nicis/HESSO/MSc_ElE/TSM_EmbHardw/Labs/Lab_04/mse_demo/software/sobel_bsp/\libhal_bsp.a(altera_nios2_gen2_irq.o)
                0x000000000000fa24                altera_nios2_gen2_irq_init
 .text          0x000000000000fa2c        0x0 C:/Users/nicis/HESSO/MSc_ElE/TSM_EmbHardw/Labs/Lab_04/mse_demo/software/sobel_bsp/\libhal_bsp.a(alt_exception_entry.o)
 .text          0x000000000000fa2c       0x78 C:/Users/nicis/HESSO/MSc_ElE/TSM_EmbHardw/Labs/Lab_04/mse_demo/software/sobel_bsp/\libhal_bsp.a(alt_find_dev.o)
                0x000000000000fa2c                alt_find_dev
 .text          0x000000000000faa4       0xac C:/Users/nicis/HESSO/MSc_ElE/TSM_EmbHardw/Labs/Lab_04/mse_demo/software/sobel_bsp/\libhal_bsp.a(alt_find_file.o)
                0x000000000000faa4                alt_find_file
 .text          0x000000000000fb50       0x50 C:/Users/nicis/HESSO/MSc_ElE/TSM_EmbHardw/Labs/Lab_04/mse_demo/software/sobel_bsp/\libhal_bsp.a(alt_get_fd.o)
                0x000000000000fb50                alt_get_fd
 .text          0x000000000000fba0       0x50 C:/Users/nicis/HESSO/MSc_ElE/TSM_EmbHardw/Labs/Lab_04/mse_demo/software/sobel_bsp/\libhal_bsp.a(alt_icache_flush.o)
                0x000000000000fba0                alt_icache_flush
 .text          0x000000000000fbf0       0x74 C:/Users/nicis/HESSO/MSc_ElE/TSM_EmbHardw/Labs/Lab_04/mse_demo/software/sobel_bsp/\libhal_bsp.a(alt_instruction_exception_entry.o)
                0x000000000000fbf0                alt_exception_cause_generated_bad_addr
 .text          0x000000000000fc64        0x0 c:/intelfpga_lite/18.1/nios2eds/bin/gnu/h-x86_64-mingw32/bin/../lib/gcc/nios2-elf/5.3.0/../../../../../H-x86_64-mingw32/nios2-elf/lib\libc.a(lib_a-atexit.o)
 .text.atexit   0x000000000000fc64       0x14 c:/intelfpga_lite/18.1/nios2eds/bin/gnu/h-x86_64-mingw32/bin/../lib/gcc/nios2-elf/5.3.0/../../../../../H-x86_64-mingw32/nios2-elf/lib\libc.a(lib_a-atexit.o)
                0x000000000000fc64                atexit
 .text          0x000000000000fc78        0x0 c:/intelfpga_lite/18.1/nios2eds/bin/gnu/h-x86_64-mingw32/bin/../lib/gcc/nios2-elf/5.3.0/../../../../../H-x86_64-mingw32/nios2-elf/lib\libc.a(lib_a-exit.o)
 .text.exit     0x000000000000fc78       0x38 c:/intelfpga_lite/18.1/nios2eds/bin/gnu/h-x86_64-mingw32/bin/../lib/gcc/nios2-elf/5.3.0/../../../../../H-x86_64-mingw32/nios2-elf/lib\libc.a(lib_a-exit.o)
                0x000000000000fc78                exit
 .text          0x000000000000fcb0        0x0 c:/intelfpga_lite/18.1/nios2eds/bin/gnu/h-x86_64-mingw32/bin/../lib/gcc/nios2-elf/5.3.0/../../../../../H-x86_64-mingw32/nios2-elf/lib\libc.a(lib_a-malign.o)
 .text.memalign
                0x000000000000fcb0       0x18 c:/intelfpga_lite/18.1/nios2eds/bin/gnu/h-x86_64-mingw32/bin/../lib/gcc/nios2-elf/5.3.0/../../../../../H-x86_64-mingw32/nios2-elf/lib\libc.a(lib_a-malign.o)
                0x000000000000fcb0                memalign
 .text          0x000000000000fcc8        0x0 c:/intelfpga_lite/18.1/nios2eds/bin/gnu/h-x86_64-mingw32/bin/../lib/gcc/nios2-elf/5.3.0/../../../../../H-x86_64-mingw32/nios2-elf/lib\libc.a(lib_a-malignr.o)
 .text._memalign_r
                0x000000000000fcc8      0x198 c:/intelfpga_lite/18.1/nios2eds/bin/gnu/h-x86_64-mingw32/bin/../lib/gcc/nios2-elf/5.3.0/../../../../../H-x86_64-mingw32/nios2-elf/lib\libc.a(lib_a-malignr.o)
                0x000000000000fcc8                _memalign_r
 .text          0x000000000000fe60        0x0 c:/intelfpga_lite/18.1/nios2eds/bin/gnu/h-x86_64-mingw32/bin/../lib/gcc/nios2-elf/5.3.0/../../../../../H-x86_64-mingw32/nios2-elf/lib\libc.a(lib_a-memcmp.o)
 .text.memcmp   0x000000000000fe60       0x7c c:/intelfpga_lite/18.1/nios2eds/bin/gnu/h-x86_64-mingw32/bin/../lib/gcc/nios2-elf/5.3.0/../../../../../H-x86_64-mingw32/nios2-elf/lib\libc.a(lib_a-memcmp.o)
                0x000000000000fe60                memcmp
 .text          0x000000000000fedc        0x0 c:/intelfpga_lite/18.1/nios2eds/bin/gnu/h-x86_64-mingw32/bin/../lib/gcc/nios2-elf/5.3.0/../../../../../H-x86_64-mingw32/nios2-elf/lib\libc.a(lib_a-__atexit.o)
 .text.__register_exitproc
                0x000000000000fedc      0x118 c:/intelfpga_lite/18.1/nios2eds/bin/gnu/h-x86_64-mingw32/bin/../lib/gcc/nios2-elf/5.3.0/../../../../../H-x86_64-mingw32/nios2-elf/lib\libc.a(lib_a-__atexit.o)
                0x000000000000fedc                __register_exitproc
 .text          0x000000000000fff4        0x0 c:/intelfpga_lite/18.1/nios2eds/bin/gnu/h-x86_64-mingw32/bin/../lib/gcc/nios2-elf/5.3.0/../../../../../H-x86_64-mingw32/nios2-elf/lib\libc.a(lib_a-__call_atexit.o)
 .text.__call_exitprocs
                0x000000000000fff4      0x180 c:/intelfpga_lite/18.1/nios2eds/bin/gnu/h-x86_64-mingw32/bin/../lib/gcc/nios2-elf/5.3.0/../../../../../H-x86_64-mingw32/nios2-elf/lib\libc.a(lib_a-__call_atexit.o)
                0x000000000000fff4                __call_exitprocs
 .text          0x0000000000010174       0x14 C:/Users/nicis/HESSO/MSc_ElE/TSM_EmbHardw/Labs/Lab_04/mse_demo/software/sobel_bsp/\libhal_bsp.a(alt_exit.o)
                0x0000000000010174                _exit
 *(.gnu.warning.*)
 *(.fini)
                [!provide]                        PROVIDE (__etext, ABSOLUTE (.))
                [!provide]                        PROVIDE (_etext, ABSOLUTE (.))
                [!provide]                        PROVIDE (etext, ABSOLUTE (.))
 *(.eh_frame_hdr)
                0x0000000000010188                . = ALIGN (0x4)
                [!provide]                        PROVIDE (__preinit_array_start, ABSOLUTE (.))
 *(.preinit_array)
                [!provide]                        PROVIDE (__preinit_array_end, ABSOLUTE (.))
                [!provide]                        PROVIDE (__init_array_start, ABSOLUTE (.))
 *(.init_array)
                [!provide]                        PROVIDE (__init_array_end, ABSOLUTE (.))
                [!provide]                        PROVIDE (__fini_array_start, ABSOLUTE (.))
 *(.fini_array)
                [!provide]                        PROVIDE (__fini_array_end, ABSOLUTE (.))
 *(.eh_frame)
 *(.gcc_except_table .gcc_except_table.*)
 *(.dynamic)
                0x0000000000010188                PROVIDE (__CTOR_LIST__, ABSOLUTE (.))
 *(.ctors)
 *(SORT(.ctors.*))
                0x0000000000010188                PROVIDE (__CTOR_END__, ABSOLUTE (.))
                0x0000000000010188                PROVIDE (__DTOR_LIST__, ABSOLUTE (.))
 *(.dtors)
 *(SORT(.dtors.*))
                0x0000000000010188                PROVIDE (__DTOR_END__, ABSOLUTE (.))
 *(.jcr)
                0x0000000000010188                . = ALIGN (0x4)

.rodata         0x0000000000010188      0x788
                0x0000000000010188                PROVIDE (__ram_rodata_start, ABSOLUTE (.))
                0x0000000000010188                . = ALIGN (0x4)
 *(.rodata .rodata.* .gnu.linkonce.r.*)
 .rodata.str1.4
                0x0000000000010188       0x60 obj/default/camera.o
 .rodata        0x00000000000101e8      0x380 obj/default/camera.o
                0x00000000000101e8                lens_roll_off_tbl
                0x0000000000010310                noise_reduction_reg_settings_array
                0x0000000000010450                preview_snapshot_mode_reg_settings_array
 .rodata.str1.4
                0x0000000000010568       0x47 obj/default/i2c.o
 *fill*         0x00000000000105af        0x1 
 .rodata.str1.4
                0x00000000000105b0       0x63 obj/default/main.o
 .rodata        0x0000000000010613       0x12 obj/default/sobel.o
                0x0000000000010613                gy_array
                0x000000000001061c                gx_array
 *fill*         0x0000000000010625        0x3 
 .rodata.str1.4
                0x0000000000010628        0x2 c:/intelfpga_lite/18.1/nios2eds/bin/gnu/h-x86_64-mingw32/bin/../lib/gcc/nios2-elf/5.3.0/../../../../../H-x86_64-mingw32/nios2-elf/lib\libc.a(lib_a-puts.o)
 *fill*         0x000000000001062a        0x2 
 .rodata.str1.4
                0x000000000001062c       0x42 c:/intelfpga_lite/18.1/nios2eds/bin/gnu/h-x86_64-mingw32/bin/../lib/gcc/nios2-elf/5.3.0/../../../../../H-x86_64-mingw32/nios2-elf/lib\libc.a(lib_a-vfprintf.o)
 .rodata.zeroes.4404
                0x000000000001066e       0x10 c:/intelfpga_lite/18.1/nios2eds/bin/gnu/h-x86_64-mingw32/bin/../lib/gcc/nios2-elf/5.3.0/../../../../../H-x86_64-mingw32/nios2-elf/lib\libc.a(lib_a-vfprintf.o)
 .rodata.blanks.4403
                0x000000000001067e       0x10 c:/intelfpga_lite/18.1/nios2eds/bin/gnu/h-x86_64-mingw32/bin/../lib/gcc/nios2-elf/5.3.0/../../../../../H-x86_64-mingw32/nios2-elf/lib\libc.a(lib_a-vfprintf.o)
 *fill*         0x000000000001068e        0x2 
 .rodata.str1.4
                0x0000000000010690       0x10 c:/intelfpga_lite/18.1/nios2eds/bin/gnu/h-x86_64-mingw32/bin/../lib/gcc/nios2-elf/5.3.0/../../../../../H-x86_64-mingw32/nios2-elf/lib\libc.a(lib_a-dtoa.o)
                                         0x12 (size before relaxing)
 .rodata.str1.4
                0x00000000000106a0        0x2 c:/intelfpga_lite/18.1/nios2eds/bin/gnu/h-x86_64-mingw32/bin/../lib/gcc/nios2-elf/5.3.0/../../../../../H-x86_64-mingw32/nios2-elf/lib\libc.a(lib_a-impure.o)
 *fill*         0x00000000000106a2        0x2 
 .rodata.str1.4
                0x00000000000106a4        0xa c:/intelfpga_lite/18.1/nios2eds/bin/gnu/h-x86_64-mingw32/bin/../lib/gcc/nios2-elf/5.3.0/../../../../../H-x86_64-mingw32/nios2-elf/lib\libc.a(lib_a-locale.o)
                                         0x12 (size before relaxing)
 *fill*         0x00000000000106ae        0x2 
 .rodata.p05.2768
                0x00000000000106b0        0xc c:/intelfpga_lite/18.1/nios2eds/bin/gnu/h-x86_64-mingw32/bin/../lib/gcc/nios2-elf/5.3.0/../../../../../H-x86_64-mingw32/nios2-elf/lib\libc.a(lib_a-mprec.o)
 .rodata.__mprec_tinytens
                0x00000000000106bc       0x28 c:/intelfpga_lite/18.1/nios2eds/bin/gnu/h-x86_64-mingw32/bin/../lib/gcc/nios2-elf/5.3.0/../../../../../H-x86_64-mingw32/nios2-elf/lib\libc.a(lib_a-mprec.o)
                0x00000000000106bc                __mprec_tinytens
 .rodata.__mprec_bigtens
                0x00000000000106e4       0x28 c:/intelfpga_lite/18.1/nios2eds/bin/gnu/h-x86_64-mingw32/bin/../lib/gcc/nios2-elf/5.3.0/../../../../../H-x86_64-mingw32/nios2-elf/lib\libc.a(lib_a-mprec.o)
                0x00000000000106e4                __mprec_bigtens
 .rodata.__mprec_tens
                0x000000000001070c       0xc8 c:/intelfpga_lite/18.1/nios2eds/bin/gnu/h-x86_64-mingw32/bin/../lib/gcc/nios2-elf/5.3.0/../../../../../H-x86_64-mingw32/nios2-elf/lib\libc.a(lib_a-mprec.o)
                0x000000000001070c                __mprec_tens
 .rodata.str1.4
                0x00000000000107d4       0x2f c:/intelfpga_lite/18.1/nios2eds/bin/gnu/h-x86_64-mingw32/bin/../lib/gcc/nios2-elf/5.3.0/../../../../../H-x86_64-mingw32/nios2-elf/lib\libc.a(lib_a-vfiprintf.o)
 .rodata.zeroes.4349
                0x00000000000107d4       0x10 c:/intelfpga_lite/18.1/nios2eds/bin/gnu/h-x86_64-mingw32/bin/../lib/gcc/nios2-elf/5.3.0/../../../../../H-x86_64-mingw32/nios2-elf/lib\libc.a(lib_a-vfiprintf.o)
 .rodata.blanks.4348
                0x00000000000107e4       0x10 c:/intelfpga_lite/18.1/nios2eds/bin/gnu/h-x86_64-mingw32/bin/../lib/gcc/nios2-elf/5.3.0/../../../../../H-x86_64-mingw32/nios2-elf/lib\libc.a(lib_a-vfiprintf.o)
 .rodata        0x00000000000107f4      0x100 c:/intelfpga_lite/18.1/nios2eds/bin/gnu/h-x86_64-mingw32/bin/../lib/gcc/nios2-elf/5.3.0\libgcc.a(_clz.o)
                0x00000000000107f4                __clz_tab
 .rodata.str1.4
                0x00000000000108f4        0xa C:/Users/nicis/HESSO/MSc_ElE/TSM_EmbHardw/Labs/Lab_04/mse_demo/software/sobel_bsp/\libhal_bsp.a(alt_dev.o)
 *fill*         0x00000000000108fe        0x2 
 .rodata.str1.4
                0x0000000000010900       0x10 C:/Users/nicis/HESSO/MSc_ElE/TSM_EmbHardw/Labs/Lab_04/mse_demo/software/sobel_bsp/\libhal_bsp.a(alt_main.o)
                                          0xf (size before relaxing)
 .rodata.str1.4
                0x0000000000010910        0xf C:/Users/nicis/HESSO/MSc_ElE/TSM_EmbHardw/Labs/Lab_04/mse_demo/software/sobel_bsp/\libhal_bsp.a(alt_sys_init.o)
 *(.rodata1)
                0x0000000000010920                . = ALIGN (0x4)
                0x0000000000010920                PROVIDE (__ram_rodata_end, ABSOLUTE (.))
                0x0000000000010188                PROVIDE (__flash_rodata_start, LOADADDR (.rodata))

.rwdata         0x0000000000010910     0x1af4 load address 0x0000000000012404
                0x0000000000010910                PROVIDE (__ram_rwdata_start, ABSOLUTE (.))
                0x0000000000010910                . = ALIGN (0x4)
 *(.got.plt)
 *(.got)
 *(.data1)
 *(.data .data.* .gnu.linkonce.d.*)
 .data          0x0000000000010910        0x0 C:/Users/nicis/HESSO/MSc_ElE/TSM_EmbHardw/Labs/Lab_04/mse_demo/software/sobel_bsp//obj/HAL/src/crt0.o
 .data          0x0000000000010910        0x0 obj/default/camera.o
 .data          0x0000000000010910        0x0 obj/default/dipswitch.o
 .data          0x0000000000010910        0x0 obj/default/grayscale.o
 .data          0x0000000000010910        0x0 obj/default/i2c.o
 .data          0x0000000000010910        0x0 obj/default/lcd_simple.o
 .data          0x0000000000010910        0x0 obj/default/main.o
 .data          0x0000000000010910        0x0 obj/default/sobel.o
 .data          0x0000000000010910        0x0 obj/default/vga.o
 .data          0x0000000000010910        0x0 c:/intelfpga_lite/18.1/nios2eds/bin/gnu/h-x86_64-mingw32/bin/../lib/gcc/nios2-elf/5.3.0/../../../../../H-x86_64-mingw32/nios2-elf/lib\libc.a(lib_a-malloc.o)
 .data          0x0000000000010910        0x0 c:/intelfpga_lite/18.1/nios2eds/bin/gnu/h-x86_64-mingw32/bin/../lib/gcc/nios2-elf/5.3.0/../../../../../H-x86_64-mingw32/nios2-elf/lib\libc.a(lib_a-mallocr.o)
 .data.__malloc_av_
                0x0000000000010910      0x408 c:/intelfpga_lite/18.1/nios2eds/bin/gnu/h-x86_64-mingw32/bin/../lib/gcc/nios2-elf/5.3.0/../../../../../H-x86_64-mingw32/nios2-elf/lib\libc.a(lib_a-mallocr.o)
                0x0000000000010910                __malloc_av_
 .data          0x0000000000010d18        0x0 c:/intelfpga_lite/18.1/nios2eds/bin/gnu/h-x86_64-mingw32/bin/../lib/gcc/nios2-elf/5.3.0/../../../../../H-x86_64-mingw32/nios2-elf/lib\libc.a(lib_a-printf.o)
 .data          0x0000000000010d18        0x0 c:/intelfpga_lite/18.1/nios2eds/bin/gnu/h-x86_64-mingw32/bin/../lib/gcc/nios2-elf/5.3.0/../../../../../H-x86_64-mingw32/nios2-elf/lib\libc.a(lib_a-puts.o)
 .data          0x0000000000010d18        0x0 c:/intelfpga_lite/18.1/nios2eds/bin/gnu/h-x86_64-mingw32/bin/../lib/gcc/nios2-elf/5.3.0/../../../../../H-x86_64-mingw32/nios2-elf/lib\libc.a(lib_a-sbrkr.o)
 .data          0x0000000000010d18        0x0 c:/intelfpga_lite/18.1/nios2eds/bin/gnu/h-x86_64-mingw32/bin/../lib/gcc/nios2-elf/5.3.0/../../../../../H-x86_64-mingw32/nios2-elf/lib\libc.a(lib_a-strlen.o)
 .data          0x0000000000010d18        0x0 c:/intelfpga_lite/18.1/nios2eds/bin/gnu/h-x86_64-mingw32/bin/../lib/gcc/nios2-elf/5.3.0/../../../../../H-x86_64-mingw32/nios2-elf/lib\libc.a(lib_a-vfprintf.o)
 .data          0x0000000000010d18        0x0 c:/intelfpga_lite/18.1/nios2eds/bin/gnu/h-x86_64-mingw32/bin/../lib/gcc/nios2-elf/5.3.0/../../../../../H-x86_64-mingw32/nios2-elf/lib\libc.a(lib_a-wsetup.o)
 .data          0x0000000000010d18        0x0 c:/intelfpga_lite/18.1/nios2eds/bin/gnu/h-x86_64-mingw32/bin/../lib/gcc/nios2-elf/5.3.0/../../../../../H-x86_64-mingw32/nios2-elf/lib\libc.a(lib_a-dtoa.o)
 .data          0x0000000000010d18        0x0 c:/intelfpga_lite/18.1/nios2eds/bin/gnu/h-x86_64-mingw32/bin/../lib/gcc/nios2-elf/5.3.0/../../../../../H-x86_64-mingw32/nios2-elf/lib\libc.a(lib_a-fflush.o)
 .data          0x0000000000010d18        0x0 c:/intelfpga_lite/18.1/nios2eds/bin/gnu/h-x86_64-mingw32/bin/../lib/gcc/nios2-elf/5.3.0/../../../../../H-x86_64-mingw32/nios2-elf/lib\libc.a(lib_a-findfp.o)
 .data          0x0000000000010d18        0x0 c:/intelfpga_lite/18.1/nios2eds/bin/gnu/h-x86_64-mingw32/bin/../lib/gcc/nios2-elf/5.3.0/../../../../../H-x86_64-mingw32/nios2-elf/lib\libc.a(lib_a-freer.o)
 .data          0x0000000000010d18        0x0 c:/intelfpga_lite/18.1/nios2eds/bin/gnu/h-x86_64-mingw32/bin/../lib/gcc/nios2-elf/5.3.0/../../../../../H-x86_64-mingw32/nios2-elf/lib\libc.a(lib_a-fvwrite.o)
 .data          0x0000000000010d18        0x0 c:/intelfpga_lite/18.1/nios2eds/bin/gnu/h-x86_64-mingw32/bin/../lib/gcc/nios2-elf/5.3.0/../../../../../H-x86_64-mingw32/nios2-elf/lib\libc.a(lib_a-fwalk.o)
 .data          0x0000000000010d18        0x0 c:/intelfpga_lite/18.1/nios2eds/bin/gnu/h-x86_64-mingw32/bin/../lib/gcc/nios2-elf/5.3.0/../../../../../H-x86_64-mingw32/nios2-elf/lib\libc.a(lib_a-impure.o)
 .data.impure_data
                0x0000000000010d18      0x424 c:/intelfpga_lite/18.1/nios2eds/bin/gnu/h-x86_64-mingw32/bin/../lib/gcc/nios2-elf/5.3.0/../../../../../H-x86_64-mingw32/nios2-elf/lib\libc.a(lib_a-impure.o)
 .data          0x000000000001113c        0x0 c:/intelfpga_lite/18.1/nios2eds/bin/gnu/h-x86_64-mingw32/bin/../lib/gcc/nios2-elf/5.3.0/../../../../../H-x86_64-mingw32/nios2-elf/lib\libc.a(lib_a-int_errno.o)
 .data          0x000000000001113c        0x0 c:/intelfpga_lite/18.1/nios2eds/bin/gnu/h-x86_64-mingw32/bin/../lib/gcc/nios2-elf/5.3.0/../../../../../H-x86_64-mingw32/nios2-elf/lib\libc.a(lib_a-locale.o)
 .data.lc_message_charset
                0x000000000001113c       0x20 c:/intelfpga_lite/18.1/nios2eds/bin/gnu/h-x86_64-mingw32/bin/../lib/gcc/nios2-elf/5.3.0/../../../../../H-x86_64-mingw32/nios2-elf/lib\libc.a(lib_a-locale.o)
 .data.lc_ctype_charset
                0x000000000001115c       0x20 c:/intelfpga_lite/18.1/nios2eds/bin/gnu/h-x86_64-mingw32/bin/../lib/gcc/nios2-elf/5.3.0/../../../../../H-x86_64-mingw32/nios2-elf/lib\libc.a(lib_a-locale.o)
 .data.lconv    0x000000000001117c       0x38 c:/intelfpga_lite/18.1/nios2eds/bin/gnu/h-x86_64-mingw32/bin/../lib/gcc/nios2-elf/5.3.0/../../../../../H-x86_64-mingw32/nios2-elf/lib\libc.a(lib_a-locale.o)
 .data          0x00000000000111b4        0x0 c:/intelfpga_lite/18.1/nios2eds/bin/gnu/h-x86_64-mingw32/bin/../lib/gcc/nios2-elf/5.3.0/../../../../../H-x86_64-mingw32/nios2-elf/lib\libc.a(lib_a-makebuf.o)
 .data          0x00000000000111b4        0x0 c:/intelfpga_lite/18.1/nios2eds/bin/gnu/h-x86_64-mingw32/bin/../lib/gcc/nios2-elf/5.3.0/../../../../../H-x86_64-mingw32/nios2-elf/lib\libc.a(lib_a-memchr.o)
 .data          0x00000000000111b4        0x0 c:/intelfpga_lite/18.1/nios2eds/bin/gnu/h-x86_64-mingw32/bin/../lib/gcc/nios2-elf/5.3.0/../../../../../H-x86_64-mingw32/nios2-elf/lib\libc.a(lib_a-memcpy.o)
 .data          0x00000000000111b4        0x0 c:/intelfpga_lite/18.1/nios2eds/bin/gnu/h-x86_64-mingw32/bin/../lib/gcc/nios2-elf/5.3.0/../../../../../H-x86_64-mingw32/nios2-elf/lib\libc.a(lib_a-memmove.o)
 .data          0x00000000000111b4        0x0 c:/intelfpga_lite/18.1/nios2eds/bin/gnu/h-x86_64-mingw32/bin/../lib/gcc/nios2-elf/5.3.0/../../../../../H-x86_64-mingw32/nios2-elf/lib\libc.a(lib_a-memset.o)
 .data          0x00000000000111b4        0x0 c:/intelfpga_lite/18.1/nios2eds/bin/gnu/h-x86_64-mingw32/bin/../lib/gcc/nios2-elf/5.3.0/../../../../../H-x86_64-mingw32/nios2-elf/lib\libc.a(lib_a-mprec.o)
 .data          0x00000000000111b4        0x0 c:/intelfpga_lite/18.1/nios2eds/bin/gnu/h-x86_64-mingw32/bin/../lib/gcc/nios2-elf/5.3.0/../../../../../H-x86_64-mingw32/nios2-elf/lib\libc.a(lib_a-reallocr.o)
 .data          0x00000000000111b4        0x0 c:/intelfpga_lite/18.1/nios2eds/bin/gnu/h-x86_64-mingw32/bin/../lib/gcc/nios2-elf/5.3.0/../../../../../H-x86_64-mingw32/nios2-elf/lib\libc.a(lib_a-s_fpclassify.o)
 .data          0x00000000000111b4        0x0 c:/intelfpga_lite/18.1/nios2eds/bin/gnu/h-x86_64-mingw32/bin/../lib/gcc/nios2-elf/5.3.0/../../../../../H-x86_64-mingw32/nios2-elf/lib\libc.a(lib_a-stdio.o)
 .data          0x00000000000111b4        0x0 c:/intelfpga_lite/18.1/nios2eds/bin/gnu/h-x86_64-mingw32/bin/../lib/gcc/nios2-elf/5.3.0/../../../../../H-x86_64-mingw32/nios2-elf/lib\libc.a(lib_a-strcmp.o)
 .data          0x00000000000111b4        0x0 c:/intelfpga_lite/18.1/nios2eds/bin/gnu/h-x86_64-mingw32/bin/../lib/gcc/nios2-elf/5.3.0/../../../../../H-x86_64-mingw32/nios2-elf/lib\libc.a(lib_a-vfiprintf.o)
 .data          0x00000000000111b4        0x0 c:/intelfpga_lite/18.1/nios2eds/bin/gnu/h-x86_64-mingw32/bin/../lib/gcc/nios2-elf/5.3.0/../../../../../H-x86_64-mingw32/nios2-elf/lib\libc.a(lib_a-writer.o)
 .data          0x00000000000111b4        0x0 c:/intelfpga_lite/18.1/nios2eds/bin/gnu/h-x86_64-mingw32/bin/../lib/gcc/nios2-elf/5.3.0/../../../../../H-x86_64-mingw32/nios2-elf/lib\libc.a(closer.o)
 .data          0x00000000000111b4        0x0 c:/intelfpga_lite/18.1/nios2eds/bin/gnu/h-x86_64-mingw32/bin/../lib/gcc/nios2-elf/5.3.0/../../../../../H-x86_64-mingw32/nios2-elf/lib\libc.a(lib_a-callocr.o)
 .data          0x00000000000111b4        0x0 c:/intelfpga_lite/18.1/nios2eds/bin/gnu/h-x86_64-mingw32/bin/../lib/gcc/nios2-elf/5.3.0/../../../../../H-x86_64-mingw32/nios2-elf/lib\libc.a(lib_a-fclose.o)
 .data          0x00000000000111b4        0x0 c:/intelfpga_lite/18.1/nios2eds/bin/gnu/h-x86_64-mingw32/bin/../lib/gcc/nios2-elf/5.3.0/../../../../../H-x86_64-mingw32/nios2-elf/lib\libc.a(lib_a-fputwc.o)
 .data          0x00000000000111b4        0x0 c:/intelfpga_lite/18.1/nios2eds/bin/gnu/h-x86_64-mingw32/bin/../lib/gcc/nios2-elf/5.3.0/../../../../../H-x86_64-mingw32/nios2-elf/lib\libc.a(lib_a-fstatr.o)
 .data          0x00000000000111b4        0x0 c:/intelfpga_lite/18.1/nios2eds/bin/gnu/h-x86_64-mingw32/bin/../lib/gcc/nios2-elf/5.3.0/../../../../../H-x86_64-mingw32/nios2-elf/lib\libc.a(lib_a-isattyr.o)
 .data          0x00000000000111b4        0x0 c:/intelfpga_lite/18.1/nios2eds/bin/gnu/h-x86_64-mingw32/bin/../lib/gcc/nios2-elf/5.3.0/../../../../../H-x86_64-mingw32/nios2-elf/lib\libc.a(lib_a-lseekr.o)
 .data          0x00000000000111b4        0x0 c:/intelfpga_lite/18.1/nios2eds/bin/gnu/h-x86_64-mingw32/bin/../lib/gcc/nios2-elf/5.3.0/../../../../../H-x86_64-mingw32/nios2-elf/lib\libc.a(lib_a-readr.o)
 .data          0x00000000000111b4        0x0 c:/intelfpga_lite/18.1/nios2eds/bin/gnu/h-x86_64-mingw32/bin/../lib/gcc/nios2-elf/5.3.0/../../../../../H-x86_64-mingw32/nios2-elf/lib\libc.a(lib_a-wbuf.o)
 .data          0x00000000000111b4        0x0 c:/intelfpga_lite/18.1/nios2eds/bin/gnu/h-x86_64-mingw32/bin/../lib/gcc/nios2-elf/5.3.0/../../../../../H-x86_64-mingw32/nios2-elf/lib\libc.a(lib_a-wcrtomb.o)
 .data          0x00000000000111b4        0x0 c:/intelfpga_lite/18.1/nios2eds/bin/gnu/h-x86_64-mingw32/bin/../lib/gcc/nios2-elf/5.3.0/../../../../../H-x86_64-mingw32/nios2-elf/lib\libc.a(lib_a-wctomb_r.o)
 .data          0x00000000000111b4        0x0 c:/intelfpga_lite/18.1/nios2eds/bin/gnu/h-x86_64-mingw32/bin/../lib/gcc/nios2-elf/5.3.0\libgcc.a(_udivdi3.o)
 .data          0x00000000000111b4        0x0 c:/intelfpga_lite/18.1/nios2eds/bin/gnu/h-x86_64-mingw32/bin/../lib/gcc/nios2-elf/5.3.0\libgcc.a(_umoddi3.o)
 .data          0x00000000000111b4        0x0 c:/intelfpga_lite/18.1/nios2eds/bin/gnu/h-x86_64-mingw32/bin/../lib/gcc/nios2-elf/5.3.0\libgcc.a(lib2-divmod.o)
 .data          0x00000000000111b4        0x0 c:/intelfpga_lite/18.1/nios2eds/bin/gnu/h-x86_64-mingw32/bin/../lib/gcc/nios2-elf/5.3.0\libgcc.a(adddf3.o)
 .data          0x00000000000111b4        0x0 c:/intelfpga_lite/18.1/nios2eds/bin/gnu/h-x86_64-mingw32/bin/../lib/gcc/nios2-elf/5.3.0\libgcc.a(divdf3.o)
 .data          0x00000000000111b4        0x0 c:/intelfpga_lite/18.1/nios2eds/bin/gnu/h-x86_64-mingw32/bin/../lib/gcc/nios2-elf/5.3.0\libgcc.a(eqdf2.o)
 .data          0x00000000000111b4        0x0 c:/intelfpga_lite/18.1/nios2eds/bin/gnu/h-x86_64-mingw32/bin/../lib/gcc/nios2-elf/5.3.0\libgcc.a(gedf2.o)
 .data          0x00000000000111b4        0x0 c:/intelfpga_lite/18.1/nios2eds/bin/gnu/h-x86_64-mingw32/bin/../lib/gcc/nios2-elf/5.3.0\libgcc.a(ledf2.o)
 .data          0x00000000000111b4        0x0 c:/intelfpga_lite/18.1/nios2eds/bin/gnu/h-x86_64-mingw32/bin/../lib/gcc/nios2-elf/5.3.0\libgcc.a(muldf3.o)
 .data          0x00000000000111b4        0x0 c:/intelfpga_lite/18.1/nios2eds/bin/gnu/h-x86_64-mingw32/bin/../lib/gcc/nios2-elf/5.3.0\libgcc.a(subdf3.o)
 .data          0x00000000000111b4        0x0 c:/intelfpga_lite/18.1/nios2eds/bin/gnu/h-x86_64-mingw32/bin/../lib/gcc/nios2-elf/5.3.0\libgcc.a(fixdfsi.o)
 .data          0x00000000000111b4        0x0 c:/intelfpga_lite/18.1/nios2eds/bin/gnu/h-x86_64-mingw32/bin/../lib/gcc/nios2-elf/5.3.0\libgcc.a(floatsidf.o)
 .data          0x00000000000111b4        0x0 c:/intelfpga_lite/18.1/nios2eds/bin/gnu/h-x86_64-mingw32/bin/../lib/gcc/nios2-elf/5.3.0\libgcc.a(floatunsidf.o)
 .data          0x00000000000111b4        0x0 c:/intelfpga_lite/18.1/nios2eds/bin/gnu/h-x86_64-mingw32/bin/../lib/gcc/nios2-elf/5.3.0\libgcc.a(_clz.o)
 .data          0x00000000000111b4        0x0 c:/intelfpga_lite/18.1/nios2eds/bin/gnu/h-x86_64-mingw32/bin/../lib/gcc/nios2-elf/5.3.0\libgcc.a(_clzsi2.o)
 .data          0x00000000000111b4        0x0 C:/Users/nicis/HESSO/MSc_ElE/TSM_EmbHardw/Labs/Lab_04/mse_demo/software/sobel_bsp/\libhal_bsp.a(alt_close.o)
 .data          0x00000000000111b4      0x1a8 C:/Users/nicis/HESSO/MSc_ElE/TSM_EmbHardw/Labs/Lab_04/mse_demo/software/sobel_bsp/\libhal_bsp.a(alt_dev.o)
                0x00000000000111b4                alt_fd_list
                0x0000000000011334                alt_dev_null
 .data          0x000000000001135c        0x0 C:/Users/nicis/HESSO/MSc_ElE/TSM_EmbHardw/Labs/Lab_04/mse_demo/software/sobel_bsp/\libhal_bsp.a(alt_errno.o)
 .data          0x000000000001135c        0x0 C:/Users/nicis/HESSO/MSc_ElE/TSM_EmbHardw/Labs/Lab_04/mse_demo/software/sobel_bsp/\libhal_bsp.a(alt_fstat.o)
 .data          0x000000000001135c        0x0 C:/Users/nicis/HESSO/MSc_ElE/TSM_EmbHardw/Labs/Lab_04/mse_demo/software/sobel_bsp/\libhal_bsp.a(alt_isatty.o)
 .data          0x000000000001135c        0x0 C:/Users/nicis/HESSO/MSc_ElE/TSM_EmbHardw/Labs/Lab_04/mse_demo/software/sobel_bsp/\libhal_bsp.a(alt_load.o)
 .data          0x000000000001135c        0x0 C:/Users/nicis/HESSO/MSc_ElE/TSM_EmbHardw/Labs/Lab_04/mse_demo/software/sobel_bsp/\libhal_bsp.a(alt_lseek.o)
 .data          0x000000000001135c        0x0 C:/Users/nicis/HESSO/MSc_ElE/TSM_EmbHardw/Labs/Lab_04/mse_demo/software/sobel_bsp/\libhal_bsp.a(alt_main.o)
 .data          0x000000000001135c        0x0 C:/Users/nicis/HESSO/MSc_ElE/TSM_EmbHardw/Labs/Lab_04/mse_demo/software/sobel_bsp/\libhal_bsp.a(alt_malloc_lock.o)
 .data          0x000000000001135c        0x0 C:/Users/nicis/HESSO/MSc_ElE/TSM_EmbHardw/Labs/Lab_04/mse_demo/software/sobel_bsp/\libhal_bsp.a(alt_read.o)
 .data          0x000000000001135c        0x0 C:/Users/nicis/HESSO/MSc_ElE/TSM_EmbHardw/Labs/Lab_04/mse_demo/software/sobel_bsp/\libhal_bsp.a(alt_release_fd.o)
 .data          0x000000000001135c        0x0 C:/Users/nicis/HESSO/MSc_ElE/TSM_EmbHardw/Labs/Lab_04/mse_demo/software/sobel_bsp/\libhal_bsp.a(alt_sbrk.o)
 .data          0x000000000001135c        0x0 C:/Users/nicis/HESSO/MSc_ElE/TSM_EmbHardw/Labs/Lab_04/mse_demo/software/sobel_bsp/\libhal_bsp.a(alt_uncached_free.o)
 .data          0x000000000001135c        0x0 C:/Users/nicis/HESSO/MSc_ElE/TSM_EmbHardw/Labs/Lab_04/mse_demo/software/sobel_bsp/\libhal_bsp.a(alt_uncached_malloc.o)
 .data          0x000000000001135c        0x0 C:/Users/nicis/HESSO/MSc_ElE/TSM_EmbHardw/Labs/Lab_04/mse_demo/software/sobel_bsp/\libhal_bsp.a(alt_usleep.o)
 .data          0x000000000001135c        0x0 C:/Users/nicis/HESSO/MSc_ElE/TSM_EmbHardw/Labs/Lab_04/mse_demo/software/sobel_bsp/\libhal_bsp.a(alt_write.o)
 .data          0x000000000001135c     0x1060 C:/Users/nicis/HESSO/MSc_ElE/TSM_EmbHardw/Labs/Lab_04/mse_demo/software/sobel_bsp/\libhal_bsp.a(alt_sys_init.o)
 .data          0x00000000000123bc        0x0 C:/Users/nicis/HESSO/MSc_ElE/TSM_EmbHardw/Labs/Lab_04/mse_demo/software/sobel_bsp/\libhal_bsp.a(altera_avalon_jtag_uart_fd.o)
 .data          0x00000000000123bc        0x0 C:/Users/nicis/HESSO/MSc_ElE/TSM_EmbHardw/Labs/Lab_04/mse_demo/software/sobel_bsp/\libhal_bsp.a(altera_avalon_jtag_uart_init.o)
 .data          0x00000000000123bc        0x0 C:/Users/nicis/HESSO/MSc_ElE/TSM_EmbHardw/Labs/Lab_04/mse_demo/software/sobel_bsp/\libhal_bsp.a(altera_avalon_jtag_uart_ioctl.o)
 .data          0x00000000000123bc        0x0 C:/Users/nicis/HESSO/MSc_ElE/TSM_EmbHardw/Labs/Lab_04/mse_demo/software/sobel_bsp/\libhal_bsp.a(altera_avalon_jtag_uart_read.o)
 .data          0x00000000000123bc        0x0 C:/Users/nicis/HESSO/MSc_ElE/TSM_EmbHardw/Labs/Lab_04/mse_demo/software/sobel_bsp/\libhal_bsp.a(altera_avalon_jtag_uart_write.o)
 .data          0x00000000000123bc        0x0 C:/Users/nicis/HESSO/MSc_ElE/TSM_EmbHardw/Labs/Lab_04/mse_demo/software/sobel_bsp/\libhal_bsp.a(altera_avalon_timer_sc.o)
 .data          0x00000000000123bc        0x0 C:/Users/nicis/HESSO/MSc_ElE/TSM_EmbHardw/Labs/Lab_04/mse_demo/software/sobel_bsp/\libhal_bsp.a(altera_avalon_timer_ts.o)
 .data          0x00000000000123bc        0x0 C:/Users/nicis/HESSO/MSc_ElE/TSM_EmbHardw/Labs/Lab_04/mse_demo/software/sobel_bsp/\libhal_bsp.a(altera_avalon_timer_vars.o)
 .data          0x00000000000123bc        0x0 C:/Users/nicis/HESSO/MSc_ElE/TSM_EmbHardw/Labs/Lab_04/mse_demo/software/sobel_bsp/\libhal_bsp.a(alt_alarm_start.o)
 .data          0x00000000000123bc        0x0 C:/Users/nicis/HESSO/MSc_ElE/TSM_EmbHardw/Labs/Lab_04/mse_demo/software/sobel_bsp/\libhal_bsp.a(alt_busy_sleep.o)
 .data          0x00000000000123bc        0x0 C:/Users/nicis/HESSO/MSc_ElE/TSM_EmbHardw/Labs/Lab_04/mse_demo/software/sobel_bsp/\libhal_bsp.a(alt_dcache_flush.o)
 .data          0x00000000000123bc        0x0 C:/Users/nicis/HESSO/MSc_ElE/TSM_EmbHardw/Labs/Lab_04/mse_demo/software/sobel_bsp/\libhal_bsp.a(alt_dcache_flush_all.o)
 .data          0x00000000000123bc        0x0 C:/Users/nicis/HESSO/MSc_ElE/TSM_EmbHardw/Labs/Lab_04/mse_demo/software/sobel_bsp/\libhal_bsp.a(alt_dev_llist_insert.o)
 .data          0x00000000000123bc        0x0 C:/Users/nicis/HESSO/MSc_ElE/TSM_EmbHardw/Labs/Lab_04/mse_demo/software/sobel_bsp/\libhal_bsp.a(alt_do_ctors.o)
 .data          0x00000000000123bc        0x0 C:/Users/nicis/HESSO/MSc_ElE/TSM_EmbHardw/Labs/Lab_04/mse_demo/software/sobel_bsp/\libhal_bsp.a(alt_do_dtors.o)
 .data          0x00000000000123bc        0x0 C:/Users/nicis/HESSO/MSc_ElE/TSM_EmbHardw/Labs/Lab_04/mse_demo/software/sobel_bsp/\libhal_bsp.a(alt_icache_flush_all.o)
 .data          0x00000000000123bc        0x0 C:/Users/nicis/HESSO/MSc_ElE/TSM_EmbHardw/Labs/Lab_04/mse_demo/software/sobel_bsp/\libhal_bsp.a(alt_iic.o)
 .data          0x00000000000123bc        0x0 C:/Users/nicis/HESSO/MSc_ElE/TSM_EmbHardw/Labs/Lab_04/mse_demo/software/sobel_bsp/\libhal_bsp.a(alt_iic_isr_register.o)
 .data          0x00000000000123bc        0x0 C:/Users/nicis/HESSO/MSc_ElE/TSM_EmbHardw/Labs/Lab_04/mse_demo/software/sobel_bsp/\libhal_bsp.a(alt_io_redirect.o)
 .data          0x00000000000123bc        0x0 C:/Users/nicis/HESSO/MSc_ElE/TSM_EmbHardw/Labs/Lab_04/mse_demo/software/sobel_bsp/\libhal_bsp.a(alt_irq_entry.o)
 .data          0x00000000000123bc        0x0 C:/Users/nicis/HESSO/MSc_ElE/TSM_EmbHardw/Labs/Lab_04/mse_demo/software/sobel_bsp/\libhal_bsp.a(alt_irq_handler.o)
 .data          0x00000000000123bc        0x0 C:/Users/nicis/HESSO/MSc_ElE/TSM_EmbHardw/Labs/Lab_04/mse_demo/software/sobel_bsp/\libhal_bsp.a(alt_irq_vars.o)
 .data          0x00000000000123bc        0x0 C:/Users/nicis/HESSO/MSc_ElE/TSM_EmbHardw/Labs/Lab_04/mse_demo/software/sobel_bsp/\libhal_bsp.a(alt_open.o)
 .data          0x00000000000123bc        0x0 C:/Users/nicis/HESSO/MSc_ElE/TSM_EmbHardw/Labs/Lab_04/mse_demo/software/sobel_bsp/\libhal_bsp.a(alt_tick.o)
 .data          0x00000000000123bc        0x0 C:/Users/nicis/HESSO/MSc_ElE/TSM_EmbHardw/Labs/Lab_04/mse_demo/software/sobel_bsp/\libhal_bsp.a(altera_nios2_gen2_irq.o)
 .data          0x00000000000123bc        0x0 C:/Users/nicis/HESSO/MSc_ElE/TSM_EmbHardw/Labs/Lab_04/mse_demo/software/sobel_bsp/\libhal_bsp.a(alt_exception_entry.o)
 .data          0x00000000000123bc        0x0 C:/Users/nicis/HESSO/MSc_ElE/TSM_EmbHardw/Labs/Lab_04/mse_demo/software/sobel_bsp/\libhal_bsp.a(alt_find_dev.o)
 .data          0x00000000000123bc        0x0 C:/Users/nicis/HESSO/MSc_ElE/TSM_EmbHardw/Labs/Lab_04/mse_demo/software/sobel_bsp/\libhal_bsp.a(alt_find_file.o)
 .data          0x00000000000123bc        0x0 C:/Users/nicis/HESSO/MSc_ElE/TSM_EmbHardw/Labs/Lab_04/mse_demo/software/sobel_bsp/\libhal_bsp.a(alt_get_fd.o)
 .data          0x00000000000123bc        0x0 C:/Users/nicis/HESSO/MSc_ElE/TSM_EmbHardw/Labs/Lab_04/mse_demo/software/sobel_bsp/\libhal_bsp.a(alt_icache_flush.o)
 .data          0x00000000000123bc        0x0 C:/Users/nicis/HESSO/MSc_ElE/TSM_EmbHardw/Labs/Lab_04/mse_demo/software/sobel_bsp/\libhal_bsp.a(alt_instruction_exception_entry.o)
 .data          0x00000000000123bc        0x0 c:/intelfpga_lite/18.1/nios2eds/bin/gnu/h-x86_64-mingw32/bin/../lib/gcc/nios2-elf/5.3.0/../../../../../H-x86_64-mingw32/nios2-elf/lib\libc.a(lib_a-atexit.o)
 .data          0x00000000000123bc        0x0 c:/intelfpga_lite/18.1/nios2eds/bin/gnu/h-x86_64-mingw32/bin/../lib/gcc/nios2-elf/5.3.0/../../../../../H-x86_64-mingw32/nios2-elf/lib\libc.a(lib_a-exit.o)
 .data          0x00000000000123bc        0x0 c:/intelfpga_lite/18.1/nios2eds/bin/gnu/h-x86_64-mingw32/bin/../lib/gcc/nios2-elf/5.3.0/../../../../../H-x86_64-mingw32/nios2-elf/lib\libc.a(lib_a-malign.o)
 .data          0x00000000000123bc        0x0 c:/intelfpga_lite/18.1/nios2eds/bin/gnu/h-x86_64-mingw32/bin/../lib/gcc/nios2-elf/5.3.0/../../../../../H-x86_64-mingw32/nios2-elf/lib\libc.a(lib_a-malignr.o)
 .data          0x00000000000123bc        0x0 c:/intelfpga_lite/18.1/nios2eds/bin/gnu/h-x86_64-mingw32/bin/../lib/gcc/nios2-elf/5.3.0/../../../../../H-x86_64-mingw32/nios2-elf/lib\libc.a(lib_a-memcmp.o)
 .data          0x00000000000123bc        0x0 c:/intelfpga_lite/18.1/nios2eds/bin/gnu/h-x86_64-mingw32/bin/../lib/gcc/nios2-elf/5.3.0/../../../../../H-x86_64-mingw32/nios2-elf/lib\libc.a(lib_a-__atexit.o)
 .data          0x00000000000123bc        0x0 c:/intelfpga_lite/18.1/nios2eds/bin/gnu/h-x86_64-mingw32/bin/../lib/gcc/nios2-elf/5.3.0/../../../../../H-x86_64-mingw32/nios2-elf/lib\libc.a(lib_a-__call_atexit.o)
 .data          0x00000000000123bc        0x0 C:/Users/nicis/HESSO/MSc_ElE/TSM_EmbHardw/Labs/Lab_04/mse_demo/software/sobel_bsp/\libhal_bsp.a(alt_exit.o)
                0x000000000001a3bc                _gp = ABSOLUTE ((. + 0x8000))
                [!provide]                        PROVIDE (gp, _gp)
 *(.rwdata .rwdata.*)
 *(.sdata .sdata.* .gnu.linkonce.s.*)
 .sdata         0x00000000000123bc        0x8 obj/default/sobel.o
                0x00000000000123bc                pgy_array
                0x00000000000123c0                pgx_array
 .sdata.__malloc_sbrk_base
                0x00000000000123c4        0x4 c:/intelfpga_lite/18.1/nios2eds/bin/gnu/h-x86_64-mingw32/bin/../lib/gcc/nios2-elf/5.3.0/../../../../../H-x86_64-mingw32/nios2-elf/lib\libc.a(lib_a-mallocr.o)
                0x00000000000123c4                __malloc_sbrk_base
 .sdata.__malloc_trim_threshold
                0x00000000000123c8        0x4 c:/intelfpga_lite/18.1/nios2eds/bin/gnu/h-x86_64-mingw32/bin/../lib/gcc/nios2-elf/5.3.0/../../../../../H-x86_64-mingw32/nios2-elf/lib\libc.a(lib_a-mallocr.o)
                0x00000000000123c8                __malloc_trim_threshold
 .sdata._global_impure_ptr
                0x00000000000123cc        0x4 c:/intelfpga_lite/18.1/nios2eds/bin/gnu/h-x86_64-mingw32/bin/../lib/gcc/nios2-elf/5.3.0/../../../../../H-x86_64-mingw32/nios2-elf/lib\libc.a(lib_a-impure.o)
                0x00000000000123cc                _global_impure_ptr
 .sdata._impure_ptr